# $FreeBSD$
backward/algo.h			backward/algo.h
backward/algobase.h		backward/algobase.h
backward/alloc.h		backward/alloc.h
backward/backward_warning.h	backward/backward_warning.h
backward/bvector.h		backward/bvector.h
backward/complex.h		backward/complex.h
backward/defalloc.h		backward/defalloc.h
backward/deque.h		backward/deque.h
backward/fstream.h		backward/fstream.h
backward/function.h		backward/function.h
backward/hash_map.h		backward/hash_map.h
backward/hash_set.h		backward/hash_set.h
backward/hashtable.h		backward/hashtable.h
backward/heap.h			backward/heap.h
backward/iomanip.h		backward/iomanip.h
backward/iostream.h		backward/iostream.h
backward/istream.h		backward/istream.h
backward/iterator.h		backward/iterator.h
backward/list.h			backward/list.h
backward/map.h			backward/map.h
backward/multimap.h		backward/multimap.h
backward/multiset.h		backward/multiset.h
backward/new.h			backward/new.h
backward/ostream.h		backward/ostream.h
backward/pair.h			backward/pair.h
backward/queue.h		backward/queue.h
backward/rope.h			backward/rope.h
backward/set.h			backward/set.h
backward/slist.h		backward/slist.h
backward/stack.h		backward/stack.h
backward/stream.h		backward/stream.h
backward/streambuf.h		backward/streambuf.h
backward/strstream		backward/strstream
backward/strstream.h		backward/strstream.h
backward/tempbuf.h		backward/tempbuf.h
backward/tree.h			backward/tree.h
backward/vector.h		backward/vector.h
bits/basic_ios.h		bits/basic_ios.h
bits/basic_ios.tcc		bits/basic_ios.tcc
bits/basic_string.h		bits/basic_string.h
bits/basic_string.tcc		bits/basic_string.tcc
bits/boost_concept_check.h	bits/boost_concept_check.h
bits/char_traits.h		bits/char_traits.h
bits/codecvt.h			bits/codecvt.h
bits/concept_check.h		bits/concept_check.h
bits/cpp_type_traits.h		bits/cpp_type_traits.h
bits/fpos.h			bits/fpos.h
bits/fstream.tcc		bits/fstream.tcc
bits/functexcept.h		bits/functexcept.h
bits/generic_shadow.h		bits/generic_shadow.h
bits/gslice.h			bits/gslice.h
bits/gslice_array.h		bits/gslice_array.h
bits/indirect_array.h		bits/indirect_array.h
bits/ios_base.h			bits/ios_base.h
bits/istream.tcc		bits/istream.tcc
bits/locale_facets.h		bits/locale_facets.h
bits/locale_facets.tcc		bits/locale_facets.tcc
bits/localefwd.h		bits/localefwd.h
bits/mask_array.h		bits/mask_array.h
bits/ostream.tcc		bits/ostream.tcc
bits/pthread_allocimpl.h	bits/pthread_allocimpl.h
bits/slice.h			bits/slice.h
bits/slice_array.h		bits/slice_array.h
bits/sstream.tcc		bits/sstream.tcc
bits/stl_algo.h			bits/stl_algo.h
bits/stl_algobase.h		bits/stl_algobase.h
bits/stl_alloc.h		bits/stl_alloc.h
bits/stl_bvector.h		bits/stl_bvector.h
bits/stl_construct.h		bits/stl_construct.h
bits/stl_deque.h		bits/stl_deque.h
bits/stl_function.h		bits/stl_function.h
bits/stl_heap.h			bits/stl_heap.h
bits/stl_iterator.h		bits/stl_iterator.h
bits/stl_iterator_base_funcs.h	bits/stl_iterator_base_funcs.h
bits/stl_iterator_base_types.h	bits/stl_iterator_base_types.h
bits/stl_list.h			bits/stl_list.h
bits/stl_map.h			bits/stl_map.h
bits/stl_multimap.h		bits/stl_multimap.h
bits/stl_multiset.h		bits/stl_multiset.h
bits/stl_numeric.h		bits/stl_numeric.h
bits/stl_pair.h			bits/stl_pair.h
bits/stl_pthread_alloc.h	bits/stl_pthread_alloc.h
bits/stl_queue.h		bits/stl_queue.h
bits/stl_raw_storage_iter.h	bits/stl_raw_storage_iter.h
bits/stl_relops.h		bits/stl_relops.h
bits/stl_set.h			bits/stl_set.h
bits/stl_stack.h		bits/stl_stack.h
bits/stl_tempbuf.h		bits/stl_tempbuf.h
bits/stl_threads.h		bits/stl_threads.h
bits/stl_tree.h			bits/stl_tree.h
bits/stl_uninitialized.h	bits/stl_uninitialized.h
bits/stl_vector.h		bits/stl_vector.h
bits/stream_iterator.h		bits/stream_iterator.h
bits/streambuf.tcc		bits/streambuf.tcc
bits/streambuf_iterator.h	bits/streambuf_iterator.h
bits/stringfwd.h		bits/stringfwd.h
bits/type_traits.h		bits/type_traits.h
bits/valarray_array.h		bits/valarray_array.h
bits/valarray_array.tcc		bits/valarray_array.tcc
bits/valarray_meta.h		bits/valarray_meta.h
c_std/cmath.tcc			bits/cmath.tcc
c_std/std_cassert.h		cassert
c_std/std_cctype.h		cctype
c_std/std_cerrno.h		cerrno
c_std/std_cfloat.h		cfloat
c_std/std_ciso646.h		ciso646
c_std/std_climits.h		climits
c_std/std_clocale.h		clocale
c_std/std_cmath.h		cmath
c_std/std_csetjmp.h		csetjmp
c_std/std_csignal.h		csignal
c_std/std_cstdarg.h		cstdarg
c_std/std_cstddef.h		cstddef
c_std/std_cstdio.h		cstdio
c_std/std_cstdlib.h		cstdlib
c_std/std_cstring.h		cstring
c_std/std_ctime.h		ctime
c_std/std_cwchar.h		cwchar
c_std/std_cwctype.h		cwctype
ext/algorithm			ext/algorithm
ext/enc_filebuf.h		ext/enc_filebuf.h
ext/functional			ext/functional
ext/hash_map			ext/hash_map
ext/hash_set			ext/hash_set
ext/iterator			ext/iterator
ext/memory			ext/memory
ext/numeric			ext/numeric
ext/rb_tree			ext/rb_tree
ext/rope			ext/rope
ext/ropeimpl.h			ext/ropeimpl.h
ext/slist			ext/slist
ext/stdio_filebuf.h		ext/stdio_filebuf.h
ext/stl_hash_fun.h		ext/stl_hash_fun.h
ext/stl_hashtable.h		ext/stl_hashtable.h
ext/stl_rope.h			ext/stl_rope.h
std/std_algorithm.h		algorithm
std/std_bitset.h		bitset
std/std_complex.h		complex
std/std_deque.h			deque
std/std_fstream.h		fstream
std/std_functional.h		functional
std/std_iomanip.h		iomanip
std/std_ios.h			ios
std/std_iosfwd.h		iosfwd
std/std_iostream.h		iostream
std/std_istream.h		istream
std/std_iterator.h		iterator
std/std_limits.h		limits
std/std_list.h			list
std/std_locale.h		locale
std/std_map.h			map
std/std_memory.h		memory
std/std_numeric.h		numeric
std/std_ostream.h		ostream
std/std_queue.h			queue
std/std_set.h			set
std/std_sstream.h		sstream
std/std_stack.h			stack
std/std_stdexcept.h		stdexcept
std/std_streambuf.h		streambuf
std/std_string.h		string
std/std_utility.h		utility
std/std_valarray.h		valarray
std/std_vector.h		vector
