HIDDEN { local: __*; _rest*; _save*; *; };
pkinit_0_MIT {
	global:
		clpreauth_pkinit_initvt;
		kdcpreauth_pkinit_initvt;
		catype2string;
		client_create_dh;
		client_process_dh;
		cms_contentinfo_create;
		cms_sha1_id;
		cms_sha256_id;
		cms_sha384_id;
		cms_sha512_id;
		cms_signeddata_create;
		cms_signeddata_verify;
		create_issuerAndSerial;
		create_krb5_supportedCMSTypes;
		create_krb5_trustedCertifiers;
		crypto_cert_free_matching_data;
		crypto_cert_free_matching_data_list;
		crypto_cert_get_matching_data;
		crypto_cert_select;
		crypto_cert_select_default;
		crypto_check_cert_eku;
		crypto_encode_der_cert;
		crypto_free_cert_info;
		crypto_generate_checksums;
		crypto_get_deferred_ids;
		crypto_load_cas_and_crls;
		crypto_load_certs;
		crypto_req_cert_matching_data;
		crypto_retrieve_cert_sans;
		crypto_retrieve_signer_identity;
		crypto_set_deferred_id;
		crypto_verify_checksums;
		dh_oid;
		ec_oid;
		ec_p256;
		ec_p384;
		ec_p521;
		ecdsaWithSha1_id;
		ecdsaWithSha256_id;
		ecdsaWithSha384_id;
		ecdsaWithSha512_id;
		eku_keywords;
		free_krb5_algorithm_identifier;
		free_krb5_algorithm_identifiers;
		free_krb5_auth_pack;
		free_krb5_external_principal_identifier;
		free_krb5_kdc_dh_key_info;
		free_krb5_pa_pk_as_rep;
		free_krb5_pa_pk_as_req;
		free_krb5_reply_key_pack;
		free_pachecksum2;
		idtype2string;
		init_krb5_pa_pk_as_rep;
		init_krb5_pa_pk_as_req;
		init_krb5_reply_key_pack;
		k5int_decode_krb5_auth_pack;
		k5int_decode_krb5_kdc_dh_key_info;
		k5int_decode_krb5_pa_pk_as_rep;
		k5int_decode_krb5_pa_pk_as_req;
		k5int_decode_krb5_principal_name;
		k5int_decode_krb5_reply_key_pack;
		k5int_decode_krb5_td_dh_parameters;
		k5int_decode_krb5_td_trusted_certifiers;
		k5int_encode_krb5_auth_pack;
		k5int_encode_krb5_kdc_dh_key_info;
		k5int_encode_krb5_kdc_req_body;
		k5int_encode_krb5_pa_pk_as_rep;
		k5int_encode_krb5_pa_pk_as_req;
		k5int_encode_krb5_reply_key_pack;
		k5int_encode_krb5_td_dh_parameters;
		k5int_encode_krb5_td_trusted_certifiers;
		k5int_krb5_free_kdc_req;
		k5int_set_prompt_types;
		kdf_sha1_id;
		kdf_sha256_id;
		kdf_sha512_id;
		ku_keywords;
		matching_keywords;
		oakley_1024;
		oakley_2048;
		oakley_4096;
		parse_dh_min_bits;
		pkinit_accessor_init;
		pkinit_cert_matching;
		pkinit_check_kdc_pkid;
		pkinit_client_cert_match;
		pkinit_copy_krb5_data;
		pkinit_create_td_dh_parameters;
		pkinit_create_td_invalid_certificate;
		pkinit_create_td_trusted_certifiers;
		pkinit_dup_identity_opts;
		pkinit_find_deferred_id;
		pkinit_fini_identity_crypto;
		pkinit_fini_identity_opts;
		pkinit_fini_plg_crypto;
		pkinit_fini_plg_opts;
		pkinit_fini_req_crypto;
		pkinit_fini_req_opts;
		pkinit_free_deferred_ids;
		pkinit_get_deferred_id_flags;
		pkinit_get_kdc_cert;
		pkinit_identity_initialize;
		pkinit_identity_prompt;
		pkinit_identity_set_prompter;
		pkinit_init_identity_crypto;
		pkinit_init_identity_opts;
		pkinit_init_plg_crypto;
		pkinit_init_plg_opts;
		pkinit_init_req_crypto;
		pkinit_init_req_opts;
		pkinit_kdcdefault_boolean;
		pkinit_kdcdefault_integer;
		pkinit_kdcdefault_string;
		pkinit_kdcdefault_strings;
		pkinit_kdf;
		pkinit_libdefault_boolean;
		pkinit_libdefault_integer;
		pkinit_libdefault_string;
		pkinit_libdefault_strings;
		pkinit_process_td_dh_params;
		pkinit_process_td_trusted_certifiers;
		pkinit_set_deferred_id;
		print_buffer;
		print_buffer_bin;
		server_check_dh;
		server_process_dh;
		sha256WithRSAEncr_id;
		sha512WithRSAEncr_id;
		supported_cms_algs;
		supported_kdf_alg_ids;
};
