profile_1_MIT {
	global:
		et_prof_error_table;
		initialize_prof_error_table;
		profile_abandon;
		profile_add_node;
		profile_add_relation;
		profile_clear_relation;
		profile_close_file;
		profile_copy;
		profile_create_node;
		profile_dereference_data;
		profile_dereference_data_locked;
		profile_file_is_writable;
		profile_find_node;
		profile_find_node_relation;
		profile_find_node_subsection;
		profile_flush;
		profile_flush_file_data;
		profile_flush_file_data_to_buffer;
		profile_flush_file_data_to_file;
		profile_flush_to_buffer;
		profile_flush_to_file;
		profile_free_buffer;
		profile_free_file;
		profile_free_list;
		profile_free_node;
		profile_get_boolean;
		profile_get_integer;
		profile_get_node_name;
		profile_get_node_parent;
		profile_get_node_value;
		profile_get_relation_names;
		profile_get_string;
		profile_get_subsection_names;
		profile_get_value;
		profile_get_values;
		profile_init;
		profile_init_flags;
		profile_init_path;
		profile_init_vtable;
		profile_is_modified;
		profile_is_node_final;
		profile_is_writable;
		profile_iterator;
		profile_iterator_create;
		profile_iterator_free;
		profile_lock_global;
		profile_make_node_final;
		profile_make_prf_data;
		profile_node_iterator;
		profile_node_iterator_create;
		profile_node_iterator_free;
		profile_open_file;
		profile_parse_file;
		profile_process_directory;
		profile_release;
		profile_release_string;
		profile_remove_node;
		profile_rename_node;
		profile_rename_section;
		profile_ser_externalize;
		profile_ser_internalize;
		profile_ser_size;
		profile_set_relation_value;
		profile_unlock_global;
		profile_update_file_data;
		profile_update_file_data_locked;
		profile_update_relation;
		profile_verify_node;
		profile_write_tree_file;
		profile_write_tree_to_buffer;
};
HIDDEN { local: __*; _rest*; _save*; *; };
