This file contains any messages produced by compilers while
running configure, to aid debugging if configure makes a mistake.

It was created by bmake configure 20251111, which was
generated by GNU Autoconf 2.72.  Invocation command line was

  $ /mnt/d/Github_Projects/freebsd-src/contrib/bmake/configure --with-default-sys-path=.../share/mk:/home/aakash/obj/bmake-install/share/mk --with-machine=amd64 --without-filemon --prefix=/home/aakash/obj/bmake-install --with-mksrc=/mnt/d/Github_Projects/freebsd-src/contrib/bmake/mk

## --------- ##
## Platform. ##
## --------- ##

hostname = DESKTOP-UVIULNA
uname -m = x86_64
uname -r = 6.6.87.2-microsoft-standard-WSL2
uname -s = Linux
uname -v = #1 SMP PREEMPT_DYNAMIC Thu Jun  5 18:30:46 UTC 2025

/usr/bin/uname -p = unknown
/bin/uname -X     = unknown

/bin/arch              = x86_64
/usr/bin/arch -k       = unknown
/usr/convex/getsysinfo = unknown
/usr/bin/hostinfo      = unknown
/bin/machine           = unknown
/usr/bin/oslevel       = unknown
/bin/universe          = unknown

PATH: /usr/local/sbin/
PATH: /usr/local/bin/
PATH: /usr/sbin/
PATH: /usr/bin/
PATH: /sbin/
PATH: /bin/
PATH: /usr/games/
PATH: /usr/local/games/
PATH: /usr/lib/wsl/lib/
PATH: /mnt/c/Python314/Scripts/
PATH: /mnt/c/Python314/
PATH: /mnt/c/Program Files/Java/jdk-21/bin/
PATH: /mnt/c/Program Files/Common Files/Oracle/Java/javapath/
PATH: /mnt/c/Program Files (x86)/Common Files/Oracle/Java/java8path/
PATH: /mnt/c/Program Files (x86)/Common Files/Oracle/Java/javapath/
PATH: /mnt/c/windows/system32/
PATH: /mnt/c/windows/
PATH: /mnt/c/windows/System32/Wbem/
PATH: /mnt/c/windows/System32/WindowsPowerShell/v1.0/
PATH: /mnt/c/windows/System32/OpenSSH/
PATH: /mnt/c/Program Files/nodejs/
PATH: /mnt/c/ProgramData/chocolatey/bin/
PATH: /mnt/c/Program Files/Git/cmd/
PATH: /mnt/c/Program Files (x86)/Go/bin/
PATH: /mnt/c/ProgramData/chocolatey/lib/maven/apache-maven-3.9.12/bin/
PATH: /mnt/c/Program Files/Pandoc/
PATH: /mnt/c/Users/ELCOT/.local/bin/
PATH: /mnt/c/Program Files/MySQL/MySQL Shell 8.0/bin/
PATH: /mnt/c/Users/ELCOT/AppData/Local/Microsoft/WindowsApps/
PATH: /mnt/c/Users/ELCOT/AppData/Local/Programs/Microsoft VS Code/bin/
PATH: /mnt/c/Users/ELCOT/AppData/Roaming/npm/
PATH: /mnt/c/Users/ELCOT/AppData/Local/Programs/Antigravity/bin/
PATH: /mnt/c/Users/ELCOT/AppData/Local/GitHubDesktop/bin/
PATH: /mnt/c/Users/ELCOT/go/bin/


## ----------- ##
## Core tests. ##
## ----------- ##

configure:2613: looking for aux files: install-sh
configure:2626:  trying /mnt/d/Github_Projects/freebsd-src/contrib/bmake/
configure:2637:   /mnt/d/Github_Projects/freebsd-src/contrib/bmake/install-sh found
configure:3043: checking for gcc
configure:3064: found /usr/bin/gcc
configure:3076: result: gcc
configure:3435: checking for C compiler version
configure:3444: gcc --version >&5
gcc (Debian 14.2.0-19) 14.2.0
Copyright (C) 2024 Free Software Foundation, Inc.
This is free software; see the source for copying conditions.  There is NO
warranty; not even for MERCHANTABILITY or FITNESS FOR A PARTICULAR PURPOSE.

configure:3455: $? = 0
configure:3444: gcc -v >&5
Using built-in specs.
COLLECT_GCC=gcc
COLLECT_LTO_WRAPPER=/usr/libexec/gcc/x86_64-linux-gnu/14/lto-wrapper
OFFLOAD_TARGET_NAMES=nvptx-none:amdgcn-amdhsa
OFFLOAD_TARGET_DEFAULT=1
Target: x86_64-linux-gnu
Configured with: ../src/configure -v --with-pkgversion='Debian 14.2.0-19' --with-bugurl=file:///usr/share/doc/gcc-14/README.Bugs --enable-languages=c,ada,c++,go,d,fortran,objc,obj-c++,m2,rust --prefix=/usr --with-gcc-major-version-only --program-suffix=-14 --program-prefix=x86_64-linux-gnu- --enable-shared --enable-linker-build-id --libexecdir=/usr/libexec --without-included-gettext --enable-threads=posix --libdir=/usr/lib --enable-nls --enable-bootstrap --enable-clocale=gnu --enable-libstdcxx-debug --enable-libstdcxx-time=yes --with-default-libstdcxx-abi=new --enable-libstdcxx-backtrace --enable-gnu-unique-object --disable-vtable-verify --enable-plugin --enable-default-pie --with-system-zlib --enable-libphobos-checking=release --with-target-system-zlib=auto --enable-objc-gc=auto --enable-multiarch --disable-werror --enable-cet --with-arch-32=i686 --with-abi=m64 --with-multilib-list=m32,m64,mx32 --enable-multilib --with-tune=generic --enable-offload-targets=nvptx-none=/build/reproducible-path/gcc-14-14.2.0/debian/tmp-nvptx/usr,amdgcn-amdhsa=/build/reproducible-path/gcc-14-14.2.0/debian/tmp-gcn/usr --enable-offload-defaulted --without-cuda-driver --enable-checking=release --build=x86_64-linux-gnu --host=x86_64-linux-gnu --target=x86_64-linux-gnu --with-build-config=bootstrap-lto-lean --enable-link-serialization=3
Thread model: posix
Supported LTO compression algorithms: zlib zstd
gcc version 14.2.0 (Debian 14.2.0-19) 
... rest of stderr output deleted ...
configure:3455: $? = 0
configure:3444: gcc -V >&5
gcc: error: unrecognized command-line option '-V'
gcc: fatal error: no input files
compilation terminated.
configure:3455: $? = 1
configure:3444: gcc -qversion >&5
gcc: error: unrecognized command-line option '-qversion'; did you mean '--version'?
gcc: fatal error: no input files
compilation terminated.
configure:3455: $? = 1
configure:3444: gcc -version >&5
gcc: error: unrecognized command-line option '-version'
gcc: fatal error: no input files
compilation terminated.
configure:3455: $? = 1
configure:3475: checking whether the C compiler works
configure:3497: gcc    conftest.c  >&5
configure:3501: $? = 0
configure:3552: result: yes
configure:3556: checking for C compiler default output file name
configure:3558: result: a.out
configure:3564: checking for suffix of executables
configure:3571: gcc -o conftest    conftest.c  >&5
configure:3575: $? = 0
configure:3599: result: 
configure:3623: checking whether we are cross compiling
configure:3631: gcc -o conftest    conftest.c  >&5
configure:3635: $? = 0
configure:3642: ./conftest
configure:3646: $? = 0
configure:3661: result: no
configure:3667: checking for suffix of object files
configure:3690: gcc -c   conftest.c >&5
configure:3694: $? = 0
configure:3718: result: o
configure:3722: checking whether the compiler supports GNU C
configure:3742: gcc -c   conftest.c >&5
configure:3742: $? = 0
configure:3754: result: yes
configure:3765: checking whether gcc accepts -g
configure:3786: gcc -c -g  conftest.c >&5
configure:3786: $? = 0
configure:3833: result: yes
configure:3853: checking for gcc option to enable C11 features
configure:3868: gcc  -c -g -O2  conftest.c >&5
configure:3868: $? = 0
configure:3887: result: none needed
configure:4010: checking for stdio.h
configure:4010: gcc -c -g -O2  conftest.c >&5
configure:4010: $? = 0
configure:4010: result: yes
configure:4010: checking for stdlib.h
configure:4010: gcc -c -g -O2  conftest.c >&5
configure:4010: $? = 0
configure:4010: result: yes
configure:4010: checking for string.h
configure:4010: gcc -c -g -O2  conftest.c >&5
configure:4010: $? = 0
configure:4010: result: yes
configure:4010: checking for inttypes.h
configure:4010: gcc -c -g -O2  conftest.c >&5
configure:4010: $? = 0
configure:4010: result: yes
configure:4010: checking for stdint.h
configure:4010: gcc -c -g -O2  conftest.c >&5
configure:4010: $? = 0
configure:4010: result: yes
configure:4010: checking for strings.h
configure:4010: gcc -c -g -O2  conftest.c >&5
configure:4010: $? = 0
configure:4010: result: yes
configure:4010: checking for sys/stat.h
configure:4010: gcc -c -g -O2  conftest.c >&5
configure:4010: $? = 0
configure:4010: result: yes
configure:4010: checking for sys/types.h
configure:4010: gcc -c -g -O2  conftest.c >&5
configure:4010: $? = 0
configure:4010: result: yes
configure:4010: checking for unistd.h
configure:4010: gcc -c -g -O2  conftest.c >&5
configure:4010: $? = 0
configure:4010: result: yes
configure:4010: checking for wchar.h
configure:4010: gcc -c -g -O2  conftest.c >&5
configure:4010: $? = 0
configure:4010: result: yes
configure:4010: checking for minix/config.h
configure:4010: gcc -c -g -O2  conftest.c >&5
conftest.c:47:10: fatal error: minix/config.h: No such file or directory
   47 | #include <minix/config.h>
      |          ^~~~~~~~~~~~~~~~
compilation terminated.
configure:4010: $? = 1
configure: failed program was:
| /* confdefs.h */
| #define PACKAGE_NAME "bmake"
| #define PACKAGE_TARNAME "bmake"
| #define PACKAGE_VERSION "20251111"
| #define PACKAGE_STRING "bmake 20251111"
| #define PACKAGE_BUGREPORT "sjg@NetBSD.org"
| #define PACKAGE_URL ""
| #define HAVE_STDIO_H 1
| #define HAVE_STDLIB_H 1
| #define HAVE_STRING_H 1
| #define HAVE_INTTYPES_H 1
| #define HAVE_STDINT_H 1
| #define HAVE_STRINGS_H 1
| #define HAVE_SYS_STAT_H 1
| #define HAVE_SYS_TYPES_H 1
| #define HAVE_UNISTD_H 1
| #define HAVE_WCHAR_H 1
| /* end confdefs.h.  */
| #include <stddef.h>
| #ifdef HAVE_STDIO_H
| # include <stdio.h>
| #endif
| #ifdef HAVE_STDLIB_H
| # include <stdlib.h>
| #endif
| #ifdef HAVE_STRING_H
| # include <string.h>
| #endif
| #ifdef HAVE_INTTYPES_H
| # include <inttypes.h>
| #endif
| #ifdef HAVE_STDINT_H
| # include <stdint.h>
| #endif
| #ifdef HAVE_STRINGS_H
| # include <strings.h>
| #endif
| #ifdef HAVE_SYS_TYPES_H
| # include <sys/types.h>
| #endif
| #ifdef HAVE_SYS_STAT_H
| # include <sys/stat.h>
| #endif
| #ifdef HAVE_UNISTD_H
| # include <unistd.h>
| #endif
| #include <minix/config.h>
configure:4010: result: no
configure:4010: checking for sys/time.h
configure:4010: gcc -c -g -O2  conftest.c >&5
configure:4010: $? = 0
configure:4010: result: yes
configure:4010: checking for vfork.h
configure:4010: gcc -c -g -O2  conftest.c >&5
conftest.c:48:10: fatal error: vfork.h: No such file or directory
   48 | #include <vfork.h>
      |          ^~~~~~~~~
compilation terminated.
configure:4010: $? = 1
configure: failed program was:
| /* confdefs.h */
| #define PACKAGE_NAME "bmake"
| #define PACKAGE_TARNAME "bmake"
| #define PACKAGE_VERSION "20251111"
| #define PACKAGE_STRING "bmake 20251111"
| #define PACKAGE_BUGREPORT "sjg@NetBSD.org"
| #define PACKAGE_URL ""
| #define HAVE_STDIO_H 1
| #define HAVE_STDLIB_H 1
| #define HAVE_STRING_H 1
| #define HAVE_INTTYPES_H 1
| #define HAVE_STDINT_H 1
| #define HAVE_STRINGS_H 1
| #define HAVE_SYS_STAT_H 1
| #define HAVE_SYS_TYPES_H 1
| #define HAVE_UNISTD_H 1
| #define HAVE_WCHAR_H 1
| #define HAVE_SYS_TIME_H 1
| /* end confdefs.h.  */
| #include <stddef.h>
| #ifdef HAVE_STDIO_H
| # include <stdio.h>
| #endif
| #ifdef HAVE_STDLIB_H
| # include <stdlib.h>
| #endif
| #ifdef HAVE_STRING_H
| # include <string.h>
| #endif
| #ifdef HAVE_INTTYPES_H
| # include <inttypes.h>
| #endif
| #ifdef HAVE_STDINT_H
| # include <stdint.h>
| #endif
| #ifdef HAVE_STRINGS_H
| # include <strings.h>
| #endif
| #ifdef HAVE_SYS_TYPES_H
| # include <sys/types.h>
| #endif
| #ifdef HAVE_SYS_STAT_H
| # include <sys/stat.h>
| #endif
| #ifdef HAVE_UNISTD_H
| # include <unistd.h>
| #endif
| #include <vfork.h>
configure:4010: result: no
configure:4041: checking whether it is safe to define __EXTENSIONS__
configure:4060: gcc -c -g -O2  conftest.c >&5
configure:4060: $? = 0
configure:4070: result: yes
configure:4073: checking whether _XOPEN_SOURCE should be defined
configure:4095: gcc -c -g -O2  conftest.c >&5
configure:4095: $? = 0
configure:4124: result: no
configure:4237: checking for gcc
configure:4270: result: gcc
configure:4629: checking for C compiler version
configure:4638: gcc --version >&5
gcc (Debian 14.2.0-19) 14.2.0
Copyright (C) 2024 Free Software Foundation, Inc.
This is free software; see the source for copying conditions.  There is NO
warranty; not even for MERCHANTABILITY or FITNESS FOR A PARTICULAR PURPOSE.

configure:4649: $? = 0
configure:4638: gcc -v >&5
Using built-in specs.
COLLECT_GCC=gcc
COLLECT_LTO_WRAPPER=/usr/libexec/gcc/x86_64-linux-gnu/14/lto-wrapper
OFFLOAD_TARGET_NAMES=nvptx-none:amdgcn-amdhsa
OFFLOAD_TARGET_DEFAULT=1
Target: x86_64-linux-gnu
Configured with: ../src/configure -v --with-pkgversion='Debian 14.2.0-19' --with-bugurl=file:///usr/share/doc/gcc-14/README.Bugs --enable-languages=c,ada,c++,go,d,fortran,objc,obj-c++,m2,rust --prefix=/usr --with-gcc-major-version-only --program-suffix=-14 --program-prefix=x86_64-linux-gnu- --enable-shared --enable-linker-build-id --libexecdir=/usr/libexec --without-included-gettext --enable-threads=posix --libdir=/usr/lib --enable-nls --enable-bootstrap --enable-clocale=gnu --enable-libstdcxx-debug --enable-libstdcxx-time=yes --with-default-libstdcxx-abi=new --enable-libstdcxx-backtrace --enable-gnu-unique-object --disable-vtable-verify --enable-plugin --enable-default-pie --with-system-zlib --enable-libphobos-checking=release --with-target-system-zlib=auto --enable-objc-gc=auto --enable-multiarch --disable-werror --enable-cet --with-arch-32=i686 --with-abi=m64 --with-multilib-list=m32,m64,mx32 --enable-multilib --with-tune=generic --enable-offload-targets=nvptx-none=/build/reproducible-path/gcc-14-14.2.0/debian/tmp-nvptx/usr,amdgcn-amdhsa=/build/reproducible-path/gcc-14-14.2.0/debian/tmp-gcn/usr --enable-offload-defaulted --without-cuda-driver --enable-checking=release --build=x86_64-linux-gnu --host=x86_64-linux-gnu --target=x86_64-linux-gnu --with-build-config=bootstrap-lto-lean --enable-link-serialization=3
Thread model: posix
Supported LTO compression algorithms: zlib zstd
gcc version 14.2.0 (Debian 14.2.0-19) 
... rest of stderr output deleted ...
configure:4649: $? = 0
configure:4638: gcc -V >&5
gcc: error: unrecognized command-line option '-V'
gcc: fatal error: no input files
compilation terminated.
configure:4649: $? = 1
configure:4638: gcc -qversion >&5
gcc: error: unrecognized command-line option '-qversion'; did you mean '--version'?
gcc: fatal error: no input files
compilation terminated.
configure:4649: $? = 1
configure:4638: gcc -version >&5
gcc: error: unrecognized command-line option '-version'
gcc: fatal error: no input files
compilation terminated.
configure:4649: $? = 1
configure:4653: checking whether the compiler supports GNU C
configure:4685: result: yes
configure:4696: checking whether gcc accepts -g
configure:4764: result: yes
configure:4784: checking for gcc option to enable C11 features
configure:4818: result: none needed
configure:4952: checking for a BSD-compatible install
configure:5026: result: /usr/bin/install -c
configure:5080: checking for sys/wait.h that is POSIX.1 compatible
configure:5107: gcc -c -g -O2  conftest.c >&5
configure:5107: $? = 0
configure:5117: result: yes
configure:5128: checking for dirent.h that defines DIR
configure:5148: gcc -c -g -O2  conftest.c >&5
configure:5148: $? = 0
configure:5159: result: yes
configure:5173: checking for library containing opendir
configure:5209: gcc -o conftest -g -O2   conftest.c  >&5
configure:5209: $? = 0
configure:5231: result: none required
configure:5310: checking for sys/param.h
configure:5310: gcc -c -g -O2  conftest.c >&5
configure:5310: $? = 0
configure:5310: result: yes
configure:5317: checking for sys/sysctl.h
configure:5317: gcc -c -g -O2  conftest.c >&5
conftest.c:46:10: fatal error: sys/sysctl.h: No such file or directory
   46 | #include <sys/sysctl.h>
      |          ^~~~~~~~~~~~~~
compilation terminated.
configure:5317: $? = 1
configure: failed program was:
| /* confdefs.h */
| #define PACKAGE_NAME "bmake"
| #define PACKAGE_TARNAME "bmake"
| #define PACKAGE_VERSION "20251111"
| #define PACKAGE_STRING "bmake 20251111"
| #define PACKAGE_BUGREPORT "sjg@NetBSD.org"
| #define PACKAGE_URL ""
| #define HAVE_STDIO_H 1
| #define HAVE_STDLIB_H 1
| #define HAVE_STRING_H 1
| #define HAVE_INTTYPES_H 1
| #define HAVE_STDINT_H 1
| #define HAVE_STRINGS_H 1
| #define HAVE_SYS_STAT_H 1
| #define HAVE_SYS_TYPES_H 1
| #define HAVE_UNISTD_H 1
| #define HAVE_WCHAR_H 1
| #define HAVE_SYS_TIME_H 1
| #define STDC_HEADERS 1
| #define _ALL_SOURCE 1
| #define _DARWIN_C_SOURCE 1
| #define _GNU_SOURCE 1
| #define _HPUX_ALT_XOPEN_SOCKET_API 1
| #define _NETBSD_SOURCE 1
| #define _OPENBSD_SOURCE 1
| #define _POSIX_PTHREAD_SEMANTICS 1
| #define __STDC_WANT_IEC_60559_ATTRIBS_EXT__ 1
| #define __STDC_WANT_IEC_60559_BFP_EXT__ 1
| #define __STDC_WANT_IEC_60559_DFP_EXT__ 1
| #define __STDC_WANT_IEC_60559_EXT__ 1
| #define __STDC_WANT_IEC_60559_FUNCS_EXT__ 1
| #define __STDC_WANT_IEC_60559_TYPES_EXT__ 1
| #define __STDC_WANT_LIB_EXT2__ 1
| #define __STDC_WANT_MATH_SPEC_FUNCS__ 1
| #define _TANDEM_SOURCE 1
| #define __EXTENSIONS__ 1
| #define HAVE_SYS_WAIT_H 1
| #define HAVE_DIRENT_H 1
| #define HAVE_SYS_PARAM_H 1
| /* end confdefs.h.  */
| #ifdef HAVE_SYS_PARAM_H
| # include <sys/param.h>
| # endif
| 
| 
| #include <sys/sysctl.h>
configure:5317: result: no
configure:5329: checking for ar.h
configure:5329: gcc -c -g -O2  conftest.c >&5
configure:5329: $? = 0
configure:5329: result: yes
configure:5335: checking for err.h
configure:5335: gcc -c -g -O2  conftest.c >&5
configure:5335: $? = 0
configure:5335: result: yes
configure:5341: checking for fcntl.h
configure:5341: gcc -c -g -O2  conftest.c >&5
configure:5341: $? = 0
configure:5341: result: yes
configure:5347: checking for libgen.h
configure:5347: gcc -c -g -O2  conftest.c >&5
configure:5347: $? = 0
configure:5347: result: yes
configure:5353: checking for limits.h
configure:5353: gcc -c -g -O2  conftest.c >&5
configure:5353: $? = 0
configure:5353: result: yes
configure:5359: checking for paths.h
configure:5359: gcc -c -g -O2  conftest.c >&5
configure:5359: $? = 0
configure:5359: result: yes
configure:5365: checking for poll.h
configure:5365: gcc -c -g -O2  conftest.c >&5
configure:5365: $? = 0
configure:5365: result: yes
configure:5371: checking for ranlib.h
configure:5371: gcc -c -g -O2  conftest.c >&5
conftest.c:76:10: fatal error: ranlib.h: No such file or directory
   76 | #include <ranlib.h>
      |          ^~~~~~~~~~
compilation terminated.
configure:5371: $? = 1
configure: failed program was:
| /* confdefs.h */
| #define PACKAGE_NAME "bmake"
| #define PACKAGE_TARNAME "bmake"
| #define PACKAGE_VERSION "20251111"
| #define PACKAGE_STRING "bmake 20251111"
| #define PACKAGE_BUGREPORT "sjg@NetBSD.org"
| #define PACKAGE_URL ""
| #define HAVE_STDIO_H 1
| #define HAVE_STDLIB_H 1
| #define HAVE_STRING_H 1
| #define HAVE_INTTYPES_H 1
| #define HAVE_STDINT_H 1
| #define HAVE_STRINGS_H 1
| #define HAVE_SYS_STAT_H 1
| #define HAVE_SYS_TYPES_H 1
| #define HAVE_UNISTD_H 1
| #define HAVE_WCHAR_H 1
| #define HAVE_SYS_TIME_H 1
| #define STDC_HEADERS 1
| #define _ALL_SOURCE 1
| #define _DARWIN_C_SOURCE 1
| #define _GNU_SOURCE 1
| #define _HPUX_ALT_XOPEN_SOCKET_API 1
| #define _NETBSD_SOURCE 1
| #define _OPENBSD_SOURCE 1
| #define _POSIX_PTHREAD_SEMANTICS 1
| #define __STDC_WANT_IEC_60559_ATTRIBS_EXT__ 1
| #define __STDC_WANT_IEC_60559_BFP_EXT__ 1
| #define __STDC_WANT_IEC_60559_DFP_EXT__ 1
| #define __STDC_WANT_IEC_60559_EXT__ 1
| #define __STDC_WANT_IEC_60559_FUNCS_EXT__ 1
| #define __STDC_WANT_IEC_60559_TYPES_EXT__ 1
| #define __STDC_WANT_LIB_EXT2__ 1
| #define __STDC_WANT_MATH_SPEC_FUNCS__ 1
| #define _TANDEM_SOURCE 1
| #define __EXTENSIONS__ 1
| #define HAVE_SYS_WAIT_H 1
| #define HAVE_DIRENT_H 1
| #define HAVE_SYS_PARAM_H 1
| #define HAVE_AR_H 1
| #define HAVE_ERR_H 1
| #define HAVE_FCNTL_H 1
| #define HAVE_LIBGEN_H 1
| #define HAVE_LIMITS_H 1
| #define HAVE_PATHS_H 1
| #define HAVE_POLL_H 1
| /* end confdefs.h.  */
| #include <stddef.h>
| #ifdef HAVE_STDIO_H
| # include <stdio.h>
| #endif
| #ifdef HAVE_STDLIB_H
| # include <stdlib.h>
| #endif
| #ifdef HAVE_STRING_H
| # include <string.h>
| #endif
| #ifdef HAVE_INTTYPES_H
| # include <inttypes.h>
| #endif
| #ifdef HAVE_STDINT_H
| # include <stdint.h>
| #endif
| #ifdef HAVE_STRINGS_H
| # include <strings.h>
| #endif
| #ifdef HAVE_SYS_TYPES_H
| # include <sys/types.h>
| #endif
| #ifdef HAVE_SYS_STAT_H
| # include <sys/stat.h>
| #endif
| #ifdef HAVE_UNISTD_H
| # include <unistd.h>
| #endif
| #include <ranlib.h>
configure:5371: result: no
configure:5377: checking for regex.h
configure:5377: gcc -c -g -O2  conftest.c >&5
configure:5377: $? = 0
configure:5377: result: yes
configure:5383: checking for sys/mman.h
configure:5383: gcc -c -g -O2  conftest.c >&5
configure:5383: $? = 0
configure:5383: result: yes
configure:5389: checking for sys/select.h
configure:5389: gcc -c -g -O2  conftest.c >&5
configure:5389: $? = 0
configure:5389: result: yes
configure:5395: checking for sys/socket.h
configure:5395: gcc -c -g -O2  conftest.c >&5
configure:5395: $? = 0
configure:5395: result: yes
configure:5401: checking for sys/time.h
configure:5401: result: yes
configure:5407: checking for sys/uio.h
configure:5407: gcc -c -g -O2  conftest.c >&5
configure:5407: $? = 0
configure:5407: result: yes
configure:5413: checking for utime.h
configure:5413: gcc -c -g -O2  conftest.c >&5
configure:5413: $? = 0
configure:5413: result: yes
configure:5421: checking for sys/cdefs.h
configure:5421: gcc -c -g -O2  conftest.c >&5
configure:5421: $? = 0
configure:5421: result: yes
configure:5432: checking for __attribute__
configure:5459: gcc -o conftest -g -O2   conftest.c  >&5
configure:5459: $? = 0
configure:5476: result: yes
configure:5479: checking whether byte ordering is bigendian
configure:5495: gcc -c -g -O2  conftest.c >&5
conftest.c:57:16: error: unknown type name 'not'
   57 |                not a universal capable compiler
      |                ^~~
conftest.c:57:22: error: expected '=', ',', ';', 'asm' or '__attribute__' before 'universal'
   57 |                not a universal capable compiler
      |                      ^~~~~~~~~
conftest.c:57:22: error: unknown type name 'universal'
configure:5495: $? = 1
configure: failed program was:
| /* confdefs.h */
| #define PACKAGE_NAME "bmake"
| #define PACKAGE_TARNAME "bmake"
| #define PACKAGE_VERSION "20251111"
| #define PACKAGE_STRING "bmake 20251111"
| #define PACKAGE_BUGREPORT "sjg@NetBSD.org"
| #define PACKAGE_URL ""
| #define HAVE_STDIO_H 1
| #define HAVE_STDLIB_H 1
| #define HAVE_STRING_H 1
| #define HAVE_INTTYPES_H 1
| #define HAVE_STDINT_H 1
| #define HAVE_STRINGS_H 1
| #define HAVE_SYS_STAT_H 1
| #define HAVE_SYS_TYPES_H 1
| #define HAVE_UNISTD_H 1
| #define HAVE_WCHAR_H 1
| #define HAVE_SYS_TIME_H 1
| #define STDC_HEADERS 1
| #define _ALL_SOURCE 1
| #define _DARWIN_C_SOURCE 1
| #define _GNU_SOURCE 1
| #define _HPUX_ALT_XOPEN_SOCKET_API 1
| #define _NETBSD_SOURCE 1
| #define _OPENBSD_SOURCE 1
| #define _POSIX_PTHREAD_SEMANTICS 1
| #define __STDC_WANT_IEC_60559_ATTRIBS_EXT__ 1
| #define __STDC_WANT_IEC_60559_BFP_EXT__ 1
| #define __STDC_WANT_IEC_60559_DFP_EXT__ 1
| #define __STDC_WANT_IEC_60559_EXT__ 1
| #define __STDC_WANT_IEC_60559_FUNCS_EXT__ 1
| #define __STDC_WANT_IEC_60559_TYPES_EXT__ 1
| #define __STDC_WANT_LIB_EXT2__ 1
| #define __STDC_WANT_MATH_SPEC_FUNCS__ 1
| #define _TANDEM_SOURCE 1
| #define __EXTENSIONS__ 1
| #define HAVE_SYS_WAIT_H 1
| #define HAVE_DIRENT_H 1
| #define HAVE_SYS_PARAM_H 1
| #define HAVE_AR_H 1
| #define HAVE_ERR_H 1
| #define HAVE_FCNTL_H 1
| #define HAVE_LIBGEN_H 1
| #define HAVE_LIMITS_H 1
| #define HAVE_PATHS_H 1
| #define HAVE_POLL_H 1
| #define HAVE_REGEX_H 1
| #define HAVE_SYS_MMAN_H 1
| #define HAVE_SYS_SELECT_H 1
| #define HAVE_SYS_SOCKET_H 1
| #define HAVE_SYS_TIME_H 1
| #define HAVE_SYS_UIO_H 1
| #define HAVE_UTIME_H 1
| #define HAVE___ATTRIBUTE__ 1
| /* end confdefs.h.  */
| #ifndef __APPLE_CC__
| 	       not a universal capable compiler
| 	     #endif
| 	     typedef int dummy;
| 
configure:5541: gcc -c -g -O2  conftest.c >&5
configure:5541: $? = 0
configure:5560: gcc -c -g -O2  conftest.c >&5
conftest.c: In function 'main':
conftest.c:63:18: error: unknown type name 'not'; did you mean 'ino_t'?
   63 |                  not big endian
      |                  ^~~
      |                  ino_t
conftest.c:63:26: error: expected '=', ',', ';', 'asm' or '__attribute__' before 'endian'
   63 |                  not big endian
      |                          ^~~~~~
configure:5560: $? = 1
configure: failed program was:
| /* confdefs.h */
| #define PACKAGE_NAME "bmake"
| #define PACKAGE_TARNAME "bmake"
| #define PACKAGE_VERSION "20251111"
| #define PACKAGE_STRING "bmake 20251111"
| #define PACKAGE_BUGREPORT "sjg@NetBSD.org"
| #define PACKAGE_URL ""
| #define HAVE_STDIO_H 1
| #define HAVE_STDLIB_H 1
| #define HAVE_STRING_H 1
| #define HAVE_INTTYPES_H 1
| #define HAVE_STDINT_H 1
| #define HAVE_STRINGS_H 1
| #define HAVE_SYS_STAT_H 1
| #define HAVE_SYS_TYPES_H 1
| #define HAVE_UNISTD_H 1
| #define HAVE_WCHAR_H 1
| #define HAVE_SYS_TIME_H 1
| #define STDC_HEADERS 1
| #define _ALL_SOURCE 1
| #define _DARWIN_C_SOURCE 1
| #define _GNU_SOURCE 1
| #define _HPUX_ALT_XOPEN_SOCKET_API 1
| #define _NETBSD_SOURCE 1
| #define _OPENBSD_SOURCE 1
| #define _POSIX_PTHREAD_SEMANTICS 1
| #define __STDC_WANT_IEC_60559_ATTRIBS_EXT__ 1
| #define __STDC_WANT_IEC_60559_BFP_EXT__ 1
| #define __STDC_WANT_IEC_60559_DFP_EXT__ 1
| #define __STDC_WANT_IEC_60559_EXT__ 1
| #define __STDC_WANT_IEC_60559_FUNCS_EXT__ 1
| #define __STDC_WANT_IEC_60559_TYPES_EXT__ 1
| #define __STDC_WANT_LIB_EXT2__ 1
| #define __STDC_WANT_MATH_SPEC_FUNCS__ 1
| #define _TANDEM_SOURCE 1
| #define __EXTENSIONS__ 1
| #define HAVE_SYS_WAIT_H 1
| #define HAVE_DIRENT_H 1
| #define HAVE_SYS_PARAM_H 1
| #define HAVE_AR_H 1
| #define HAVE_ERR_H 1
| #define HAVE_FCNTL_H 1
| #define HAVE_LIBGEN_H 1
| #define HAVE_LIMITS_H 1
| #define HAVE_PATHS_H 1
| #define HAVE_POLL_H 1
| #define HAVE_REGEX_H 1
| #define HAVE_SYS_MMAN_H 1
| #define HAVE_SYS_SELECT_H 1
| #define HAVE_SYS_SOCKET_H 1
| #define HAVE_SYS_TIME_H 1
| #define HAVE_SYS_UIO_H 1
| #define HAVE_UTIME_H 1
| #define HAVE___ATTRIBUTE__ 1
| /* end confdefs.h.  */
| #include <sys/types.h>
| 		#include <sys/param.h>
| 
| int
| main (void)
| {
| #if BYTE_ORDER != BIG_ENDIAN
| 		 not big endian
| 		#endif
| 
|   ;
|   return 0;
| }
configure:5701: result: no
configure:5719: checking for an ANSI C-conforming const
configure:5786: gcc -c -g -O2  conftest.c >&5
configure:5786: $? = 0
configure:5796: result: yes
configure:5804: checking for inline
configure:5821: gcc -c -g -O2  conftest.c >&5
configure:5821: $? = 0
configure:5831: result: inline
configure:5849: checking for int64_t
configure:5849: gcc -c -g -O2  conftest.c >&5
configure:5849: $? = 0
configure:5849: gcc -c -g -O2  conftest.c >&5
conftest.c: In function 'main':
conftest.c:89:67: warning: integer overflow in expression of type 'long int' results in '-9223372036854775808' [-Woverflow]
   89 |                  < (int64_t) (((((int64_t) 1 << N) << N) - 1) * 2 + 2))];
      |                                                                   ^
conftest.c:88:12: error: storage size of 'test_array' isn't constant
   88 | static int test_array [1 - 2 * !((int64_t) (((((int64_t) 1 << N) << N) - 1) * 2 + 1)
      |            ^~~~~~~~~~
configure:5849: $? = 1
configure: failed program was:
| /* confdefs.h */
| #define PACKAGE_NAME "bmake"
| #define PACKAGE_TARNAME "bmake"
| #define PACKAGE_VERSION "20251111"
| #define PACKAGE_STRING "bmake 20251111"
| #define PACKAGE_BUGREPORT "sjg@NetBSD.org"
| #define PACKAGE_URL ""
| #define HAVE_STDIO_H 1
| #define HAVE_STDLIB_H 1
| #define HAVE_STRING_H 1
| #define HAVE_INTTYPES_H 1
| #define HAVE_STDINT_H 1
| #define HAVE_STRINGS_H 1
| #define HAVE_SYS_STAT_H 1
| #define HAVE_SYS_TYPES_H 1
| #define HAVE_UNISTD_H 1
| #define HAVE_WCHAR_H 1
| #define HAVE_SYS_TIME_H 1
| #define STDC_HEADERS 1
| #define _ALL_SOURCE 1
| #define _DARWIN_C_SOURCE 1
| #define _GNU_SOURCE 1
| #define _HPUX_ALT_XOPEN_SOCKET_API 1
| #define _NETBSD_SOURCE 1
| #define _OPENBSD_SOURCE 1
| #define _POSIX_PTHREAD_SEMANTICS 1
| #define __STDC_WANT_IEC_60559_ATTRIBS_EXT__ 1
| #define __STDC_WANT_IEC_60559_BFP_EXT__ 1
| #define __STDC_WANT_IEC_60559_DFP_EXT__ 1
| #define __STDC_WANT_IEC_60559_EXT__ 1
| #define __STDC_WANT_IEC_60559_FUNCS_EXT__ 1
| #define __STDC_WANT_IEC_60559_TYPES_EXT__ 1
| #define __STDC_WANT_LIB_EXT2__ 1
| #define __STDC_WANT_MATH_SPEC_FUNCS__ 1
| #define _TANDEM_SOURCE 1
| #define __EXTENSIONS__ 1
| #define HAVE_SYS_WAIT_H 1
| #define HAVE_DIRENT_H 1
| #define HAVE_SYS_PARAM_H 1
| #define HAVE_AR_H 1
| #define HAVE_ERR_H 1
| #define HAVE_FCNTL_H 1
| #define HAVE_LIBGEN_H 1
| #define HAVE_LIMITS_H 1
| #define HAVE_PATHS_H 1
| #define HAVE_POLL_H 1
| #define HAVE_REGEX_H 1
| #define HAVE_SYS_MMAN_H 1
| #define HAVE_SYS_SELECT_H 1
| #define HAVE_SYS_SOCKET_H 1
| #define HAVE_SYS_TIME_H 1
| #define HAVE_SYS_UIO_H 1
| #define HAVE_UTIME_H 1
| #define HAVE___ATTRIBUTE__ 1
| /* end confdefs.h.  */
| #include <stddef.h>
| #ifdef HAVE_STDIO_H
| # include <stdio.h>
| #endif
| #ifdef HAVE_STDLIB_H
| # include <stdlib.h>
| #endif
| #ifdef HAVE_STRING_H
| # include <string.h>
| #endif
| #ifdef HAVE_INTTYPES_H
| # include <inttypes.h>
| #endif
| #ifdef HAVE_STDINT_H
| # include <stdint.h>
| #endif
| #ifdef HAVE_STRINGS_H
| # include <strings.h>
| #endif
| #ifdef HAVE_SYS_TYPES_H
| # include <sys/types.h>
| #endif
| #ifdef HAVE_SYS_STAT_H
| # include <sys/stat.h>
| #endif
| #ifdef HAVE_UNISTD_H
| # include <unistd.h>
| #endif
| 	        enum { N = 64 / 2 - 1 };
| int
| main (void)
| {
| static int test_array [1 - 2 * !((int64_t) (((((int64_t) 1 << N) << N) - 1) * 2 + 1)
| 		 < (int64_t) (((((int64_t) 1 << N) << N) - 1) * 2 + 2))];
| test_array [0] = 0;
| return test_array [0];
| 
|   ;
|   return 0;
| }
configure:5849: result: yes
configure:5859: checking for unsigned long long int
configure:5901: gcc -o conftest -g -O2   conftest.c  >&5
configure:5901: $? = 0
configure:5913: result: yes
configure:5923: checking for long long int
configure:5965: gcc -o conftest -g -O2   conftest.c  >&5
configure:5965: $? = 0
configure:5965: ./conftest
configure:5965: $? = 0
configure:5981: result: yes
configure:5989: checking for mode_t
configure:5989: gcc -c -g -O2  conftest.c >&5
configure:5989: $? = 0
configure:5989: gcc -c -g -O2  conftest.c >&5
conftest.c: In function 'main':
conftest.c:89:21: error: expected expression before ')' token
   89 | if (sizeof ((mode_t)))
      |                     ^
configure:5989: $? = 1
configure: failed program was:
| /* confdefs.h */
| #define PACKAGE_NAME "bmake"
| #define PACKAGE_TARNAME "bmake"
| #define PACKAGE_VERSION "20251111"
| #define PACKAGE_STRING "bmake 20251111"
| #define PACKAGE_BUGREPORT "sjg@NetBSD.org"
| #define PACKAGE_URL ""
| #define HAVE_STDIO_H 1
| #define HAVE_STDLIB_H 1
| #define HAVE_STRING_H 1
| #define HAVE_INTTYPES_H 1
| #define HAVE_STDINT_H 1
| #define HAVE_STRINGS_H 1
| #define HAVE_SYS_STAT_H 1
| #define HAVE_SYS_TYPES_H 1
| #define HAVE_UNISTD_H 1
| #define HAVE_WCHAR_H 1
| #define HAVE_SYS_TIME_H 1
| #define STDC_HEADERS 1
| #define _ALL_SOURCE 1
| #define _DARWIN_C_SOURCE 1
| #define _GNU_SOURCE 1
| #define _HPUX_ALT_XOPEN_SOCKET_API 1
| #define _NETBSD_SOURCE 1
| #define _OPENBSD_SOURCE 1
| #define _POSIX_PTHREAD_SEMANTICS 1
| #define __STDC_WANT_IEC_60559_ATTRIBS_EXT__ 1
| #define __STDC_WANT_IEC_60559_BFP_EXT__ 1
| #define __STDC_WANT_IEC_60559_DFP_EXT__ 1
| #define __STDC_WANT_IEC_60559_EXT__ 1
| #define __STDC_WANT_IEC_60559_FUNCS_EXT__ 1
| #define __STDC_WANT_IEC_60559_TYPES_EXT__ 1
| #define __STDC_WANT_LIB_EXT2__ 1
| #define __STDC_WANT_MATH_SPEC_FUNCS__ 1
| #define _TANDEM_SOURCE 1
| #define __EXTENSIONS__ 1
| #define HAVE_SYS_WAIT_H 1
| #define HAVE_DIRENT_H 1
| #define HAVE_SYS_PARAM_H 1
| #define HAVE_AR_H 1
| #define HAVE_ERR_H 1
| #define HAVE_FCNTL_H 1
| #define HAVE_LIBGEN_H 1
| #define HAVE_LIMITS_H 1
| #define HAVE_PATHS_H 1
| #define HAVE_POLL_H 1
| #define HAVE_REGEX_H 1
| #define HAVE_SYS_MMAN_H 1
| #define HAVE_SYS_SELECT_H 1
| #define HAVE_SYS_SOCKET_H 1
| #define HAVE_SYS_TIME_H 1
| #define HAVE_SYS_UIO_H 1
| #define HAVE_UTIME_H 1
| #define HAVE___ATTRIBUTE__ 1
| #define HAVE_UNSIGNED_LONG_LONG_INT 1
| #define HAVE_LONG_LONG_INT 1
| /* end confdefs.h.  */
| #include <stddef.h>
| #ifdef HAVE_STDIO_H
| # include <stdio.h>
| #endif
| #ifdef HAVE_STDLIB_H
| # include <stdlib.h>
| #endif
| #ifdef HAVE_STRING_H
| # include <string.h>
| #endif
| #ifdef HAVE_INTTYPES_H
| # include <inttypes.h>
| #endif
| #ifdef HAVE_STDINT_H
| # include <stdint.h>
| #endif
| #ifdef HAVE_STRINGS_H
| # include <strings.h>
| #endif
| #ifdef HAVE_SYS_TYPES_H
| # include <sys/types.h>
| #endif
| #ifdef HAVE_SYS_STAT_H
| # include <sys/stat.h>
| #endif
| #ifdef HAVE_UNISTD_H
| # include <unistd.h>
| #endif
| int
| main (void)
| {
| if (sizeof ((mode_t)))
| 	    return 0;
|   ;
|   return 0;
| }
configure:5989: result: yes
configure:6000: checking for off_t
configure:6000: gcc -c -g -O2  conftest.c >&5
configure:6000: $? = 0
configure:6000: gcc -c -g -O2  conftest.c >&5
conftest.c: In function 'main':
conftest.c:89:20: error: expected expression before ')' token
   89 | if (sizeof ((off_t)))
      |                    ^
configure:6000: $? = 1
configure: failed program was:
| /* confdefs.h */
| #define PACKAGE_NAME "bmake"
| #define PACKAGE_TARNAME "bmake"
| #define PACKAGE_VERSION "20251111"
| #define PACKAGE_STRING "bmake 20251111"
| #define PACKAGE_BUGREPORT "sjg@NetBSD.org"
| #define PACKAGE_URL ""
| #define HAVE_STDIO_H 1
| #define HAVE_STDLIB_H 1
| #define HAVE_STRING_H 1
| #define HAVE_INTTYPES_H 1
| #define HAVE_STDINT_H 1
| #define HAVE_STRINGS_H 1
| #define HAVE_SYS_STAT_H 1
| #define HAVE_SYS_TYPES_H 1
| #define HAVE_UNISTD_H 1
| #define HAVE_WCHAR_H 1
| #define HAVE_SYS_TIME_H 1
| #define STDC_HEADERS 1
| #define _ALL_SOURCE 1
| #define _DARWIN_C_SOURCE 1
| #define _GNU_SOURCE 1
| #define _HPUX_ALT_XOPEN_SOCKET_API 1
| #define _NETBSD_SOURCE 1
| #define _OPENBSD_SOURCE 1
| #define _POSIX_PTHREAD_SEMANTICS 1
| #define __STDC_WANT_IEC_60559_ATTRIBS_EXT__ 1
| #define __STDC_WANT_IEC_60559_BFP_EXT__ 1
| #define __STDC_WANT_IEC_60559_DFP_EXT__ 1
| #define __STDC_WANT_IEC_60559_EXT__ 1
| #define __STDC_WANT_IEC_60559_FUNCS_EXT__ 1
| #define __STDC_WANT_IEC_60559_TYPES_EXT__ 1
| #define __STDC_WANT_LIB_EXT2__ 1
| #define __STDC_WANT_MATH_SPEC_FUNCS__ 1
| #define _TANDEM_SOURCE 1
| #define __EXTENSIONS__ 1
| #define HAVE_SYS_WAIT_H 1
| #define HAVE_DIRENT_H 1
| #define HAVE_SYS_PARAM_H 1
| #define HAVE_AR_H 1
| #define HAVE_ERR_H 1
| #define HAVE_FCNTL_H 1
| #define HAVE_LIBGEN_H 1
| #define HAVE_LIMITS_H 1
| #define HAVE_PATHS_H 1
| #define HAVE_POLL_H 1
| #define HAVE_REGEX_H 1
| #define HAVE_SYS_MMAN_H 1
| #define HAVE_SYS_SELECT_H 1
| #define HAVE_SYS_SOCKET_H 1
| #define HAVE_SYS_TIME_H 1
| #define HAVE_SYS_UIO_H 1
| #define HAVE_UTIME_H 1
| #define HAVE___ATTRIBUTE__ 1
| #define HAVE_UNSIGNED_LONG_LONG_INT 1
| #define HAVE_LONG_LONG_INT 1
| /* end confdefs.h.  */
| #include <stddef.h>
| #ifdef HAVE_STDIO_H
| # include <stdio.h>
| #endif
| #ifdef HAVE_STDLIB_H
| # include <stdlib.h>
| #endif
| #ifdef HAVE_STRING_H
| # include <string.h>
| #endif
| #ifdef HAVE_INTTYPES_H
| # include <inttypes.h>
| #endif
| #ifdef HAVE_STDINT_H
| # include <stdint.h>
| #endif
| #ifdef HAVE_STRINGS_H
| # include <strings.h>
| #endif
| #ifdef HAVE_SYS_TYPES_H
| # include <sys/types.h>
| #endif
| #ifdef HAVE_SYS_STAT_H
| # include <sys/stat.h>
| #endif
| #ifdef HAVE_UNISTD_H
| # include <unistd.h>
| #endif
| int
| main (void)
| {
| if (sizeof ((off_t)))
| 	    return 0;
|   ;
|   return 0;
| }
configure:6000: result: yes
configure:6012: checking for pid_t
configure:6012: gcc -c -g -O2  conftest.c >&5
configure:6012: $? = 0
configure:6012: gcc -c -g -O2  conftest.c >&5
conftest.c: In function 'main':
conftest.c:90:20: error: expected expression before ')' token
   90 | if (sizeof ((pid_t)))
      |                    ^
configure:6012: $? = 1
configure: failed program was:
| /* confdefs.h */
| #define PACKAGE_NAME "bmake"
| #define PACKAGE_TARNAME "bmake"
| #define PACKAGE_VERSION "20251111"
| #define PACKAGE_STRING "bmake 20251111"
| #define PACKAGE_BUGREPORT "sjg@NetBSD.org"
| #define PACKAGE_URL ""
| #define HAVE_STDIO_H 1
| #define HAVE_STDLIB_H 1
| #define HAVE_STRING_H 1
| #define HAVE_INTTYPES_H 1
| #define HAVE_STDINT_H 1
| #define HAVE_STRINGS_H 1
| #define HAVE_SYS_STAT_H 1
| #define HAVE_SYS_TYPES_H 1
| #define HAVE_UNISTD_H 1
| #define HAVE_WCHAR_H 1
| #define HAVE_SYS_TIME_H 1
| #define STDC_HEADERS 1
| #define _ALL_SOURCE 1
| #define _DARWIN_C_SOURCE 1
| #define _GNU_SOURCE 1
| #define _HPUX_ALT_XOPEN_SOCKET_API 1
| #define _NETBSD_SOURCE 1
| #define _OPENBSD_SOURCE 1
| #define _POSIX_PTHREAD_SEMANTICS 1
| #define __STDC_WANT_IEC_60559_ATTRIBS_EXT__ 1
| #define __STDC_WANT_IEC_60559_BFP_EXT__ 1
| #define __STDC_WANT_IEC_60559_DFP_EXT__ 1
| #define __STDC_WANT_IEC_60559_EXT__ 1
| #define __STDC_WANT_IEC_60559_FUNCS_EXT__ 1
| #define __STDC_WANT_IEC_60559_TYPES_EXT__ 1
| #define __STDC_WANT_LIB_EXT2__ 1
| #define __STDC_WANT_MATH_SPEC_FUNCS__ 1
| #define _TANDEM_SOURCE 1
| #define __EXTENSIONS__ 1
| #define HAVE_SYS_WAIT_H 1
| #define HAVE_DIRENT_H 1
| #define HAVE_SYS_PARAM_H 1
| #define HAVE_AR_H 1
| #define HAVE_ERR_H 1
| #define HAVE_FCNTL_H 1
| #define HAVE_LIBGEN_H 1
| #define HAVE_LIMITS_H 1
| #define HAVE_PATHS_H 1
| #define HAVE_POLL_H 1
| #define HAVE_REGEX_H 1
| #define HAVE_SYS_MMAN_H 1
| #define HAVE_SYS_SELECT_H 1
| #define HAVE_SYS_SOCKET_H 1
| #define HAVE_SYS_TIME_H 1
| #define HAVE_SYS_UIO_H 1
| #define HAVE_UTIME_H 1
| #define HAVE___ATTRIBUTE__ 1
| #define HAVE_UNSIGNED_LONG_LONG_INT 1
| #define HAVE_LONG_LONG_INT 1
| /* end confdefs.h.  */
| #include <stddef.h>
| #ifdef HAVE_STDIO_H
| # include <stdio.h>
| #endif
| #ifdef HAVE_STDLIB_H
| # include <stdlib.h>
| #endif
| #ifdef HAVE_STRING_H
| # include <string.h>
| #endif
| #ifdef HAVE_INTTYPES_H
| # include <inttypes.h>
| #endif
| #ifdef HAVE_STDINT_H
| # include <stdint.h>
| #endif
| #ifdef HAVE_STRINGS_H
| # include <strings.h>
| #endif
| #ifdef HAVE_SYS_TYPES_H
| # include <sys/types.h>
| #endif
| #ifdef HAVE_SYS_STAT_H
| # include <sys/stat.h>
| #endif
| #ifdef HAVE_UNISTD_H
| # include <unistd.h>
| #endif
| 
| int
| main (void)
| {
| if (sizeof ((pid_t)))
| 	    return 0;
|   ;
|   return 0;
| }
configure:6012: result: yes
configure:6050: checking for size_t
configure:6050: gcc -c -g -O2  conftest.c >&5
configure:6050: $? = 0
configure:6050: gcc -c -g -O2  conftest.c >&5
conftest.c: In function 'main':
conftest.c:89:21: error: expected expression before ')' token
   89 | if (sizeof ((size_t)))
      |                     ^
configure:6050: $? = 1
configure: failed program was:
| /* confdefs.h */
| #define PACKAGE_NAME "bmake"
| #define PACKAGE_TARNAME "bmake"
| #define PACKAGE_VERSION "20251111"
| #define PACKAGE_STRING "bmake 20251111"
| #define PACKAGE_BUGREPORT "sjg@NetBSD.org"
| #define PACKAGE_URL ""
| #define HAVE_STDIO_H 1
| #define HAVE_STDLIB_H 1
| #define HAVE_STRING_H 1
| #define HAVE_INTTYPES_H 1
| #define HAVE_STDINT_H 1
| #define HAVE_STRINGS_H 1
| #define HAVE_SYS_STAT_H 1
| #define HAVE_SYS_TYPES_H 1
| #define HAVE_UNISTD_H 1
| #define HAVE_WCHAR_H 1
| #define HAVE_SYS_TIME_H 1
| #define STDC_HEADERS 1
| #define _ALL_SOURCE 1
| #define _DARWIN_C_SOURCE 1
| #define _GNU_SOURCE 1
| #define _HPUX_ALT_XOPEN_SOCKET_API 1
| #define _NETBSD_SOURCE 1
| #define _OPENBSD_SOURCE 1
| #define _POSIX_PTHREAD_SEMANTICS 1
| #define __STDC_WANT_IEC_60559_ATTRIBS_EXT__ 1
| #define __STDC_WANT_IEC_60559_BFP_EXT__ 1
| #define __STDC_WANT_IEC_60559_DFP_EXT__ 1
| #define __STDC_WANT_IEC_60559_EXT__ 1
| #define __STDC_WANT_IEC_60559_FUNCS_EXT__ 1
| #define __STDC_WANT_IEC_60559_TYPES_EXT__ 1
| #define __STDC_WANT_LIB_EXT2__ 1
| #define __STDC_WANT_MATH_SPEC_FUNCS__ 1
| #define _TANDEM_SOURCE 1
| #define __EXTENSIONS__ 1
| #define HAVE_SYS_WAIT_H 1
| #define HAVE_DIRENT_H 1
| #define HAVE_SYS_PARAM_H 1
| #define HAVE_AR_H 1
| #define HAVE_ERR_H 1
| #define HAVE_FCNTL_H 1
| #define HAVE_LIBGEN_H 1
| #define HAVE_LIMITS_H 1
| #define HAVE_PATHS_H 1
| #define HAVE_POLL_H 1
| #define HAVE_REGEX_H 1
| #define HAVE_SYS_MMAN_H 1
| #define HAVE_SYS_SELECT_H 1
| #define HAVE_SYS_SOCKET_H 1
| #define HAVE_SYS_TIME_H 1
| #define HAVE_SYS_UIO_H 1
| #define HAVE_UTIME_H 1
| #define HAVE___ATTRIBUTE__ 1
| #define HAVE_UNSIGNED_LONG_LONG_INT 1
| #define HAVE_LONG_LONG_INT 1
| /* end confdefs.h.  */
| #include <stddef.h>
| #ifdef HAVE_STDIO_H
| # include <stdio.h>
| #endif
| #ifdef HAVE_STDLIB_H
| # include <stdlib.h>
| #endif
| #ifdef HAVE_STRING_H
| # include <string.h>
| #endif
| #ifdef HAVE_INTTYPES_H
| # include <inttypes.h>
| #endif
| #ifdef HAVE_STDINT_H
| # include <stdint.h>
| #endif
| #ifdef HAVE_STRINGS_H
| # include <strings.h>
| #endif
| #ifdef HAVE_SYS_TYPES_H
| # include <sys/types.h>
| #endif
| #ifdef HAVE_SYS_STAT_H
| # include <sys/stat.h>
| #endif
| #ifdef HAVE_UNISTD_H
| # include <unistd.h>
| #endif
| int
| main (void)
| {
| if (sizeof ((size_t)))
| 	    return 0;
|   ;
|   return 0;
| }
configure:6050: result: yes
configure:6061: checking for uint32_t
configure:6061: gcc -c -g -O2  conftest.c >&5
configure:6061: $? = 0
configure:6061: result: yes
configure:6073: checking for gcc options needed to detect all undeclared functions
configure:6095: gcc -c -g -O2   conftest.c >&5
conftest.c: In function 'main':
conftest.c:62:8: error: 'strchr' undeclared (first use in this function)
   62 | (void) strchr;
      |        ^~~~~~
conftest.c:1:1: note: 'strchr' is defined in header '<string.h>'; this is probably fixable by adding '#include <string.h>'
    1 | /* confdefs.h */
conftest.c:62:8: note: each undeclared identifier is reported only once for each function it appears in
   62 | (void) strchr;
      |        ^~~~~~
configure:6095: $? = 1
configure: failed program was:
| /* confdefs.h */
| #define PACKAGE_NAME "bmake"
| #define PACKAGE_TARNAME "bmake"
| #define PACKAGE_VERSION "20251111"
| #define PACKAGE_STRING "bmake 20251111"
| #define PACKAGE_BUGREPORT "sjg@NetBSD.org"
| #define PACKAGE_URL ""
| #define HAVE_STDIO_H 1
| #define HAVE_STDLIB_H 1
| #define HAVE_STRING_H 1
| #define HAVE_INTTYPES_H 1
| #define HAVE_STDINT_H 1
| #define HAVE_STRINGS_H 1
| #define HAVE_SYS_STAT_H 1
| #define HAVE_SYS_TYPES_H 1
| #define HAVE_UNISTD_H 1
| #define HAVE_WCHAR_H 1
| #define HAVE_SYS_TIME_H 1
| #define STDC_HEADERS 1
| #define _ALL_SOURCE 1
| #define _DARWIN_C_SOURCE 1
| #define _GNU_SOURCE 1
| #define _HPUX_ALT_XOPEN_SOCKET_API 1
| #define _NETBSD_SOURCE 1
| #define _OPENBSD_SOURCE 1
| #define _POSIX_PTHREAD_SEMANTICS 1
| #define __STDC_WANT_IEC_60559_ATTRIBS_EXT__ 1
| #define __STDC_WANT_IEC_60559_BFP_EXT__ 1
| #define __STDC_WANT_IEC_60559_DFP_EXT__ 1
| #define __STDC_WANT_IEC_60559_EXT__ 1
| #define __STDC_WANT_IEC_60559_FUNCS_EXT__ 1
| #define __STDC_WANT_IEC_60559_TYPES_EXT__ 1
| #define __STDC_WANT_LIB_EXT2__ 1
| #define __STDC_WANT_MATH_SPEC_FUNCS__ 1
| #define _TANDEM_SOURCE 1
| #define __EXTENSIONS__ 1
| #define HAVE_SYS_WAIT_H 1
| #define HAVE_DIRENT_H 1
| #define HAVE_SYS_PARAM_H 1
| #define HAVE_AR_H 1
| #define HAVE_ERR_H 1
| #define HAVE_FCNTL_H 1
| #define HAVE_LIBGEN_H 1
| #define HAVE_LIMITS_H 1
| #define HAVE_PATHS_H 1
| #define HAVE_POLL_H 1
| #define HAVE_REGEX_H 1
| #define HAVE_SYS_MMAN_H 1
| #define HAVE_SYS_SELECT_H 1
| #define HAVE_SYS_SOCKET_H 1
| #define HAVE_SYS_TIME_H 1
| #define HAVE_SYS_UIO_H 1
| #define HAVE_UTIME_H 1
| #define HAVE___ATTRIBUTE__ 1
| #define HAVE_UNSIGNED_LONG_LONG_INT 1
| #define HAVE_LONG_LONG_INT 1
| /* end confdefs.h.  */
| 
| int
| main (void)
| {
| (void) strchr;
|   ;
|   return 0;
| }
configure:6122: gcc -c -g -O2   conftest.c >&5
configure:6122: $? = 0
configure:6142: result: none needed
configure:6156: checking whether sys_siglist is declared
configure:6156: gcc -c -g -O2   conftest.c >&5
conftest.c: In function 'main':
conftest.c:72:10: error: 'sys_siglist' undeclared (first use in this function)
   72 |   (void) sys_siglist;
      |          ^~~~~~~~~~~
conftest.c:72:10: note: each undeclared identifier is reported only once for each function it appears in
configure:6156: $? = 1
configure: failed program was:
| /* confdefs.h */
| #define PACKAGE_NAME "bmake"
| #define PACKAGE_TARNAME "bmake"
| #define PACKAGE_VERSION "20251111"
| #define PACKAGE_STRING "bmake 20251111"
| #define PACKAGE_BUGREPORT "sjg@NetBSD.org"
| #define PACKAGE_URL ""
| #define HAVE_STDIO_H 1
| #define HAVE_STDLIB_H 1
| #define HAVE_STRING_H 1
| #define HAVE_INTTYPES_H 1
| #define HAVE_STDINT_H 1
| #define HAVE_STRINGS_H 1
| #define HAVE_SYS_STAT_H 1
| #define HAVE_SYS_TYPES_H 1
| #define HAVE_UNISTD_H 1
| #define HAVE_WCHAR_H 1
| #define HAVE_SYS_TIME_H 1
| #define STDC_HEADERS 1
| #define _ALL_SOURCE 1
| #define _DARWIN_C_SOURCE 1
| #define _GNU_SOURCE 1
| #define _HPUX_ALT_XOPEN_SOCKET_API 1
| #define _NETBSD_SOURCE 1
| #define _OPENBSD_SOURCE 1
| #define _POSIX_PTHREAD_SEMANTICS 1
| #define __STDC_WANT_IEC_60559_ATTRIBS_EXT__ 1
| #define __STDC_WANT_IEC_60559_BFP_EXT__ 1
| #define __STDC_WANT_IEC_60559_DFP_EXT__ 1
| #define __STDC_WANT_IEC_60559_EXT__ 1
| #define __STDC_WANT_IEC_60559_FUNCS_EXT__ 1
| #define __STDC_WANT_IEC_60559_TYPES_EXT__ 1
| #define __STDC_WANT_LIB_EXT2__ 1
| #define __STDC_WANT_MATH_SPEC_FUNCS__ 1
| #define _TANDEM_SOURCE 1
| #define __EXTENSIONS__ 1
| #define HAVE_SYS_WAIT_H 1
| #define HAVE_DIRENT_H 1
| #define HAVE_SYS_PARAM_H 1
| #define HAVE_AR_H 1
| #define HAVE_ERR_H 1
| #define HAVE_FCNTL_H 1
| #define HAVE_LIBGEN_H 1
| #define HAVE_LIMITS_H 1
| #define HAVE_PATHS_H 1
| #define HAVE_POLL_H 1
| #define HAVE_REGEX_H 1
| #define HAVE_SYS_MMAN_H 1
| #define HAVE_SYS_SELECT_H 1
| #define HAVE_SYS_SOCKET_H 1
| #define HAVE_SYS_TIME_H 1
| #define HAVE_SYS_UIO_H 1
| #define HAVE_UTIME_H 1
| #define HAVE___ATTRIBUTE__ 1
| #define HAVE_UNSIGNED_LONG_LONG_INT 1
| #define HAVE_LONG_LONG_INT 1
| /* end confdefs.h.  */
| #include <signal.h>
| /* NetBSD declares sys_siglist in unistd.h.  */
| #ifdef HAVE_UNISTD_H
| # include <unistd.h>
| #endif
| 
| 
| int
| main (void)
| {
| #ifndef sys_siglist
| #ifdef __cplusplus
|   (void) sys_siglist;
| #else
|   (void) sys_siglist;
| #endif
| #endif
| 
|   ;
|   return 0;
| }
configure:6156: result: no
configure:6176: checking whether struct tm is in sys/time.h or time.h
configure:6197: gcc -c -g -O2  conftest.c >&5
configure:6197: $? = 0
configure:6207: result: time.h
configure:6217: checking for sig_atomic_t
configure:6217: gcc -c -g -O2  conftest.c >&5
configure:6217: $? = 0
configure:6217: gcc -c -g -O2  conftest.c >&5
conftest.c: In function 'main':
conftest.c:69:27: error: expected expression before ')' token
   69 | if (sizeof ((sig_atomic_t)))
      |                           ^
configure:6217: $? = 1
configure: failed program was:
| /* confdefs.h */
| #define PACKAGE_NAME "bmake"
| #define PACKAGE_TARNAME "bmake"
| #define PACKAGE_VERSION "20251111"
| #define PACKAGE_STRING "bmake 20251111"
| #define PACKAGE_BUGREPORT "sjg@NetBSD.org"
| #define PACKAGE_URL ""
| #define HAVE_STDIO_H 1
| #define HAVE_STDLIB_H 1
| #define HAVE_STRING_H 1
| #define HAVE_INTTYPES_H 1
| #define HAVE_STDINT_H 1
| #define HAVE_STRINGS_H 1
| #define HAVE_SYS_STAT_H 1
| #define HAVE_SYS_TYPES_H 1
| #define HAVE_UNISTD_H 1
| #define HAVE_WCHAR_H 1
| #define HAVE_SYS_TIME_H 1
| #define STDC_HEADERS 1
| #define _ALL_SOURCE 1
| #define _DARWIN_C_SOURCE 1
| #define _GNU_SOURCE 1
| #define _HPUX_ALT_XOPEN_SOCKET_API 1
| #define _NETBSD_SOURCE 1
| #define _OPENBSD_SOURCE 1
| #define _POSIX_PTHREAD_SEMANTICS 1
| #define __STDC_WANT_IEC_60559_ATTRIBS_EXT__ 1
| #define __STDC_WANT_IEC_60559_BFP_EXT__ 1
| #define __STDC_WANT_IEC_60559_DFP_EXT__ 1
| #define __STDC_WANT_IEC_60559_EXT__ 1
| #define __STDC_WANT_IEC_60559_FUNCS_EXT__ 1
| #define __STDC_WANT_IEC_60559_TYPES_EXT__ 1
| #define __STDC_WANT_LIB_EXT2__ 1
| #define __STDC_WANT_MATH_SPEC_FUNCS__ 1
| #define _TANDEM_SOURCE 1
| #define __EXTENSIONS__ 1
| #define HAVE_SYS_WAIT_H 1
| #define HAVE_DIRENT_H 1
| #define HAVE_SYS_PARAM_H 1
| #define HAVE_AR_H 1
| #define HAVE_ERR_H 1
| #define HAVE_FCNTL_H 1
| #define HAVE_LIBGEN_H 1
| #define HAVE_LIMITS_H 1
| #define HAVE_PATHS_H 1
| #define HAVE_POLL_H 1
| #define HAVE_REGEX_H 1
| #define HAVE_SYS_MMAN_H 1
| #define HAVE_SYS_SELECT_H 1
| #define HAVE_SYS_SOCKET_H 1
| #define HAVE_SYS_TIME_H 1
| #define HAVE_SYS_UIO_H 1
| #define HAVE_UTIME_H 1
| #define HAVE___ATTRIBUTE__ 1
| #define HAVE_UNSIGNED_LONG_LONG_INT 1
| #define HAVE_LONG_LONG_INT 1
| #define HAVE_DECL_SYS_SIGLIST 0
| /* end confdefs.h.  */
| 
| #ifdef HAVE_SYS_TYPES_H
| #include <sys/types.h>
| #endif
| #include <signal.h>
| 
| 
| int
| main (void)
| {
| if (sizeof ((sig_atomic_t)))
| 	    return 0;
|   ;
|   return 0;
| }
configure:6217: result: yes
configure:6238: checking for fork
configure:6238: gcc -o conftest -g -O2   conftest.c  >&5
conftest.c:76:6: warning: conflicting types for built-in function 'fork'; expected 'int(void)' [-Wbuiltin-declaration-mismatch]
   76 | char fork (void);
      |      ^~~~
configure:6238: $? = 0
configure:6238: result: yes
configure:6238: checking for vfork
configure:6238: gcc -o conftest -g -O2   conftest.c  >&5
configure:6238: $? = 0
configure:6238: result: yes
configure:6238: checking for vprintf
configure:6238: gcc -o conftest -g -O2   conftest.c  >&5
conftest.c:78:6: warning: conflicting types for built-in function 'vprintf'; expected 'int(const char *, __va_list_tag *)' [-Wbuiltin-declaration-mismatch]
   78 | char vprintf (void);
      |      ^~~~~~~
conftest.c:70:1: note: 'vprintf' is declared in header '<stdio.h>'
   69 | #include <limits.h>
   70 | #undef vprintf
configure:6238: $? = 0
configure:6238: result: yes
configure:6251: checking for working fork
configure:6275: gcc -o conftest -g -O2   conftest.c  >&5
configure:6275: $? = 0
configure:6275: ./conftest
configure:6275: $? = 0
configure:6289: result: yes
configure:6310: checking for working vfork
configure:6442: result: yes
configure:6480: checking for wait3 that fills in rusage
configure:6528: gcc -o conftest -g -O2   conftest.c  >&5
configure:6528: $? = 0
configure:6528: ./conftest
configure:6528: $? = 0
configure:6542: result: yes
configure:6550: checking for err
configure:6550: gcc -o conftest -g -O2   conftest.c  >&5
configure:6550: $? = 0
configure:6550: result: yes
configure:6556: checking for errx
configure:6556: gcc -o conftest -g -O2   conftest.c  >&5
configure:6556: $? = 0
configure:6556: result: yes
configure:6562: checking for getcwd
configure:6562: gcc -o conftest -g -O2   conftest.c  >&5
configure:6562: $? = 0
configure:6562: result: yes
configure:6568: checking for getenv
configure:6568: gcc -o conftest -g -O2   conftest.c  >&5
configure:6568: $? = 0
configure:6568: result: yes
configure:6574: checking for getwd
configure:6574: gcc -o conftest -g -O2   conftest.c  >&5
/usr/bin/ld: /tmp/ccbe6zsz.o: in function `main':
/mnt/d/Github_Projects/freebsd-src/contrib/bmake/C:UsersELCOT/obj/bmake-build/linux6-x86_64/conftest.c:97:(.text.startup+0x5): warning: the `getwd' function is dangerous and should not be used.
configure:6574: $? = 0
configure:6574: result: yes
configure:6580: checking for killpg
configure:6580: gcc -o conftest -g -O2   conftest.c  >&5
configure:6580: $? = 0
configure:6580: result: yes
configure:6586: checking for putenv
configure:6586: gcc -o conftest -g -O2   conftest.c  >&5
configure:6586: $? = 0
configure:6586: result: yes
configure:6592: checking for select
configure:6592: gcc -o conftest -g -O2   conftest.c  >&5
configure:6592: $? = 0
configure:6592: result: yes
configure:6598: checking for setenv
configure:6598: gcc -o conftest -g -O2   conftest.c  >&5
configure:6598: $? = 0
configure:6598: result: yes
configure:6604: checking for setpgid
configure:6604: gcc -o conftest -g -O2   conftest.c  >&5
configure:6604: $? = 0
configure:6604: result: yes
configure:6610: checking for setrlimit
configure:6610: gcc -o conftest -g -O2   conftest.c  >&5
configure:6610: $? = 0
configure:6610: result: yes
configure:6616: checking for setsid
configure:6616: gcc -o conftest -g -O2   conftest.c  >&5
configure:6616: $? = 0
configure:6616: result: yes
configure:6622: checking for sigaddset
configure:6622: gcc -o conftest -g -O2   conftest.c  >&5
configure:6622: $? = 0
configure:6622: result: yes
configure:6628: checking for sigpending
configure:6628: gcc -o conftest -g -O2   conftest.c  >&5
configure:6628: $? = 0
configure:6628: result: yes
configure:6634: checking for sigprocmask
configure:6634: gcc -o conftest -g -O2   conftest.c  >&5
configure:6634: $? = 0
configure:6634: result: yes
configure:6640: checking for sigsetmask
configure:6640: gcc -o conftest -g -O2   conftest.c  >&5
configure:6640: $? = 0
configure:6640: result: yes
configure:6646: checking for sigsuspend
configure:6646: gcc -o conftest -g -O2   conftest.c  >&5
configure:6646: $? = 0
configure:6646: result: yes
configure:6652: checking for sigvec
configure:6652: gcc -o conftest -g -O2   conftest.c  >&5
/usr/bin/ld: /tmp/ccVt8H54.o: in function `main':
/mnt/d/Github_Projects/freebsd-src/contrib/bmake/C:UsersELCOT/obj/bmake-build/linux6-x86_64/conftest.c:110:(.text.startup+0x5): undefined reference to `sigvec'
collect2: error: ld returned 1 exit status
configure:6652: $? = 1
configure: failed program was:
| /* confdefs.h */
| #define PACKAGE_NAME "bmake"
| #define PACKAGE_TARNAME "bmake"
| #define PACKAGE_VERSION "20251111"
| #define PACKAGE_STRING "bmake 20251111"
| #define PACKAGE_BUGREPORT "sjg@NetBSD.org"
| #define PACKAGE_URL ""
| #define HAVE_STDIO_H 1
| #define HAVE_STDLIB_H 1
| #define HAVE_STRING_H 1
| #define HAVE_INTTYPES_H 1
| #define HAVE_STDINT_H 1
| #define HAVE_STRINGS_H 1
| #define HAVE_SYS_STAT_H 1
| #define HAVE_SYS_TYPES_H 1
| #define HAVE_UNISTD_H 1
| #define HAVE_WCHAR_H 1
| #define HAVE_SYS_TIME_H 1
| #define STDC_HEADERS 1
| #define _ALL_SOURCE 1
| #define _DARWIN_C_SOURCE 1
| #define _GNU_SOURCE 1
| #define _HPUX_ALT_XOPEN_SOCKET_API 1
| #define _NETBSD_SOURCE 1
| #define _OPENBSD_SOURCE 1
| #define _POSIX_PTHREAD_SEMANTICS 1
| #define __STDC_WANT_IEC_60559_ATTRIBS_EXT__ 1
| #define __STDC_WANT_IEC_60559_BFP_EXT__ 1
| #define __STDC_WANT_IEC_60559_DFP_EXT__ 1
| #define __STDC_WANT_IEC_60559_EXT__ 1
| #define __STDC_WANT_IEC_60559_FUNCS_EXT__ 1
| #define __STDC_WANT_IEC_60559_TYPES_EXT__ 1
| #define __STDC_WANT_LIB_EXT2__ 1
| #define __STDC_WANT_MATH_SPEC_FUNCS__ 1
| #define _TANDEM_SOURCE 1
| #define __EXTENSIONS__ 1
| #define HAVE_SYS_WAIT_H 1
| #define HAVE_DIRENT_H 1
| #define HAVE_SYS_PARAM_H 1
| #define HAVE_AR_H 1
| #define HAVE_ERR_H 1
| #define HAVE_FCNTL_H 1
| #define HAVE_LIBGEN_H 1
| #define HAVE_LIMITS_H 1
| #define HAVE_PATHS_H 1
| #define HAVE_POLL_H 1
| #define HAVE_REGEX_H 1
| #define HAVE_SYS_MMAN_H 1
| #define HAVE_SYS_SELECT_H 1
| #define HAVE_SYS_SOCKET_H 1
| #define HAVE_SYS_TIME_H 1
| #define HAVE_SYS_UIO_H 1
| #define HAVE_UTIME_H 1
| #define HAVE___ATTRIBUTE__ 1
| #define HAVE_UNSIGNED_LONG_LONG_INT 1
| #define HAVE_LONG_LONG_INT 1
| #define HAVE_DECL_SYS_SIGLIST 0
| #define HAVE_SIG_ATOMIC_T 1
| #define HAVE_FORK 1
| #define HAVE_VFORK 1
| #define HAVE_VPRINTF 1
| #define HAVE_WORKING_VFORK 1
| #define HAVE_WORKING_FORK 1
| #define HAVE_WAIT3 1
| #define HAVE_ERR 1
| #define HAVE_ERRX 1
| #define HAVE_GETCWD 1
| #define HAVE_GETENV 1
| #define HAVE_GETWD 1
| #define HAVE_KILLPG 1
| #define HAVE_PUTENV 1
| #define HAVE_SELECT 1
| #define HAVE_SETENV 1
| #define HAVE_SETPGID 1
| #define HAVE_SETRLIMIT 1
| #define HAVE_SETSID 1
| #define HAVE_SIGADDSET 1
| #define HAVE_SIGPENDING 1
| #define HAVE_SIGPROCMASK 1
| #define HAVE_SIGSETMASK 1
| #define HAVE_SIGSUSPEND 1
| /* end confdefs.h.  */
| /* Define sigvec to an innocuous variant, in case <limits.h> declares sigvec.
|    For example, HP-UX 11i <limits.h> declares gettimeofday.  */
| #define sigvec innocuous_sigvec
| 
| /* System header to define __stub macros and hopefully few prototypes,
|    which can conflict with char sigvec (void); below.  */
| 
| #include <limits.h>
| #undef sigvec
| 
| /* Override any GCC internal prototype to avoid an error.
|    Use char because int might match the return type of a GCC
|    builtin and then its argument prototype would still apply.  */
| #ifdef __cplusplus
| extern "C"
| #endif
| char sigvec (void);
| /* The GNU C library defines this for functions which it implements
|     to always fail with ENOSYS.  Some functions are actually named
|     something starting with __ and the normal name is an alias.  */
| #if defined __stub_sigvec || defined __stub___sigvec
| choke me
| #endif
| 
| int
| main (void)
| {
| return sigvec ();
|   ;
|   return 0;
| }
configure:6652: result: no
configure:6658: checking for snprintf
configure:6658: gcc -o conftest -g -O2   conftest.c  >&5
conftest.c:99:6: warning: conflicting types for built-in function 'snprintf'; expected 'int(char *, long unsigned int,  const char *, ...)' [-Wbuiltin-declaration-mismatch]
   99 | char snprintf (void);
      |      ^~~~~~~~
conftest.c:91:1: note: 'snprintf' is declared in header '<stdio.h>'
   90 | #include <limits.h>
   91 | #undef snprintf
configure:6658: $? = 0
configure:6658: result: yes
configure:6664: checking for strerror
configure:6664: gcc -o conftest -g -O2   conftest.c  >&5
configure:6664: $? = 0
configure:6664: result: yes
configure:6670: checking for stresep
configure:6670: gcc -o conftest -g -O2   conftest.c  >&5
/usr/bin/ld: /tmp/cc96s8HM.o: in function `main':
/mnt/d/Github_Projects/freebsd-src/contrib/bmake/C:UsersELCOT/obj/bmake-build/linux6-x86_64/conftest.c:112:(.text.startup+0x5): undefined reference to `stresep'
collect2: error: ld returned 1 exit status
configure:6670: $? = 1
configure: failed program was:
| /* confdefs.h */
| #define PACKAGE_NAME "bmake"
| #define PACKAGE_TARNAME "bmake"
| #define PACKAGE_VERSION "20251111"
| #define PACKAGE_STRING "bmake 20251111"
| #define PACKAGE_BUGREPORT "sjg@NetBSD.org"
| #define PACKAGE_URL ""
| #define HAVE_STDIO_H 1
| #define HAVE_STDLIB_H 1
| #define HAVE_STRING_H 1
| #define HAVE_INTTYPES_H 1
| #define HAVE_STDINT_H 1
| #define HAVE_STRINGS_H 1
| #define HAVE_SYS_STAT_H 1
| #define HAVE_SYS_TYPES_H 1
| #define HAVE_UNISTD_H 1
| #define HAVE_WCHAR_H 1
| #define HAVE_SYS_TIME_H 1
| #define STDC_HEADERS 1
| #define _ALL_SOURCE 1
| #define _DARWIN_C_SOURCE 1
| #define _GNU_SOURCE 1
| #define _HPUX_ALT_XOPEN_SOCKET_API 1
| #define _NETBSD_SOURCE 1
| #define _OPENBSD_SOURCE 1
| #define _POSIX_PTHREAD_SEMANTICS 1
| #define __STDC_WANT_IEC_60559_ATTRIBS_EXT__ 1
| #define __STDC_WANT_IEC_60559_BFP_EXT__ 1
| #define __STDC_WANT_IEC_60559_DFP_EXT__ 1
| #define __STDC_WANT_IEC_60559_EXT__ 1
| #define __STDC_WANT_IEC_60559_FUNCS_EXT__ 1
| #define __STDC_WANT_IEC_60559_TYPES_EXT__ 1
| #define __STDC_WANT_LIB_EXT2__ 1
| #define __STDC_WANT_MATH_SPEC_FUNCS__ 1
| #define _TANDEM_SOURCE 1
| #define __EXTENSIONS__ 1
| #define HAVE_SYS_WAIT_H 1
| #define HAVE_DIRENT_H 1
| #define HAVE_SYS_PARAM_H 1
| #define HAVE_AR_H 1
| #define HAVE_ERR_H 1
| #define HAVE_FCNTL_H 1
| #define HAVE_LIBGEN_H 1
| #define HAVE_LIMITS_H 1
| #define HAVE_PATHS_H 1
| #define HAVE_POLL_H 1
| #define HAVE_REGEX_H 1
| #define HAVE_SYS_MMAN_H 1
| #define HAVE_SYS_SELECT_H 1
| #define HAVE_SYS_SOCKET_H 1
| #define HAVE_SYS_TIME_H 1
| #define HAVE_SYS_UIO_H 1
| #define HAVE_UTIME_H 1
| #define HAVE___ATTRIBUTE__ 1
| #define HAVE_UNSIGNED_LONG_LONG_INT 1
| #define HAVE_LONG_LONG_INT 1
| #define HAVE_DECL_SYS_SIGLIST 0
| #define HAVE_SIG_ATOMIC_T 1
| #define HAVE_FORK 1
| #define HAVE_VFORK 1
| #define HAVE_VPRINTF 1
| #define HAVE_WORKING_VFORK 1
| #define HAVE_WORKING_FORK 1
| #define HAVE_WAIT3 1
| #define HAVE_ERR 1
| #define HAVE_ERRX 1
| #define HAVE_GETCWD 1
| #define HAVE_GETENV 1
| #define HAVE_GETWD 1
| #define HAVE_KILLPG 1
| #define HAVE_PUTENV 1
| #define HAVE_SELECT 1
| #define HAVE_SETENV 1
| #define HAVE_SETPGID 1
| #define HAVE_SETRLIMIT 1
| #define HAVE_SETSID 1
| #define HAVE_SIGADDSET 1
| #define HAVE_SIGPENDING 1
| #define HAVE_SIGPROCMASK 1
| #define HAVE_SIGSETMASK 1
| #define HAVE_SIGSUSPEND 1
| #define HAVE_SNPRINTF 1
| #define HAVE_STRERROR 1
| /* end confdefs.h.  */
| /* Define stresep to an innocuous variant, in case <limits.h> declares stresep.
|    For example, HP-UX 11i <limits.h> declares gettimeofday.  */
| #define stresep innocuous_stresep
| 
| /* System header to define __stub macros and hopefully few prototypes,
|    which can conflict with char stresep (void); below.  */
| 
| #include <limits.h>
| #undef stresep
| 
| /* Override any GCC internal prototype to avoid an error.
|    Use char because int might match the return type of a GCC
|    builtin and then its argument prototype would still apply.  */
| #ifdef __cplusplus
| extern "C"
| #endif
| char stresep (void);
| /* The GNU C library defines this for functions which it implements
|     to always fail with ENOSYS.  Some functions are actually named
|     something starting with __ and the normal name is an alias.  */
| #if defined __stub_stresep || defined __stub___stresep
| choke me
| #endif
| 
| int
| main (void)
| {
| return stresep ();
|   ;
|   return 0;
| }
configure:6670: result: no
configure:6676: checking for strftime
configure:6676: gcc -o conftest -g -O2   conftest.c  >&5
conftest.c:101:6: warning: conflicting types for built-in function 'strftime'; expected 'long unsigned int(char *, long unsigned int,  const char *, const void *)' [-Wbuiltin-declaration-mismatch]
  101 | char strftime (void);
      |      ^~~~~~~~
conftest.c:93:1: note: 'strftime' is declared in header '<time.h>'
   92 | #include <limits.h>
   93 | #undef strftime
configure:6676: $? = 0
configure:6676: result: yes
configure:6682: checking for strsep
configure:6682: gcc -o conftest -g -O2   conftest.c  >&5
configure:6682: $? = 0
configure:6682: result: yes
configure:6688: checking for strtod
configure:6688: gcc -o conftest -g -O2   conftest.c  >&5
configure:6688: $? = 0
configure:6688: result: yes
configure:6694: checking for strtol
configure:6694: gcc -o conftest -g -O2   conftest.c  >&5
configure:6694: $? = 0
configure:6694: result: yes
configure:6700: checking for strtoll
configure:6700: gcc -o conftest -g -O2   conftest.c  >&5
configure:6700: $? = 0
configure:6700: result: yes
configure:6706: checking for strtoul
configure:6706: gcc -o conftest -g -O2   conftest.c  >&5
configure:6706: $? = 0
configure:6706: result: yes
configure:6712: checking for sysctl
configure:6712: gcc -o conftest -g -O2   conftest.c  >&5
/usr/bin/ld: /tmp/ccg7Rqk6.o: in function `main':
/mnt/d/Github_Projects/freebsd-src/contrib/bmake/C:UsersELCOT/obj/bmake-build/linux6-x86_64/conftest.c:118:(.text.startup+0x5): undefined reference to `sysctl'
collect2: error: ld returned 1 exit status
configure:6712: $? = 1
configure: failed program was:
| /* confdefs.h */
| #define PACKAGE_NAME "bmake"
| #define PACKAGE_TARNAME "bmake"
| #define PACKAGE_VERSION "20251111"
| #define PACKAGE_STRING "bmake 20251111"
| #define PACKAGE_BUGREPORT "sjg@NetBSD.org"
| #define PACKAGE_URL ""
| #define HAVE_STDIO_H 1
| #define HAVE_STDLIB_H 1
| #define HAVE_STRING_H 1
| #define HAVE_INTTYPES_H 1
| #define HAVE_STDINT_H 1
| #define HAVE_STRINGS_H 1
| #define HAVE_SYS_STAT_H 1
| #define HAVE_SYS_TYPES_H 1
| #define HAVE_UNISTD_H 1
| #define HAVE_WCHAR_H 1
| #define HAVE_SYS_TIME_H 1
| #define STDC_HEADERS 1
| #define _ALL_SOURCE 1
| #define _DARWIN_C_SOURCE 1
| #define _GNU_SOURCE 1
| #define _HPUX_ALT_XOPEN_SOCKET_API 1
| #define _NETBSD_SOURCE 1
| #define _OPENBSD_SOURCE 1
| #define _POSIX_PTHREAD_SEMANTICS 1
| #define __STDC_WANT_IEC_60559_ATTRIBS_EXT__ 1
| #define __STDC_WANT_IEC_60559_BFP_EXT__ 1
| #define __STDC_WANT_IEC_60559_DFP_EXT__ 1
| #define __STDC_WANT_IEC_60559_EXT__ 1
| #define __STDC_WANT_IEC_60559_FUNCS_EXT__ 1
| #define __STDC_WANT_IEC_60559_TYPES_EXT__ 1
| #define __STDC_WANT_LIB_EXT2__ 1
| #define __STDC_WANT_MATH_SPEC_FUNCS__ 1
| #define _TANDEM_SOURCE 1
| #define __EXTENSIONS__ 1
| #define HAVE_SYS_WAIT_H 1
| #define HAVE_DIRENT_H 1
| #define HAVE_SYS_PARAM_H 1
| #define HAVE_AR_H 1
| #define HAVE_ERR_H 1
| #define HAVE_FCNTL_H 1
| #define HAVE_LIBGEN_H 1
| #define HAVE_LIMITS_H 1
| #define HAVE_PATHS_H 1
| #define HAVE_POLL_H 1
| #define HAVE_REGEX_H 1
| #define HAVE_SYS_MMAN_H 1
| #define HAVE_SYS_SELECT_H 1
| #define HAVE_SYS_SOCKET_H 1
| #define HAVE_SYS_TIME_H 1
| #define HAVE_SYS_UIO_H 1
| #define HAVE_UTIME_H 1
| #define HAVE___ATTRIBUTE__ 1
| #define HAVE_UNSIGNED_LONG_LONG_INT 1
| #define HAVE_LONG_LONG_INT 1
| #define HAVE_DECL_SYS_SIGLIST 0
| #define HAVE_SIG_ATOMIC_T 1
| #define HAVE_FORK 1
| #define HAVE_VFORK 1
| #define HAVE_VPRINTF 1
| #define HAVE_WORKING_VFORK 1
| #define HAVE_WORKING_FORK 1
| #define HAVE_WAIT3 1
| #define HAVE_ERR 1
| #define HAVE_ERRX 1
| #define HAVE_GETCWD 1
| #define HAVE_GETENV 1
| #define HAVE_GETWD 1
| #define HAVE_KILLPG 1
| #define HAVE_PUTENV 1
| #define HAVE_SELECT 1
| #define HAVE_SETENV 1
| #define HAVE_SETPGID 1
| #define HAVE_SETRLIMIT 1
| #define HAVE_SETSID 1
| #define HAVE_SIGADDSET 1
| #define HAVE_SIGPENDING 1
| #define HAVE_SIGPROCMASK 1
| #define HAVE_SIGSETMASK 1
| #define HAVE_SIGSUSPEND 1
| #define HAVE_SNPRINTF 1
| #define HAVE_STRERROR 1
| #define HAVE_STRFTIME 1
| #define HAVE_STRSEP 1
| #define HAVE_STRTOD 1
| #define HAVE_STRTOL 1
| #define HAVE_STRTOLL 1
| #define HAVE_STRTOUL 1
| /* end confdefs.h.  */
| /* Define sysctl to an innocuous variant, in case <limits.h> declares sysctl.
|    For example, HP-UX 11i <limits.h> declares gettimeofday.  */
| #define sysctl innocuous_sysctl
| 
| /* System header to define __stub macros and hopefully few prototypes,
|    which can conflict with char sysctl (void); below.  */
| 
| #include <limits.h>
| #undef sysctl
| 
| /* Override any GCC internal prototype to avoid an error.
|    Use char because int might match the return type of a GCC
|    builtin and then its argument prototype would still apply.  */
| #ifdef __cplusplus
| extern "C"
| #endif
| char sysctl (void);
| /* The GNU C library defines this for functions which it implements
|     to always fail with ENOSYS.  Some functions are actually named
|     something starting with __ and the normal name is an alias.  */
| #if defined __stub_sysctl || defined __stub___sysctl
| choke me
| #endif
| 
| int
| main (void)
| {
| return sysctl ();
|   ;
|   return 0;
| }
configure:6712: result: no
configure:6718: checking for unsetenv
configure:6718: gcc -o conftest -g -O2   conftest.c  >&5
configure:6718: $? = 0
configure:6718: result: yes
configure:6724: checking for vsnprintf
configure:6724: gcc -o conftest -g -O2   conftest.c  >&5
conftest.c:108:6: warning: conflicting types for built-in function 'vsnprintf'; expected 'int(char *, long unsigned int,  const char *, __va_list_tag *)' [-Wbuiltin-declaration-mismatch]
  108 | char vsnprintf (void);
      |      ^~~~~~~~~
conftest.c:100:1: note: 'vsnprintf' is declared in header '<stdio.h>'
   99 | #include <limits.h>
  100 | #undef vsnprintf
configure:6724: $? = 0
configure:6724: result: yes
configure:6730: checking for wait3
configure:6730: gcc -o conftest -g -O2   conftest.c  >&5
configure:6730: $? = 0
configure:6730: result: yes
configure:6736: checking for wait4
configure:6736: gcc -o conftest -g -O2   conftest.c  >&5
configure:6736: $? = 0
configure:6736: result: yes
configure:6742: checking for waitpid
configure:6742: gcc -o conftest -g -O2   conftest.c  >&5
configure:6742: $? = 0
configure:6742: result: yes
configure:6748: checking for warn
configure:6748: gcc -o conftest -g -O2   conftest.c  >&5
configure:6748: $? = 0
configure:6748: result: yes
configure:6754: checking for warnx
configure:6754: gcc -o conftest -g -O2   conftest.c  >&5
configure:6754: $? = 0
configure:6754: result: yes
configure:6762: checking for getopt
configure:6762: gcc -o conftest -g -O2   conftest.c  >&5
configure:6762: $? = 0
configure:6762: result: yes
configure:6776: checking for realpath
configure:6776: gcc -o conftest -g -O2   conftest.c  >&5
configure:6776: $? = 0
configure:6776: result: yes
configure:6790: checking for dirname
configure:6790: gcc -o conftest -g -O2   conftest.c  >&5
configure:6790: $? = 0
configure:6790: result: yes
configure:6804: checking for sigaction
configure:6804: gcc -o conftest -g -O2   conftest.c  >&5
configure:6804: $? = 0
configure:6804: result: yes
configure:6818: checking for stresep
configure:6818: result: no
configure:6832: checking for strlcpy
configure:6832: gcc -o conftest -g -O2   conftest.c  >&5
configure:6832: $? = 0
configure:6832: result: yes
configure:6848: checking for emalloc in -lutil
configure:6877: gcc -o conftest -g -O2   conftest.c -lutil   >&5
/usr/bin/ld: /tmp/cc0XqmO6.o: in function `main':
/mnt/d/Github_Projects/freebsd-src/contrib/bmake/C:UsersELCOT/obj/bmake-build/linux6-x86_64/conftest.c:117:(.text.startup+0x5): undefined reference to `emalloc'
collect2: error: ld returned 1 exit status
configure:6877: $? = 1
configure: failed program was:
| /* confdefs.h */
| #define PACKAGE_NAME "bmake"
| #define PACKAGE_TARNAME "bmake"
| #define PACKAGE_VERSION "20251111"
| #define PACKAGE_STRING "bmake 20251111"
| #define PACKAGE_BUGREPORT "sjg@NetBSD.org"
| #define PACKAGE_URL ""
| #define HAVE_STDIO_H 1
| #define HAVE_STDLIB_H 1
| #define HAVE_STRING_H 1
| #define HAVE_INTTYPES_H 1
| #define HAVE_STDINT_H 1
| #define HAVE_STRINGS_H 1
| #define HAVE_SYS_STAT_H 1
| #define HAVE_SYS_TYPES_H 1
| #define HAVE_UNISTD_H 1
| #define HAVE_WCHAR_H 1
| #define HAVE_SYS_TIME_H 1
| #define STDC_HEADERS 1
| #define _ALL_SOURCE 1
| #define _DARWIN_C_SOURCE 1
| #define _GNU_SOURCE 1
| #define _HPUX_ALT_XOPEN_SOCKET_API 1
| #define _NETBSD_SOURCE 1
| #define _OPENBSD_SOURCE 1
| #define _POSIX_PTHREAD_SEMANTICS 1
| #define __STDC_WANT_IEC_60559_ATTRIBS_EXT__ 1
| #define __STDC_WANT_IEC_60559_BFP_EXT__ 1
| #define __STDC_WANT_IEC_60559_DFP_EXT__ 1
| #define __STDC_WANT_IEC_60559_EXT__ 1
| #define __STDC_WANT_IEC_60559_FUNCS_EXT__ 1
| #define __STDC_WANT_IEC_60559_TYPES_EXT__ 1
| #define __STDC_WANT_LIB_EXT2__ 1
| #define __STDC_WANT_MATH_SPEC_FUNCS__ 1
| #define _TANDEM_SOURCE 1
| #define __EXTENSIONS__ 1
| #define HAVE_SYS_WAIT_H 1
| #define HAVE_DIRENT_H 1
| #define HAVE_SYS_PARAM_H 1
| #define HAVE_AR_H 1
| #define HAVE_ERR_H 1
| #define HAVE_FCNTL_H 1
| #define HAVE_LIBGEN_H 1
| #define HAVE_LIMITS_H 1
| #define HAVE_PATHS_H 1
| #define HAVE_POLL_H 1
| #define HAVE_REGEX_H 1
| #define HAVE_SYS_MMAN_H 1
| #define HAVE_SYS_SELECT_H 1
| #define HAVE_SYS_SOCKET_H 1
| #define HAVE_SYS_TIME_H 1
| #define HAVE_SYS_UIO_H 1
| #define HAVE_UTIME_H 1
| #define HAVE___ATTRIBUTE__ 1
| #define HAVE_UNSIGNED_LONG_LONG_INT 1
| #define HAVE_LONG_LONG_INT 1
| #define HAVE_DECL_SYS_SIGLIST 0
| #define HAVE_SIG_ATOMIC_T 1
| #define HAVE_FORK 1
| #define HAVE_VFORK 1
| #define HAVE_VPRINTF 1
| #define HAVE_WORKING_VFORK 1
| #define HAVE_WORKING_FORK 1
| #define HAVE_WAIT3 1
| #define HAVE_ERR 1
| #define HAVE_ERRX 1
| #define HAVE_GETCWD 1
| #define HAVE_GETENV 1
| #define HAVE_GETWD 1
| #define HAVE_KILLPG 1
| #define HAVE_PUTENV 1
| #define HAVE_SELECT 1
| #define HAVE_SETENV 1
| #define HAVE_SETPGID 1
| #define HAVE_SETRLIMIT 1
| #define HAVE_SETSID 1
| #define HAVE_SIGADDSET 1
| #define HAVE_SIGPENDING 1
| #define HAVE_SIGPROCMASK 1
| #define HAVE_SIGSETMASK 1
| #define HAVE_SIGSUSPEND 1
| #define HAVE_SNPRINTF 1
| #define HAVE_STRERROR 1
| #define HAVE_STRFTIME 1
| #define HAVE_STRSEP 1
| #define HAVE_STRTOD 1
| #define HAVE_STRTOL 1
| #define HAVE_STRTOLL 1
| #define HAVE_STRTOUL 1
| #define HAVE_UNSETENV 1
| #define HAVE_VSNPRINTF 1
| #define HAVE_WAIT3 1
| #define HAVE_WAIT4 1
| #define HAVE_WAITPID 1
| #define HAVE_WARN 1
| #define HAVE_WARNX 1
| #define HAVE_GETOPT 1
| #define HAVE_REALPATH 1
| #define HAVE_DIRNAME 1
| #define HAVE_SIGACTION 1
| #define HAVE_STRLCPY 1
| /* end confdefs.h.  */
| 
| /* Override any GCC internal prototype to avoid an error.
|    Use char because int might match the return type of a GCC
|    builtin and then its argument prototype would still apply.
|    The 'extern "C"' is for builds by C++ compilers;
|    although this is not generally supported in C code supporting it here
|    has little cost and some practical benefit (sr 110532).  */
| #ifdef __cplusplus
| extern "C"
| #endif
| char emalloc (void);
| int
| main (void)
| {
| return emalloc ();
|   ;
|   return 0;
| }
configure:6889: result: no
configure:7039: checking whether stat file-mode macros are broken
configure:7067: gcc -c -g -O2  conftest.c >&5
configure:7067: $? = 0
configure:7077: result: no
configure:7103: gcc -c -g -O2  conftest.c >&5
configure:7103: $? = 0
/mnt/d/Github_Projects/freebsd-src/contrib/bmake/configure: line 7140: conftest.c: command not found
configure:7440: creating ./config.status

## ---------------------- ##
## Running config.status. ##
## ---------------------- ##

This file was extended by bmake config.status 20251111, which was
generated by GNU Autoconf 2.72.  Invocation command line was

  CONFIG_FILES    = 
  CONFIG_HEADERS  = 
  CONFIG_LINKS    = 
  CONFIG_COMMANDS = 
  $ ./config.status 

on DESKTOP-UVIULNA

config.status:900: creating makefile
config.status:900: creating Makefile.config
config.status:900: creating unit-tests/Makefile.config
config.status:900: creating make-bootstrap.sh
config.status:900: creating config.h

## ---------------- ##
## Cache variables. ##
## ---------------- ##

ac_cv___attribute__=yes
ac_cv_c_bigendian=no
ac_cv_c_compiler_gnu=yes
ac_cv_c_const=yes
ac_cv_c_inline=inline
ac_cv_c_int64_t=yes
ac_cv_c_uint32_t=yes
ac_cv_c_undeclared_builtin_options='none needed'
ac_cv_env_CC_set=
ac_cv_env_CC_value=
ac_cv_env_CFLAGS_set=
ac_cv_env_CFLAGS_value=
ac_cv_env_CPPFLAGS_set=
ac_cv_env_CPPFLAGS_value=
ac_cv_env_LDFLAGS_set=
ac_cv_env_LDFLAGS_value=
ac_cv_env_LIBS_set=
ac_cv_env_LIBS_value=
ac_cv_env_build_alias_set=
ac_cv_env_build_alias_value=
ac_cv_env_host_alias_set=
ac_cv_env_host_alias_value=
ac_cv_env_target_alias_set=
ac_cv_env_target_alias_value=
ac_cv_func_dirname=yes
ac_cv_func_err=yes
ac_cv_func_errx=yes
ac_cv_func_fork=yes
ac_cv_func_fork_works=yes
ac_cv_func_getcwd=yes
ac_cv_func_getenv=yes
ac_cv_func_getopt=yes
ac_cv_func_getwd=yes
ac_cv_func_killpg=yes
ac_cv_func_putenv=yes
ac_cv_func_realpath=yes
ac_cv_func_select=yes
ac_cv_func_setenv=yes
ac_cv_func_setpgid=yes
ac_cv_func_setrlimit=yes
ac_cv_func_setsid=yes
ac_cv_func_sigaction=yes
ac_cv_func_sigaddset=yes
ac_cv_func_sigpending=yes
ac_cv_func_sigprocmask=yes
ac_cv_func_sigsetmask=yes
ac_cv_func_sigsuspend=yes
ac_cv_func_sigvec=no
ac_cv_func_snprintf=yes
ac_cv_func_strerror=yes
ac_cv_func_stresep=no
ac_cv_func_strftime=yes
ac_cv_func_strlcpy=yes
ac_cv_func_strsep=yes
ac_cv_func_strtod=yes
ac_cv_func_strtol=yes
ac_cv_func_strtoll=yes
ac_cv_func_strtoul=yes
ac_cv_func_sysctl=no
ac_cv_func_unsetenv=yes
ac_cv_func_vfork=yes
ac_cv_func_vfork_works=yes
ac_cv_func_vprintf=yes
ac_cv_func_vsnprintf=yes
ac_cv_func_wait3=yes
ac_cv_func_wait3_rusage=yes
ac_cv_func_wait4=yes
ac_cv_func_waitpid=yes
ac_cv_func_warn=yes
ac_cv_func_warnx=yes
ac_cv_have_decl_sys_siglist=no
ac_cv_header_ar_h=yes
ac_cv_header_dirent_dirent_h=yes
ac_cv_header_err_h=yes
ac_cv_header_fcntl_h=yes
ac_cv_header_inttypes_h=yes
ac_cv_header_libgen_h=yes
ac_cv_header_limits_h=yes
ac_cv_header_minix_config_h=no
ac_cv_header_paths_h=yes
ac_cv_header_poll_h=yes
ac_cv_header_ranlib_h=no
ac_cv_header_regex_h=yes
ac_cv_header_stat_broken=no
ac_cv_header_stdint_h=yes
ac_cv_header_stdio_h=yes
ac_cv_header_stdlib_h=yes
ac_cv_header_string_h=yes
ac_cv_header_strings_h=yes
ac_cv_header_sys_cdefs_h=yes
ac_cv_header_sys_mman_h=yes
ac_cv_header_sys_param_h=yes
ac_cv_header_sys_select_h=yes
ac_cv_header_sys_socket_h=yes
ac_cv_header_sys_stat_h=yes
ac_cv_header_sys_sysctl_h=no
ac_cv_header_sys_time_h=yes
ac_cv_header_sys_types_h=yes
ac_cv_header_sys_uio_h=yes
ac_cv_header_sys_wait_h=yes
ac_cv_header_unistd_h=yes
ac_cv_header_utime_h=yes
ac_cv_header_vfork_h=no
ac_cv_header_wchar_h=yes
ac_cv_lib_util_emalloc=no
ac_cv_objext=o
ac_cv_path_install='/usr/bin/install -c'
ac_cv_prog_ac_ct_CC=gcc
ac_cv_prog_cc_c11=
ac_cv_prog_cc_g=yes
ac_cv_prog_cc_stdc=
ac_cv_safe_to_define___extensions__=yes
ac_cv_search_opendir='none required'
ac_cv_should_define__xopen_source=no
ac_cv_struct_tm=time.h
ac_cv_type_long_long_int=yes
ac_cv_type_mode_t=yes
ac_cv_type_off_t=yes
ac_cv_type_pid_t=yes
ac_cv_type_sig_atomic_t=yes
ac_cv_type_size_t=yes
ac_cv_type_unsigned_long_long_int=yes

## ----------------- ##
## Output variables. ##
## ----------------- ##

CC='gcc'
CFLAGS='-g -O2'
CPPFLAGS=''
DEFS='-DHAVE_CONFIG_H'
ECHO_C=''
ECHO_N='-n'
ECHO_T=''
EXEEXT=''
GCC='yes'
INSTALL='/usr/bin/install -c'
INSTALL_DATA='${INSTALL} -m 644'
INSTALL_PROGRAM='${INSTALL}'
INSTALL_SCRIPT='${INSTALL}'
LDFLAGS=''
LIBOBJS=' ${LIBOBJDIR}stresep$U.o'
LIBS=''
LTLIBOBJS=' ${LIBOBJDIR}stresep$U.lo'
OBJEXT='o'
PACKAGE_BUGREPORT='sjg@NetBSD.org'
PACKAGE_NAME='bmake'
PACKAGE_STRING='bmake 20251111'
PACKAGE_TARNAME='bmake'
PACKAGE_URL=''
PACKAGE_VERSION='20251111'
PATH_SEPARATOR=':'
SHELL='/bin/bash'
UTC_1='Europe/Berlin'
_MAKE_VERSION='20251111'
ac_ct_CC='gcc'
ac_exe_suffix=''
bindir='${exec_prefix}/bin'
bmake_path_max='1024'
build_alias=''
datadir='${datarootdir}'
datarootdir='${prefix}/share'
default_sys_path='.../share/mk:/home/aakash/obj/bmake-install/share/mk'
diff='diff'
diff_u='-u'
docdir='${datarootdir}/doc/${PACKAGE_TARNAME}'
dvidir='${docdir}'
egrep='egrep'
exec_prefix='${prefix}'
filemon_h=''
force_machine=''
force_machine_arch=''
force_make_os=''
host_alias=''
htmldir='${docdir}'
includedir='${prefix}/include'
infodir='${datarootdir}/info'
libdir='${exec_prefix}/lib'
libexecdir='${exec_prefix}/libexec'
localedir='${datarootdir}/locale'
localstatedir='${prefix}/var'
lua=''
machine='amd64'
machine_arch='x86_64'
make_os=''
mandir='${datarootdir}/man'
mksrc='${srcdir}/mk'
oldincludedir='/usr/include'
pdfdir='${docdir}'
prefix='/home/aakash/obj/bmake-install'
program_transform_name='s,x,x,'
psdir='${docdir}'
runstatedir='${localstatedir}/run'
sbindir='${exec_prefix}/sbin'
sharedstatedir='${prefix}/com'
sysconfdir='${prefix}/etc'
target_alias=''
use_filemon='no'
use_meta='yes'

## ----------- ##
## confdefs.h. ##
## ----------- ##

/* confdefs.h */
#define PACKAGE_NAME "bmake"
#define PACKAGE_TARNAME "bmake"
#define PACKAGE_VERSION "20251111"
#define PACKAGE_STRING "bmake 20251111"
#define PACKAGE_BUGREPORT "sjg@NetBSD.org"
#define PACKAGE_URL ""
#define HAVE_STDIO_H 1
#define HAVE_STDLIB_H 1
#define HAVE_STRING_H 1
#define HAVE_INTTYPES_H 1
#define HAVE_STDINT_H 1
#define HAVE_STRINGS_H 1
#define HAVE_SYS_STAT_H 1
#define HAVE_SYS_TYPES_H 1
#define HAVE_UNISTD_H 1
#define HAVE_WCHAR_H 1
#define HAVE_SYS_TIME_H 1
#define STDC_HEADERS 1
#define _ALL_SOURCE 1
#define _DARWIN_C_SOURCE 1
#define _GNU_SOURCE 1
#define _HPUX_ALT_XOPEN_SOCKET_API 1
#define _NETBSD_SOURCE 1
#define _OPENBSD_SOURCE 1
#define _POSIX_PTHREAD_SEMANTICS 1
#define __STDC_WANT_IEC_60559_ATTRIBS_EXT__ 1
#define __STDC_WANT_IEC_60559_BFP_EXT__ 1
#define __STDC_WANT_IEC_60559_DFP_EXT__ 1
#define __STDC_WANT_IEC_60559_EXT__ 1
#define __STDC_WANT_IEC_60559_FUNCS_EXT__ 1
#define __STDC_WANT_IEC_60559_TYPES_EXT__ 1
#define __STDC_WANT_LIB_EXT2__ 1
#define __STDC_WANT_MATH_SPEC_FUNCS__ 1
#define _TANDEM_SOURCE 1
#define __EXTENSIONS__ 1
#define HAVE_SYS_WAIT_H 1
#define HAVE_DIRENT_H 1
#define HAVE_SYS_PARAM_H 1
#define HAVE_AR_H 1
#define HAVE_ERR_H 1
#define HAVE_FCNTL_H 1
#define HAVE_LIBGEN_H 1
#define HAVE_LIMITS_H 1
#define HAVE_PATHS_H 1
#define HAVE_POLL_H 1
#define HAVE_REGEX_H 1
#define HAVE_SYS_MMAN_H 1
#define HAVE_SYS_SELECT_H 1
#define HAVE_SYS_SOCKET_H 1
#define HAVE_SYS_TIME_H 1
#define HAVE_SYS_UIO_H 1
#define HAVE_UTIME_H 1
#define HAVE___ATTRIBUTE__ 1
#define HAVE_UNSIGNED_LONG_LONG_INT 1
#define HAVE_LONG_LONG_INT 1
#define HAVE_DECL_SYS_SIGLIST 0
#define HAVE_SIG_ATOMIC_T 1
#define HAVE_FORK 1
#define HAVE_VFORK 1
#define HAVE_VPRINTF 1
#define HAVE_WORKING_VFORK 1
#define HAVE_WORKING_FORK 1
#define HAVE_WAIT3 1
#define HAVE_ERR 1
#define HAVE_ERRX 1
#define HAVE_GETCWD 1
#define HAVE_GETENV 1
#define HAVE_GETWD 1
#define HAVE_KILLPG 1
#define HAVE_PUTENV 1
#define HAVE_SELECT 1
#define HAVE_SETENV 1
#define HAVE_SETPGID 1
#define HAVE_SETRLIMIT 1
#define HAVE_SETSID 1
#define HAVE_SIGADDSET 1
#define HAVE_SIGPENDING 1
#define HAVE_SIGPROCMASK 1
#define HAVE_SIGSETMASK 1
#define HAVE_SIGSUSPEND 1
#define HAVE_SNPRINTF 1
#define HAVE_STRERROR 1
#define HAVE_STRFTIME 1
#define HAVE_STRSEP 1
#define HAVE_STRTOD 1
#define HAVE_STRTOL 1
#define HAVE_STRTOLL 1
#define HAVE_STRTOUL 1
#define HAVE_UNSETENV 1
#define HAVE_VSNPRINTF 1
#define HAVE_WAIT3 1
#define HAVE_WAIT4 1
#define HAVE_WAITPID 1
#define HAVE_WARN 1
#define HAVE_WARNX 1
#define HAVE_GETOPT 1
#define HAVE_REALPATH 1
#define HAVE_DIRNAME 1
#define HAVE_SIGACTION 1
#define HAVE_STRLCPY 1

configure: exit 0
