USER=aakash
HOST_ARCH32=i386
PS_AXC=axc
HOSTNAME=DESKTOP-UVIULNA
SHLVL=0
LN=ln
HOME=/home/aakash
OLDPWD=/mnt/d/Github_Projects/freebsd-src/contrib/bmake/C:UsersELCOT/obj/bmake-build
MACHINE_ARCH=x86_64
OSMAJOR=6
DBUS_SESSION_BUS_ADDRESS=unix:path=/run/user/1000/bus
WSL_DISTRO_NAME=Debian
SHARE_ARCH=Linux/6.X/x86_64
WAYLAND_DISPLAY=wayland-0
LOGNAME=aakash
OSREL=6.6.87.2-microsoft-standard-WSL2
HOST_TARGET32=linux6-i386
NAME=DESKTOP-UVIULNA
WSL_INTEROP=/run/WSL/11497_interop
PULSE_SERVER=unix:/mnt/wslg/PulseServer
_=/usr/bin/sh
MACHINE=x86_64
TERM=xterm-256color
HOST_ARCH=x86_64
PATH=/usr/local/sbin:/usr/local/bin:/usr/sbin:/usr/bin:/sbin:/bin:/usr/games:/usr/local/games:/usr/lib/wsl/lib:/mnt/c/Python314/Scripts/:/mnt/c/Python314/:/mnt/c/Program Files/Java/jdk-21/bin:/mnt/c/Program Files/Common Files/Oracle/Java/javapath:/mnt/c/Program Files (x86)/Common Files/Oracle/Java/java8path:/mnt/c/Program Files (x86)/Common Files/Oracle/Java/javapath:/mnt/c/windows/system32:/mnt/c/windows:/mnt/c/windows/System32/Wbem:/mnt/c/windows/System32/WindowsPowerShell/v1.0/:/mnt/c/windows/System32/OpenSSH/:/mnt/c/Program Files/nodejs/:/mnt/c/ProgramData/chocolatey/bin:/mnt/c/Program Files/Git/cmd:/mnt/c/Program Files (x86)/Go/bin:/mnt/c/ProgramData/chocolatey/lib/maven/apache-maven-3.9.12/bin:/mnt/c/Program Files/Pandoc/:/mnt/c/Users/ELCOT/.local/bin:/mnt/c/Program Files/MySQL/MySQL Shell 8.0/bin/:/mnt/c/Users/ELCOT/AppData/Local/Microsoft/WindowsApps:/mnt/c/Users/ELCOT/AppData/Local/Programs/Microsoft VS Code/bin:/mnt/c/Users/ELCOT/AppData/Roaming/npm:/mnt/c/Users/ELCOT/AppData/Local/Programs/Antigravity/bin:/mnt/c/Users/ELCOT/AppData/Local/GitHubDesktop/bin:/mnt/c/Users/ELCOT/go/bin
XDG_RUNTIME_DIR=/run/user/1000/
OS=Linux
DISPLAY=:0
LANG=en_US.UTF-8
MD5=/usr/bin/md5sum
SHELL=/bin/bash
K=
HOST=DESKTOP-UVIULNA
TR=tr
LOCALBASE=/usr/local
HOST_TARGET=linux6-x86_64
PWD=/mnt/d/Github_Projects/freebsd-src/contrib/bmake/C:UsersELCOT/obj/bmake-build/linux6-x86_64
LOCAL_FS=ext2
TMP_DIRS=/tmp /var/tmp
WSL2_GUI_APPS_ENABLED=1
HOSTTYPE=x86_64
WSLENV=
