IBMAD_1.3 {
	global:
		_mad_dump;
		_mad_dump_field;
		_mad_dump_val;
		_mad_print_field;
		mad_dump_array;
		mad_dump_bitfield;
		mad_dump_hex;
		mad_dump_int;
		mad_dump_linkdowndefstate;
		mad_dump_linkspeed;
		mad_dump_linkspeeden;
		mad_dump_linkspeedsup;
		mad_dump_linkwidth;
		mad_dump_linkwidthen;
		mad_dump_linkwidthsup;
		mad_dump_mtu;
		mad_dump_node_type;
		mad_dump_nodedesc;
		mad_dump_nodeinfo;
		mad_dump_opervls;
		mad_dump_perfcounters;
		mad_dump_perfcounters_ext;
		mad_dump_physportstate;
		mad_dump_portcapmask;
		mad_dump_portinfo;
		mad_dump_portstates;
		mad_dump_portstate;
		mad_dump_rhex;
		mad_dump_sltovl;
		mad_dump_string;
		mad_dump_switchinfo;
		mad_dump_uint;
		mad_dump_vlarbitration;
		mad_dump_vlcap;
		_get_array;
		_get_field;
		_get_field64;
		_set_array;
		_set_field;
		_set_field64;
		ib_mad_f;
		perf_classportinfo_query;
		port_performance_query;
		port_performance_reset;
		port_performance_ext_query;
		port_performance_ext_reset;
		port_samples_control_query;
		port_samples_result_query;
		mad_build_pkt;
		mad_decode_field;
		mad_encode;
		mad_encode_field;
		mad_trid;
		portid2portnum;
		portid2str;
		str2drpath;
		drpath2str;
		mad_agent_class;
		mad_class_agent;
		mad_register_client;
		mad_register_server;
		ib_resolve_guid;
		ib_resolve_portid_str;
		ib_resolve_self;
		ib_resolve_smlid;
		ibdebug;
		mad_rpc_open_port;
		mad_rpc_close_port;
		mad_rpc;
		mad_rpc_rmpp;
		madrpc;
		madrpc_def_timeout;
		madrpc_init;
		madrpc_lock;
		madrpc_portid;
		madrpc_rmpp;
		madrpc_save_mad;
		madrpc_set_retries;
		madrpc_set_timeout;
		madrpc_show_errors;
		madrpc_unlock;
		ib_path_query;
		sa_call;
		sa_rpc_call;
		mad_alloc;
		mad_free;
		mad_receive;
		mad_respond;
		mad_send;
		smp_query;
		smp_set;
		ib_vendor_call;
		smp_query_via;
		smp_set_via;
		ib_path_query_via;
		ib_resolve_smlid_via;
		ib_resolve_guid_via;
		ib_resolve_portid_str_via;
		ib_resolve_self_via;
		perf_classportinfo_query_via;
		port_performance_query_via;
		port_performance_reset_via;
		port_performance_ext_query_via;
		port_performance_ext_reset_via;
		port_samples_control_query_via;
		port_samples_result_query_via;
	local: *;
};
