HEIMDAL_KRB5_2.0 {
	global:
		initialize_k524_error_table;
		initialize_krb5_error_table;
		krb524_convert_creds_kdc;
		krb5_address_compare;
		krb5_address_order;
		krb5_address_search;
		krb5_allow_weak_crypto;
		krb5_aname_to_localname;
		krb5_appdefault_boolean;
		krb5_appdefault_string;
		krb5_auth_con_free;
		krb5_auth_con_genaddrs;
		krb5_auth_con_getaddrs;
		krb5_auth_con_getauthenticator;
		krb5_auth_con_getflags;
		krb5_auth_con_getkey;
		krb5_auth_con_getlocalseqnumber;
		krb5_auth_con_getlocalsubkey;
		krb5_auth_con_getrcache;
		krb5_auth_con_getrecvsubkey;
		krb5_auth_con_getremoteseqnumber;
		krb5_auth_con_getremotesubkey;
		krb5_auth_con_getsendsubkey;
		krb5_auth_con_init;
		krb5_auth_con_setaddrs;
		krb5_auth_con_setflags;
		krb5_auth_con_setrcache;
		krb5_auth_con_setrecvsubkey;
		krb5_auth_con_setsendsubkey;
		krb5_build_principal;
		krb5_build_principal_ext;
		krb5_build_principal_va;
		krb5_cc_cache_match;
		krb5_cc_close;
		krb5_cc_copy_creds;
		krb5_cc_default;
		krb5_cc_default_name;
		krb5_cc_destroy;
		krb5_cc_end_seq_get;
		krb5_cc_gen_new;
		krb5_cc_get_config;
		krb5_cc_get_full_name;
		krb5_cc_get_name;
		krb5_cc_get_principal;
		krb5_cc_get_type;
		krb5_cc_initialize;
		krb5_cc_move;
		krb5_cc_new_unique;
		krb5_cc_next_cred;
		krb5_cc_register;
		krb5_cc_remove_cred;
		krb5_cc_resolve;
		krb5_cc_retrieve_cred;
		krb5_cc_set_config;
		krb5_cc_set_default_name;
		krb5_cc_set_flags;
		krb5_cc_start_seq_get;
		krb5_cc_store_cred;
		krb5_cc_support_switch;
		krb5_cc_switch;
		krb5_cccol_cursor_free;
		krb5_cccol_cursor_new;
		krb5_cccol_cursor_next;
		krb5_change_password;
		krb5_clear_error_message;
		krb5_copy_addresses;
		krb5_copy_checksum;
		krb5_copy_context;
		krb5_copy_creds;
		krb5_copy_data;
		krb5_copy_keyblock;
		krb5_copy_keyblock_contents;
		krb5_copy_principal;
		krb5_copy_ticket;
		krb5_expand_hostname;
		krb5_fcc_ops;
		krb5_free_address;
		krb5_free_addresses;
		krb5_free_ap_rep_enc_part;
		krb5_free_authenticator;
		krb5_free_checksum;
		krb5_free_checksum_contents;
		krb5_free_config_files;
		krb5_free_context;
		krb5_free_cred_contents;
		krb5_free_creds;
		krb5_free_data;
		krb5_free_data_contents;
		krb5_free_default_realm;
		krb5_free_error_message;
		krb5_free_host_realm;
		krb5_free_kdc_rep;
		krb5_free_keyblock;
		krb5_free_keyblock_contents;
		krb5_free_principal;
		krb5_free_ticket;
		krb5_free_unparsed_name;
		krb5_fwd_tgt_creds;
		krb5_generate_seq_number;
		krb5_generate_subkey;
		krb5_get_credentials;
		krb5_get_default_config_files;
		krb5_get_default_realm;
		krb5_get_error_message;
		krb5_get_host_realm;
		krb5_get_in_tkt_with_keytab;
		krb5_get_in_tkt_with_password;
		krb5_get_in_tkt_with_skey;
		krb5_get_init_creds_keytab;
		krb5_get_init_creds_opt_alloc;
		krb5_get_init_creds_opt_free;
		krb5_get_init_creds_opt_init;
		krb5_get_init_creds_opt_set_address_list;
		krb5_get_init_creds_opt_set_anonymous;
		krb5_get_init_creds_opt_set_canonicalize;
		krb5_get_init_creds_opt_set_etype_list;
		krb5_get_init_creds_opt_set_forwardable;
		krb5_get_init_creds_opt_set_pac_request;
		krb5_get_init_creds_opt_set_preauth_list;
		krb5_get_init_creds_opt_set_proxiable;
		krb5_get_init_creds_opt_set_renew_life;
		krb5_get_init_creds_opt_set_salt;
		krb5_get_init_creds_opt_set_tkt_life;
		krb5_get_init_creds_password;
		krb5_get_permitted_enctypes;
		krb5_get_renewed_creds;
		krb5_get_server_rcache;
		krb5_get_validated_creds;
		krb5_init_context;
		krb5_init_creds_free;
		krb5_init_creds_get;
		krb5_init_creds_get_creds;
		krb5_init_creds_get_error;
		krb5_init_creds_init;
		krb5_init_creds_set_keytab;
		krb5_init_creds_set_password;
		krb5_init_creds_set_service;
		krb5_is_config_principal;
		krb5_is_thread_safe;
		krb5_kt_add_entry;
		krb5_kt_close;
		krb5_kt_default;
		krb5_kt_default_name;
		krb5_kt_end_seq_get;
		krb5_kt_free_entry;
		krb5_kt_get_entry;
		krb5_kt_get_name;
		krb5_kt_get_type;
		krb5_kt_have_content;
		krb5_kt_next_entry;
		krb5_kt_read_service_key;
		krb5_kt_register;
		krb5_kt_remove_entry;
		krb5_kt_resolve;
		krb5_kt_start_seq_get;
		krb5_kuserok;
		krb5_mcc_ops;
		krb5_mk_error;
		krb5_mk_priv;
		krb5_mk_rep;
		krb5_mk_req;
		krb5_mk_req_extended;
		krb5_mk_safe;
		krb5_net_read;
		krb5_net_write;
		krb5_pac_add_buffer;
		krb5_pac_free;
		krb5_pac_get_buffer;
		krb5_pac_get_types;
		krb5_pac_init;
		krb5_pac_parse;
		krb5_pac_verify;
		krb5_parse_name;
		krb5_parse_name_flags;
		krb5_prepend_error_message;
		krb5_principal_compare;
		krb5_principal_compare_any_realm;
		krb5_prompter_posix;
		krb5_rc_default;
		krb5_rc_destroy;
		krb5_rc_get_lifespan;
		krb5_rc_initialize;
		krb5_rd_cred;
		krb5_rd_error;
		krb5_rd_priv;
		krb5_rd_rep;
		krb5_rd_req;
		krb5_rd_safe;
		krb5_read_message;
		krb5_realm_compare;
		krb5_recvauth;
		krb5_salttype_to_string;
		krb5_sendauth;
		krb5_sendto_kdc;
		krb5_set_config_files;
		krb5_set_default_realm;
		krb5_set_error_message;
		krb5_set_password;
		krb5_set_password_using_ccache;
		krb5_set_real_time;
		krb5_sname_to_principal;
		krb5_string_to_deltat;
		krb5_string_to_salttype;
		krb5_timeofday;
		krb5_unparse_name;
		krb5_unparse_name_flags;
		krb5_us_timeofday;
		krb5_verify_init_creds;
		krb5_verify_init_creds_opt_init;
		krb5_verify_init_creds_opt_set_ap_req_nofail;
		krb5_vprepend_error_message;
		krb5_vset_error_message;
		krb5_write_message;
};

krb5_3_MIT {
	global:
		_krb5_conf_boolean;
		decode_krb5_ad_kdcissued;
		decode_krb5_ap_rep;
		decode_krb5_ap_rep_enc_part;
		decode_krb5_ap_req;
		decode_krb5_as_rep;
		decode_krb5_as_req;
		decode_krb5_authdata;
		decode_krb5_authenticator;
		decode_krb5_cammac;
		decode_krb5_cred;
		decode_krb5_enc_cred_part;
		decode_krb5_enc_data;
		decode_krb5_enc_kdc_rep_part;
		decode_krb5_enc_priv_part;
		decode_krb5_enc_sam_response_enc_2;
		decode_krb5_enc_tkt_part;
		decode_krb5_encryption_key;
		decode_krb5_error;
		decode_krb5_etype_info;
		decode_krb5_etype_info2;
		decode_krb5_fast_req;
		decode_krb5_fast_response;
		decode_krb5_iakerb_finished;
		decode_krb5_iakerb_header;
		decode_krb5_kdc_req_body;
		decode_krb5_otp_tokeninfo;
		decode_krb5_kkdcp_message;
		decode_krb5_pa_enc_ts;
		decode_krb5_pa_for_user;
		decode_krb5_pa_fx_fast_reply;
		decode_krb5_pa_fx_fast_request;
		decode_krb5_pa_otp_challenge;
		decode_krb5_pa_otp_req;
		decode_krb5_pa_otp_enc_req;
		decode_krb5_pa_pac_options;
		decode_krb5_pa_pac_req;
		decode_krb5_pa_s4u_x509_user;
		decode_krb5_pa_spake;
		decode_krb5_padata_sequence;
		decode_krb5_priv;
		decode_krb5_safe;
		decode_krb5_sam_challenge_2;
		decode_krb5_sam_challenge_2_body;
		decode_krb5_sam_response_2;
		decode_krb5_secure_cookie;
		decode_krb5_setpw_req;
		decode_krb5_spake_factor;
		decode_krb5_tgs_rep;
		decode_krb5_tgs_req;
		decode_krb5_ticket;
		decode_krb5_typed_data;
		decode_utf8_strings;
		encode_krb5_ad_kdcissued;
		encode_krb5_ap_rep;
		encode_krb5_ap_rep_enc_part;
		encode_krb5_ap_req;
		encode_krb5_as_rep;
		encode_krb5_as_req;
		encode_krb5_authdata;
		encode_krb5_authenticator;
		encode_krb5_cammac;
		encode_krb5_checksum;
		encode_krb5_cred;
		encode_krb5_enc_cred_part;
		encode_krb5_enc_data;
		encode_krb5_enc_kdc_rep_part;
		encode_krb5_enc_priv_part;
		encode_krb5_enc_sam_response_enc_2;
		encode_krb5_enc_tkt_part;
		encode_krb5_encryption_key;
		encode_krb5_error;
		encode_krb5_etype_info;
		encode_krb5_etype_info2;
		encode_krb5_fast_response;
		encode_krb5_iakerb_finished;
		encode_krb5_iakerb_header;
		encode_krb5_kdc_req_body;
		encode_krb5_otp_tokeninfo;
		encode_krb5_kkdcp_message;
		encode_krb5_pa_enc_ts;
		encode_krb5_pa_for_user;
		encode_krb5_pa_fx_fast_reply;
		encode_krb5_pa_otp_challenge;
		encode_krb5_pa_otp_req;
		encode_krb5_pa_otp_enc_req;
		encode_krb5_pa_pac_options;
		encode_krb5_pa_s4u_x509_user;
		encode_krb5_pa_spake;
		encode_krb5_padata_sequence;
		encode_krb5_pkinit_supp_pub_info;
		encode_krb5_priv;
		encode_krb5_s4u_userid;
		encode_krb5_safe;
		encode_krb5_sam_challenge_2;
		encode_krb5_sam_challenge_2_body;
		encode_krb5_sam_response_2;
		encode_krb5_secure_cookie;
		encode_krb5_sp80056a_other_info;
		encode_krb5_spake_factor;
		encode_krb5_tgs_rep;
		encode_krb5_tgs_req;
		encode_krb5_ticket;
		encode_krb5_typed_data;
		encode_utf8_strings;
		et_asn1_error_table;
		et_k524_error_table;
		et_kdb5_error_table;
		et_krb5_error_table;
		et_kv5m_error_table;
		initialize_asn1_error_table;
		initialize_kdb5_error_table;
		initialize_k5e1_error_table;
		initialize_kv5m_error_table;
		k5_add_empty_pa_data;
		k5_add_pa_data_element;
		k5_add_pa_data_from_data;
		k5_alloc_pa_data;
		k5_authind_decode;
		k5_build_conf_principals;
		k5_cc_store_primary_cred;
		k5_ccselect_free_context;
		k5_change_error_message_code;
		k5_etypes_contains;
		k5_expand_path_tokens;
		k5_expand_path_tokens_extra;
		k5_externalize_auth_context;
		k5_externalize_authdata;
		k5_externalize_authdata_context;
		k5_externalize_context;
		k5_externalize_keyblock;
		k5_externalize_principal;
		k5_free_algorithm_identifier;
		k5_free_cammac;
		k5_free_data_ptr_list;
		k5_free_otp_tokeninfo;
		k5_free_kkdcp_message;
		k5_free_pa_data_element;
		k5_free_pa_otp_challenge;
		k5_free_pa_otp_req;
		k5_free_secure_cookie;
		k5_free_pa_spake;
		k5_free_serverlist;
		k5_free_spake_factor;
		k5_hostrealm_free_context;
		k5_init_trace;
		k5_internalize_auth_context;
		k5_internalize_authdata;
		k5_internalize_authdata_context;
		k5_internalize_context;
		k5_internalize_keyblock;
		k5_internalize_principal;
		k5_is_string_numeric;
		k5_kt_get_principal;
		k5_kt_have_match;
		k5_localauth_free_context;
		k5_locate_kdc;
		k5_marshal_cred;
		k5_marshal_princ;
		k5_os_free_context;
		k5_os_init_context;
		k5_parse_host_string;
		k5_plugin_free_modules;
		k5_plugin_load;
		k5_plugin_load_all;
		k5_plugin_register;
		k5_plugin_register_dyn;
		k5_rc_close;
		k5_rc_get_name;
		k5_rc_resolve;
		k5_rc_store;
		k5_size_auth_context;
		k5_size_authdata;
		k5_size_authdata_context;
		k5_size_context;
		k5_size_keyblock;
		k5_size_principal;
		k5_sname_compare;
		k5_unmarshal_cred;
		k5_unmarshal_princ;
		k5_unwrap_cammac_svc;
		k5_zapfree_pa_data;
		krb524_init_ets;
		krb5_425_conv_principal;
		krb5_524_conv_principal;
		krb5_524_convert_creds;
		krb5_anonymous_principal;
		krb5_anonymous_realm;
		krb5_auth_con_get_checksum_func;
		krb5_auth_con_get_authdata_context;
		krb5_auth_con_getivector;
		krb5_auth_con_getkey_k;
		krb5_auth_con_getpermetypes;
		krb5_auth_con_getrecvsubkey_k;
		krb5_auth_con_getsendsubkey_k;
		krb5_auth_con_initivector;
		krb5_auth_con_set_authdata_context;
		krb5_auth_con_set_checksum_func;
		krb5_auth_con_set_req_cksumtype;
		krb5_auth_con_set_safe_cksumtype;
		krb5_auth_con_setivector;
		krb5_auth_con_setpermetypes;
		krb5_auth_con_setports;
		krb5_auth_con_setrecvsubkey_k;
		krb5_auth_con_setsendsubkey_k;
		krb5_auth_con_setuseruserkey;
		krb5_authdata_context_copy;
		krb5_authdata_context_free;
		krb5_authdata_context_init;
		krb5_authdata_delete_attribute;
		krb5_authdata_get_attribute_types;
		krb5_authdata_get_attribute;
		krb5_authdata_set_attribute;
		krb5_authdata_export_attributes;
		krb5_authdata_export_authdata;
		krb5_authdata_export_internal;
		krb5_authdata_free_internal;
		krb5_authdata_import_attributes;
		krb5_build_principal_alloc_va;
		krb5_cc_dfl_ops;
		krb5_cc_dup;
		krb5_cc_file_ops;
		krb5_cc_select;
		krb5_cccol_have_content;
		krb5_change_cache;
		krb5_check_clockskew;
		krb5_check_transited_list;
		krb5_chpw_message;
		krb5_chpw_result_code_string;
		krb5_copy_addr;
		krb5_copy_authdata;
		krb5_copy_authenticator;
		krb5_copy_error_message;
		krb5_crypto_us_timeofday;
		krb5_decode_authdata_container;
		krb5_decode_ticket;
		krb5_decrypt_tkt_part;
		krb5_deltat_to_string;
		krb5_encode_authdata_container;
		krb5_encode_kdc_rep;
		krb5_encrypt_helper;
		krb5_encrypt_tkt_part;
		krb5_find_authdata;
		krb5_free_ad_kdcissued;
		krb5_free_ap_rep;
		krb5_free_ap_req;
		krb5_free_authdata;
		krb5_free_authenticator_contents;
		krb5_free_cred;
		krb5_free_cred_enc_part;
		krb5_free_enc_data;
		krb5_free_enc_kdc_rep_part;
		krb5_free_enc_sam_response_enc_2;
		krb5_free_enc_sam_response_enc_2_contents;
		krb5_free_enc_tkt_part;
		krb5_free_enctypes;
		krb5_free_error;
		krb5_free_etype_info;
		krb5_free_fast_armored_req;
		krb5_free_fast_req;
		krb5_free_fast_response;
		krb5_free_iakerb_finished;
		krb5_free_iakerb_header;
		krb5_free_kdc_req;
		krb5_free_keytab_entry_contents;
		krb5_free_last_req;
		krb5_free_octet_data;
		krb5_free_pa_data;
		krb5_free_pa_enc_ts;
		krb5_free_pa_for_user;
		krb5_free_pa_pac_req;
		krb5_free_pa_s4u_x509_user;
		krb5_free_priv;
		krb5_free_priv_enc_part;
		krb5_free_realm_tree;
		krb5_free_safe;
		krb5_free_sam_challenge_2;
		krb5_free_sam_challenge_2_body;
		krb5_free_sam_challenge_2_body_contents;
		krb5_free_sam_challenge_2_contents;
		krb5_free_sam_response_2;
		krb5_free_sam_response_2_contents;
		krb5_free_string;
		krb5_free_tgt_creds;
		krb5_free_tickets;
		krb5_free_tkt_authent;
		krb5_gen_portaddr;
		krb5_gen_replay_name;
		krb5_get_cred_via_tkt;
		krb5_get_credentials_for_proxy;
		krb5_get_credentials_for_user;
		krb5_get_credentials_renew;
		krb5_get_credentials_validate;
		krb5_get_default_in_tkt_ktypes;
		krb5_get_etype_info;
		krb5_get_fallback_host_realm;
		krb5_get_init_creds_opt_free_pa;
		krb5_get_init_creds_opt_get_fast_flags;
		krb5_get_init_creds_opt_get_pa;
		krb5_get_init_creds_opt_set_change_password_prompt;
		krb5_get_init_creds_opt_set_expire_callback;
		krb5_get_init_creds_opt_set_fast_ccache;
		krb5_get_init_creds_opt_set_fast_ccache_name;
		krb5_get_init_creds_opt_set_fast_flags;
		krb5_get_init_creds_opt_set_in_ccache;
		krb5_get_init_creds_opt_set_out_ccache;
		krb5_get_init_creds_opt_set_pa;
		krb5_get_init_creds_opt_set_responder;
		krb5_get_notification_message;
		krb5_get_profile;
		krb5_get_prompt_types;
		krb5_get_realm_domain;
		krb5_get_tgs_ktypes;
		krb5_get_time_offsets;
		krb5_init_context_profile;
		krb5_init_creds_get_times;
		krb5_init_creds_step;
		krb5_init_keyblock;
		krb5_init_secure_context;
		krb5_is_permitted_enctype;
		krb5_is_referral_realm;
		krb5_kdc_rep_decrypt_proc;
		krb5_kdc_sign_ticket;
		krb5_kdc_verify_ticket;
		krb5_kt_client_default;
		krb5_kt_dfl_ops;
		krb5_kt_dup;
		krb5_ktf_ops;
		krb5_ktf_writable_ops;
		krb5_lock_file;
		krb5_make_authdata_kdc_issued;
		krb5_make_full_ipaddr;
		krb5_make_fulladdr;
		krb5_marshal_credentials;
		krb5_merge_authdata;
		krb5_mk_1cred;
		krb5_mk_ncred;
		krb5_mk_rep_dce;
		krb5_os_localaddr;
		krb5_overridekeyname;
		krb5_pac_sign;
		krb5_pac_sign_ext;
		krb5_pac_verify_ext;
		krb5_pac_get_client_info;
		krb5_principal2salt;
		krb5_principal2salt_norealm;
		krb5_principal_compare_flags;
		krb5_rd_rep_dce;
		krb5_rd_req_decoded;
		krb5_rd_req_decoded_anyflag;
		krb5_read_password;
		krb5_recvauth_version;
		krb5_responder_get_challenge;
		krb5_responder_list_questions;
		krb5_responder_set_answer;
		krb5_responder_otp_get_challenge;
		krb5_responder_otp_set_answer;
		krb5_responder_otp_challenge_free;
		krb5_responder_pkinit_get_challenge;
		krb5_responder_pkinit_set_answer;
		krb5_responder_pkinit_challenge_free;
		krb5_ser_pack_bytes;
		krb5_ser_pack_int32;
		krb5_ser_pack_int64;
		krb5_ser_unpack_bytes;
		krb5_ser_unpack_int32;
		krb5_ser_unpack_int64;
		krb5_server_decrypt_ticket_keytab;
		krb5_set_debugging_time;
		krb5_set_default_tgs_enctypes;
		krb5_set_default_tgs_ktypes;
		krb5_set_principal_realm;
		krb5_set_kdc_send_hook;
		krb5_set_kdc_recv_hook;
		krb5_set_time_offsets;
		krb5_set_trace_callback;
		krb5_set_trace_filename;
		krb5_sname_match;
		krb5_string_to_timestamp;
		krb5int_tgtname;
		krb5_tkt_creds_free;
		krb5_tkt_creds_get;
		krb5_tkt_creds_get_creds;
		krb5_tkt_creds_get_times;
		krb5_tkt_creds_init;
		krb5_tkt_creds_step;
		krb5_timestamp_to_sfstring;
		krb5_timestamp_to_string;
		krb5_unlock_file;
		krb5_unmarshal_credentials;
		krb5_unpack_full_ipaddr;
		krb5_unparse_name_ext;
		krb5_unparse_name_flags_ext;
		krb5_use_natural_time;
		krb5_verify_authdata_kdc_issued;
		krb5_vwrap_error_message;
		krb5_walk_realm_tree;
		krb5_wrap_error_message;
		krb5int_accessor;
		krb5int_cc_default;
		krb5int_cleanup_library;
		krb5int_copy_data_contents;
		krb5int_copy_data_contents_add0;
		krb5int_find_pa_data;
		krb5int_foreach_localaddr;
		krb5int_free_data_list;
		krb5int_get_authdata_containee_types;
		krb5int_init_context_kdc;
		krb5int_initialize_library;
		krb5int_parse_enctype_list;
		krb5int_random_string;
		krb5int_trace;
		k5_sockaddr_to_address;
		k5_addr_directional_accept;
		k5_addr_directional_init;
		k5_print_addr;
		k5_print_addr_port;
		_krb5_use_dns_kdc;
		_krb5_use_dns_realm;
		anon_princ;
		aux_info_address_1_untagged;
		aux_info_authdata_1_untagged;
		aux_info_authdata_types;
		aux_info_bitstring_data;
		aux_info_checksum_1_untagged;
		aux_info_der_data;
		aux_info_etype_info2_1_def_untagged;
		aux_info_etype_info_1_def_untagged;
		aux_info_etype_list;
		aux_info_gstring_data;
		aux_info_keyblock_1_untagged;
		aux_info_oid_data;
		aux_info_ostring_data;
		aux_info_pa_data_2_untagged;
		aux_info_pa_pk_as_rep;
		aux_info_pa_spake;
		aux_info_princname_1_untagged;
		aux_info_req_body_8_untagged;
		aux_info_spake_support_0_untagged;
		aux_info_typed_data_1_untagged;
		aux_info_utf8_data;
		ccselect_hostname_initvt;
		ccselect_k5identity_initvt;
		ccselect_realm_initvt;
		clpreauth_encrypted_challenge_initvt;
		clpreauth_encrypted_timestamp_initvt;
		clpreauth_otp_initvt;
		clpreauth_sam2_initvt;
		decode_krb5_auth_pack;
		decode_krb5_checksum;
		decode_krb5_etype_list;
		decode_krb5_kdc_dh_key_info;
		decode_krb5_pa_pk_as_rep;
		decode_krb5_pa_pk_as_req;
		decode_krb5_principal_name;
		decode_krb5_reply_key_pack;
		decode_krb5_safe_with_body;
		decode_krb5_td_dh_parameters;
		decode_krb5_td_trusted_certifiers;
		encode_krb5_auth_pack;
		encode_krb5_etype_list;
		encode_krb5_fast_req;
		encode_krb5_kdc_dh_key_info;
		encode_krb5_pa_fx_fast_request;
		encode_krb5_pa_pac_req;
		encode_krb5_pa_pk_as_rep;
		encode_krb5_pa_pk_as_req;
		encode_krb5_reply_key_pack;
		encode_krb5_safe_with_body;
		encode_krb5_setpw_req;
		encode_krb5_td_dh_parameters;
		encode_krb5_td_trusted_certifiers;
		et_k5e1_error_table;
		et_prof_error_table;
		hostrealm_dns_initvt;
		hostrealm_domain_initvt;
		hostrealm_profile_initvt;
		hostrealm_registry_initvt;
		initialize_prof_error_table;
		interface_names;
		k5_asn1_decode_atype;
		k5_asn1_decode_bitstring;
		k5_asn1_decode_bool;
		k5_asn1_decode_bytestring;
		k5_asn1_decode_generaltime;
		k5_asn1_decode_int;
		k5_asn1_decode_uint;
		k5_asn1_encode_atype;
		k5_asn1_encode_bitstring;
		k5_asn1_encode_bool;
		k5_asn1_encode_bytestring;
		k5_asn1_encode_generaltime;
		k5_asn1_encode_int;
		k5_asn1_encode_uint;
		k5_asn1_full_decode;
		k5_asn1_full_encode;
		k5_atype_ad_kdc_issued;
		k5_atype_ad_kdcissued_0;
		k5_atype_ad_kdcissued_0_untagged;
		k5_atype_ad_kdcissued_1;
		k5_atype_ad_kdcissued_1_untagged;
		k5_atype_ad_kdcissued_2;
		k5_atype_ad_kdcissued_2_untagged;
		k5_atype_ad_kdcissued_3;
		k5_atype_ad_kdcissued_3_untagged;
		k5_atype_address;
		k5_atype_address_0;
		k5_atype_address_0_untagged;
		k5_atype_address_1;
		k5_atype_address_1_untagged;
		k5_atype_address_ptr;
		k5_atype_algid_0;
		k5_atype_algid_1;
		k5_atype_algorithm_identifier;
		k5_atype_ap_rep;
		k5_atype_ap_rep_0;
		k5_atype_ap_rep_1;
		k5_atype_ap_rep_2;
		k5_atype_ap_rep_2_untagged;
		k5_atype_ap_rep_enc_part;
		k5_atype_ap_rep_enc_part_0;
		k5_atype_ap_rep_enc_part_0_untagged;
		k5_atype_ap_rep_enc_part_1;
		k5_atype_ap_rep_enc_part_1_untagged;
		k5_atype_ap_rep_enc_part_2;
		k5_atype_ap_rep_enc_part_2_untagged;
		k5_atype_ap_rep_enc_part_3;
		k5_atype_ap_rep_enc_part_3_untagged;
		k5_atype_ap_rep_msg_type;
		k5_atype_ap_req;
		k5_atype_ap_req_0;
		k5_atype_ap_req_1;
		k5_atype_ap_req_2;
		k5_atype_ap_req_2_untagged;
		k5_atype_ap_req_3;
		k5_atype_ap_req_3_untagged;
		k5_atype_ap_req_4;
		k5_atype_ap_req_4_untagged;
		k5_atype_ap_req_msg_type;
		k5_atype_as_rep;
		k5_atype_as_req;
		k5_atype_as_req_2;
		k5_atype_as_req_encode;
		k5_atype_as_req_msg_type;
		k5_atype_auth_data;
		k5_atype_auth_data_ptr;
		k5_atype_auth_pack;
		k5_atype_auth_pack_0;
		k5_atype_auth_pack_0_untagged;
		k5_atype_auth_pack_1;
		k5_atype_auth_pack_1_untagged;
		k5_atype_auth_pack_2;
		k5_atype_auth_pack_2_untagged;
		k5_atype_auth_pack_3;
		k5_atype_auth_pack_3_untagged;
		k5_atype_auth_pack_4;
		k5_atype_auth_pack_4_untagged;
		k5_atype_authdata_0;
		k5_atype_authdata_0_untagged;
		k5_atype_authdata_1;
		k5_atype_authdata_1_untagged;
		k5_atype_authdata_elt;
		k5_atype_authdata_elt_ptr;
		k5_atype_authdata_elt_type;
		k5_atype_authdata_elt_type_0;
		k5_atype_authdata_types;
		k5_atype_authenticator;
		k5_atype_authenticator_0;
		k5_atype_authenticator_1;
		k5_atype_authenticator_1_untagged;
		k5_atype_authenticator_2;
		k5_atype_authenticator_2_untagged;
		k5_atype_authenticator_3;
		k5_atype_authenticator_3_untagged;
		k5_atype_authenticator_4;
		k5_atype_authenticator_4_untagged;
		k5_atype_authenticator_5;
		k5_atype_authenticator_5_untagged;
		k5_atype_authenticator_6;
		k5_atype_authenticator_6_untagged;
		k5_atype_authenticator_7;
		k5_atype_authenticator_7_untagged;
		k5_atype_authenticator_8;
		k5_atype_authenticator_8_untagged;
		k5_atype_bitstring_data;
		k5_atype_cammac;
		k5_atype_cammac_0;
		k5_atype_cammac_0_untagged;
		k5_atype_cammac_1;
		k5_atype_cammac_1_untagged;
		k5_atype_cammac_2;
		k5_atype_cammac_2_untagged;
		k5_atype_cammac_3;
		k5_atype_cammac_3_untagged;
		k5_atype_checksum;
		k5_atype_checksum_0;
		k5_atype_checksum_0_untagged;
		k5_atype_checksum_1;
		k5_atype_checksum_1_untagged;
		k5_atype_checksum_ptr;
		k5_atype_cred_0;
		k5_atype_cred_1;
		k5_atype_cred_2;
		k5_atype_cred_2_untagged;
		k5_atype_cred_3;
		k5_atype_cred_3_untagged;
		k5_atype_cred_info;
		k5_atype_cred_info_0;
		k5_atype_cred_info_0_untagged;
		k5_atype_cred_info_1;
		k5_atype_cred_info_10;
		k5_atype_cred_info_10_untagged;
		k5_atype_cred_info_1_untagged;
		k5_atype_cred_info_2;
		k5_atype_cred_info_2_untagged;
		k5_atype_cred_info_3;
		k5_atype_cred_info_3_untagged;
		k5_atype_cred_info_4;
		k5_atype_cred_info_4_untagged;
		k5_atype_cred_info_5;
		k5_atype_cred_info_5_untagged;
		k5_atype_cred_info_6;
		k5_atype_cred_info_6_untagged;
		k5_atype_cred_info_7;
		k5_atype_cred_info_7_untagged;
		k5_atype_cred_info_8;
		k5_atype_cred_info_8_untagged;
		k5_atype_cred_info_9;
		k5_atype_cred_info_9_untagged;
		k5_atype_cred_info_ptr;
		k5_atype_cred_msg_type;
		k5_atype_der_data;
		k5_atype_dh_key_0;
		k5_atype_dh_key_0_untagged;
		k5_atype_dh_key_1;
		k5_atype_dh_key_1_untagged;
		k5_atype_dh_key_2;
		k5_atype_dh_key_2_untagged;
		k5_atype_dh_rep_info;
		k5_atype_dh_rep_info_0;
		k5_atype_dh_rep_info_0_untagged;
		k5_atype_dh_rep_info_1;
		k5_atype_dh_rep_info_1_untagged;
		k5_atype_dh_rep_info_2;
		k5_atype_dh_rep_info_2_untagged;
		k5_atype_enc_as_rep_part;
		k5_atype_enc_cred_part;
		k5_atype_enc_cred_part_0;
		k5_atype_enc_cred_part_0_untagged;
		k5_atype_enc_cred_part_1;
		k5_atype_enc_cred_part_1_untagged;
		k5_atype_enc_cred_part_2;
		k5_atype_enc_cred_part_2_untagged;
		k5_atype_enc_cred_part_3;
		k5_atype_enc_cred_part_3_def;
		k5_atype_enc_cred_part_3_def_untagged;
		k5_atype_enc_cred_part_4;
		k5_atype_enc_cred_part_4_untagged;
		k5_atype_enc_cred_part_5;
		k5_atype_enc_cred_part_5_untagged;
		k5_atype_enc_data_0;
		k5_atype_enc_data_0_untagged;
		k5_atype_enc_data_1;
		k5_atype_enc_data_1_untagged;
		k5_atype_enc_data_2;
		k5_atype_enc_data_2_untagged;
		k5_atype_enc_kdc_rep_0;
		k5_atype_enc_kdc_rep_0_untagged;
		k5_atype_enc_kdc_rep_1;
		k5_atype_enc_kdc_rep_10;
		k5_atype_enc_kdc_rep_10_untagged;
		k5_atype_enc_kdc_rep_11;
		k5_atype_enc_kdc_rep_11_untagged;
		k5_atype_enc_kdc_rep_12;
		k5_atype_enc_kdc_rep_12_untagged;
		k5_atype_enc_kdc_rep_1_untagged;
		k5_atype_enc_kdc_rep_2;
		k5_atype_enc_kdc_rep_2_untagged;
		k5_atype_enc_kdc_rep_3;
		k5_atype_enc_kdc_rep_3_untagged;
		k5_atype_enc_kdc_rep_4;
		k5_atype_enc_kdc_rep_4_untagged;
		k5_atype_enc_kdc_rep_5;
		k5_atype_enc_kdc_rep_5_untagged;
		k5_atype_enc_kdc_rep_6;
		k5_atype_enc_kdc_rep_6_def;
		k5_atype_enc_kdc_rep_6_def_untagged;
		k5_atype_enc_kdc_rep_7;
		k5_atype_enc_kdc_rep_7_untagged;
		k5_atype_enc_kdc_rep_8;
		k5_atype_enc_kdc_rep_8_def;
		k5_atype_enc_kdc_rep_8_def_untagged;
		k5_atype_enc_kdc_rep_9;
		k5_atype_enc_kdc_rep_9_untagged;
		k5_atype_enc_kdc_rep_part;
		k5_atype_enc_sam_response_enc_2;
		k5_atype_enc_tgs_rep_part;
		k5_atype_enc_tkt_0;
		k5_atype_enc_tkt_0_untagged;
		k5_atype_enc_tkt_1;
		k5_atype_enc_tkt_10;
		k5_atype_enc_tkt_10_untagged;
		k5_atype_enc_tkt_1_untagged;
		k5_atype_enc_tkt_2;
		k5_atype_enc_tkt_2_untagged;
		k5_atype_enc_tkt_3;
		k5_atype_enc_tkt_3_untagged;
		k5_atype_enc_tkt_4;
		k5_atype_enc_tkt_4_untagged;
		k5_atype_enc_tkt_5;
		k5_atype_enc_tkt_5_untagged;
		k5_atype_enc_tkt_6;
		k5_atype_enc_tkt_6_untagged;
		k5_atype_enc_tkt_7;
		k5_atype_enc_tkt_7_untagged;
		k5_atype_enc_tkt_8;
		k5_atype_enc_tkt_8_untagged;
		k5_atype_enc_tkt_9;
		k5_atype_enc_tkt_9_untagged;
		k5_atype_enc_tkt_part;
		k5_atype_encrypted_data;
		k5_atype_encryption_key;
		k5_atype_error_0;
		k5_atype_error_1;
		k5_atype_error_10;
		k5_atype_error_10_untagged;
		k5_atype_error_11;
		k5_atype_error_11_untagged;
		k5_atype_error_12;
		k5_atype_error_12_untagged;
		k5_atype_error_2;
		k5_atype_error_2_untagged;
		k5_atype_error_3;
		k5_atype_error_3_untagged;
		k5_atype_error_4;
		k5_atype_error_4_untagged;
		k5_atype_error_5;
		k5_atype_error_5_untagged;
		k5_atype_error_6;
		k5_atype_error_6_untagged;
		k5_atype_error_7;
		k5_atype_error_7_untagged;
		k5_atype_error_8;
		k5_atype_error_8_untagged;
		k5_atype_error_9;
		k5_atype_error_9_untagged;
		k5_atype_error_msg_type;
		k5_atype_esre_0;
		k5_atype_esre_0_untagged;
		k5_atype_esre_1;
		k5_atype_esre_1_untagged;
		k5_atype_etype_info;
		k5_atype_etype_info2;
		k5_atype_etype_info2_1;
		k5_atype_etype_info2_1_def;
		k5_atype_etype_info2_1_def_untagged;
		k5_atype_etype_info2_2;
		k5_atype_etype_info2_2_untagged;
		k5_atype_etype_info2_entry;
		k5_atype_etype_info2_entry_ptr;
		k5_atype_etype_info_0;
		k5_atype_etype_info_0_untagged;
		k5_atype_etype_info_1;
		k5_atype_etype_info_1_def;
		k5_atype_etype_info_1_def_untagged;
		k5_atype_etype_info_entry;
		k5_atype_etype_info_entry_ptr;
		k5_atype_etype_list;
		k5_atype_external_principal_identifier;
		k5_atype_external_principal_identifier_ptr;
		k5_atype_extprinc_0;
		k5_atype_extprinc_0_untagged;
		k5_atype_extprinc_1;
		k5_atype_extprinc_1_untagged;
		k5_atype_extprinc_2;
		k5_atype_extprinc_2_untagged;
		k5_atype_fast_armor;
		k5_atype_fast_armor_0;
		k5_atype_fast_armor_0_untagged;
		k5_atype_fast_armor_1;
		k5_atype_fast_armor_1_untagged;
		k5_atype_fast_armored_req;
		k5_atype_fast_armored_req_0;
		k5_atype_fast_armored_req_0_untagged;
		k5_atype_fast_armored_req_1;
		k5_atype_fast_armored_req_1_untagged;
		k5_atype_fast_armored_req_2;
		k5_atype_fast_armored_req_2_untagged;
		k5_atype_fast_finished;
		k5_atype_fast_finished_0;
		k5_atype_fast_finished_0_untagged;
		k5_atype_fast_finished_1;
		k5_atype_fast_finished_1_untagged;
		k5_atype_fast_finished_2;
		k5_atype_fast_finished_2_untagged;
		k5_atype_fast_finished_3;
		k5_atype_fast_finished_3_untagged;
		k5_atype_fast_finished_4;
		k5_atype_fast_finished_4_untagged;
		k5_atype_fast_rep;
		k5_atype_fast_rep_0;
		k5_atype_fast_req;
		k5_atype_fast_req_0;
		k5_atype_fast_req_0_untagged;
		k5_atype_fast_req_1;
		k5_atype_fast_req_1_untagged;
		k5_atype_fast_req_2;
		k5_atype_fast_req_2_untagged;
		k5_atype_fast_req_padata;
		k5_atype_fast_response;
		k5_atype_fast_response_0;
		k5_atype_fast_response_0_untagged;
		k5_atype_fast_response_1;
		k5_atype_fast_response_1_untagged;
		k5_atype_fast_response_2;
		k5_atype_fast_response_2_untagged;
		k5_atype_fast_response_3;
		k5_atype_fast_response_3_untagged;
		k5_atype_gstring_data;
		k5_atype_gstring_data_ptr;
		k5_atype_iakerb_finished;
		k5_atype_iakerb_finished_0;
		k5_atype_iakerb_finished_0_untagged;
		k5_atype_iakerb_header;
		k5_atype_iakerb_header_1;
		k5_atype_iakerb_header_1_untagged;
		k5_atype_iakerb_header_2;
		k5_atype_iakerb_header_2_untagged;
		k5_atype_int32_ptr;
		k5_atype_kdc_dh_key_info;
		k5_atype_kdc_rep;
		k5_atype_kdc_rep_0;
		k5_atype_kdc_rep_1;
		k5_atype_kdc_rep_1_untagged;
		k5_atype_kdc_rep_2;
		k5_atype_kdc_rep_2_untagged;
		k5_atype_kdc_rep_3;
		k5_atype_kdc_rep_3_untagged;
		k5_atype_kdc_rep_4;
		k5_atype_kdc_rep_4_untagged;
		k5_atype_kdc_rep_5;
		k5_atype_kdc_rep_5_untagged;
		k5_atype_kdc_rep_6;
		k5_atype_kdc_rep_6_untagged;
		k5_atype_kdc_req;
		k5_atype_kdc_req_1;
		k5_atype_kdc_req_2;
		k5_atype_kdc_req_2_untagged;
		k5_atype_kdc_req_3;
		k5_atype_kdc_req_3_untagged;
		k5_atype_kdc_req_4;
		k5_atype_kdc_req_body;
		k5_atype_kdc_req_body_hack;
		k5_atype_kdf_alg_id;
		k5_atype_kdf_alg_id_0;
		k5_atype_kerberos_time;
		k5_atype_keyblock_0;
		k5_atype_keyblock_0_untagged;
		k5_atype_keyblock_1;
		k5_atype_keyblock_1_untagged;
		k5_atype_kkdcp_message;
		k5_atype_kkdcp_message_0;
		k5_atype_kkdcp_message_0_untagged;
		k5_atype_kkdcp_message_1;
		k5_atype_kkdcp_message_1_untagged;
		k5_atype_kkdcp_message_2;
		k5_atype_kkdcp_message_2_untagged;
		k5_atype_krb5_cred;
		k5_atype_krb5_error;
		k5_atype_krb5_flags;
		k5_atype_krb5_version;
		k5_atype_last_req;
		k5_atype_last_req_0;
		k5_atype_last_req_0_untagged;
		k5_atype_last_req_1;
		k5_atype_last_req_1_untagged;
		k5_atype_last_req_ent;
		k5_atype_last_req_ent_ptr;
		k5_atype_last_req_ptr;
		k5_atype_last_req_type;
		k5_atype_oid_data;
		k5_atype_oid_data_ptr;
		k5_atype_oinfo_0;
		k5_atype_oinfo_0_untagged;
		k5_atype_oinfo_1;
		k5_atype_oinfo_1_untagged;
		k5_atype_oinfo_2;
		k5_atype_oinfo_2_untagged;
		k5_atype_oinfo_notag;
		k5_atype_opt_address_ptr;
		k5_atype_opt_auth_data_ptr;
		k5_atype_opt_checksum_ptr;
		k5_atype_opt_der_data;
		k5_atype_opt_encrypted_data;
		k5_atype_opt_gstring_data;
		k5_atype_opt_int32;
		k5_atype_opt_int32_minus1;
		k5_atype_opt_kerberos_time;
		k5_atype_opt_krb5_flags;
		k5_atype_opt_kvno;
		k5_atype_opt_ostring_data;
		k5_atype_opt_ostring_data_ptr;
		k5_atype_opt_pachecksum2_ptr;
		k5_atype_opt_principal;
		k5_atype_opt_ptr_algorithm_identifier;
		k5_atype_opt_ptr_encryption_key;
		k5_atype_opt_ptr_fast_armor;
		k5_atype_opt_ptr_fast_finished;
		k5_atype_opt_ptr_kdf_alg_id;
		k5_atype_opt_ptr_seqof_algorithm_identifier;
		k5_atype_opt_ptr_seqof_external_principal_identifier;
		k5_atype_opt_ptr_seqof_host_addresses;
		k5_atype_opt_ptr_seqof_pa_data;
		k5_atype_opt_ptr_seqof_princ_plus_realm;
		k5_atype_opt_ptr_seqof_ticket;
		k5_atype_opt_ptr_supported_kdfs;
		k5_atype_opt_realm_of_principal;
		k5_atype_opt_s4u_principal;
		k5_atype_opt_seqno;
		k5_atype_opt_uint;
		k5_atype_opt_utf8_data;
		k5_atype_opt_vmac_ptr;
		k5_atype_opt_vmacs_ptr;
		k5_atype_ostring_data;
		k5_atype_ostring_data_ptr;
		k5_atype_otp_ch_0;
		k5_atype_otp_ch_0_untagged;
		k5_atype_otp_ch_1;
		k5_atype_otp_ch_1_untagged;
		k5_atype_otp_ch_2;
		k5_atype_otp_ch_2_untagged;
		k5_atype_otp_ch_3;
		k5_atype_otp_ch_3_untagged;
		k5_atype_otp_ch_4;
		k5_atype_otp_ch_4_untagged;
		k5_atype_otp_req_0;
		k5_atype_otp_req_0_untagged;
		k5_atype_otp_req_1;
		k5_atype_otp_req_10;
		k5_atype_otp_req_10_untagged;
		k5_atype_otp_req_11;
		k5_atype_otp_req_11_untagged;
		k5_atype_otp_req_12;
		k5_atype_otp_req_12_untagged;
		k5_atype_otp_req_13;
		k5_atype_otp_req_13_untagged;
		k5_atype_otp_req_1_untagged;
		k5_atype_otp_req_2;
		k5_atype_otp_req_2_untagged;
		k5_atype_otp_req_3;
		k5_atype_otp_req_3_untagged;
		k5_atype_otp_req_4;
		k5_atype_otp_req_4_untagged;
		k5_atype_otp_req_5;
		k5_atype_otp_req_5_untagged;
		k5_atype_otp_req_6;
		k5_atype_otp_req_6_untagged;
		k5_atype_otp_req_7;
		k5_atype_otp_req_7_untagged;
		k5_atype_otp_req_8;
		k5_atype_otp_req_8_untagged;
		k5_atype_otp_req_9;
		k5_atype_otp_req_9_untagged;
		k5_atype_otp_tokeninfo;
		k5_atype_otp_tokeninfo_ptr;
		k5_atype_pa_data;
		k5_atype_pa_data_1;
		k5_atype_pa_data_1_untagged;
		k5_atype_pa_data_2;
		k5_atype_pa_data_2_untagged;
		k5_atype_pa_data_ptr;
		k5_atype_pa_enc_ts;
		k5_atype_pa_enc_ts_0;
		k5_atype_pa_enc_ts_0_untagged;
		k5_atype_pa_enc_ts_1;
		k5_atype_pa_enc_ts_1_untagged;
		k5_atype_pa_for_user;
		k5_atype_pa_for_user_0;
		k5_atype_pa_for_user_0_untagged;
		k5_atype_pa_for_user_1;
		k5_atype_pa_for_user_1_untagged;
		k5_atype_pa_for_user_2;
		k5_atype_pa_for_user_2_untagged;
		k5_atype_pa_for_user_3;
		k5_atype_pa_for_user_3_untagged;
		k5_atype_pa_fx_fast_reply;
		k5_atype_pa_fx_fast_request;
		k5_atype_pa_otp_challenge;
		k5_atype_pa_otp_enc_req;
		k5_atype_pa_otp_enc_req_0;
		k5_atype_pa_otp_req;
		k5_atype_pa_pac_options;
		k5_atype_pa_pac_options_0;
		k5_atype_pa_pac_options_0_untagged;
		k5_atype_pa_pac_req;
		k5_atype_pa_pac_req_0;
		k5_atype_pa_pac_req_0_untagged;
		k5_atype_pa_pk_as_rep;
		k5_atype_pa_pk_as_rep_0;
		k5_atype_pa_pk_as_rep_1;
		k5_atype_pa_pk_as_req;
		k5_atype_pa_pk_as_req_0;
		k5_atype_pa_pk_as_req_0_untagged;
		k5_atype_pa_pk_as_req_1;
		k5_atype_pa_pk_as_req_1_untagged;
		k5_atype_pa_pk_as_req_2;
		k5_atype_pa_pk_as_req_2_untagged;
		k5_atype_pa_s4u_x509_user;
		k5_atype_pa_s4u_x509_user_0;
		k5_atype_pa_s4u_x509_user_0_untagged;
		k5_atype_pa_s4u_x509_user_1;
		k5_atype_pa_s4u_x509_user_1_untagged;
		k5_atype_pa_spake;
		k5_atype_pa_spake_0;
		k5_atype_pa_spake_1;
		k5_atype_pa_spake_2;
		k5_atype_pa_spake_3;
		k5_atype_pachecksum2;
		k5_atype_pachecksum2_0;
		k5_atype_pachecksum2_0_untagged;
		k5_atype_pachecksum2_1;
		k5_atype_pachecksum2_1_untagged;
		k5_atype_pachecksum2_ptr;
		k5_atype_pk_authenticator;
		k5_atype_pk_authenticator_0;
		k5_atype_pk_authenticator_0_untagged;
		k5_atype_pk_authenticator_1;
		k5_atype_pk_authenticator_1_untagged;
		k5_atype_pk_authenticator_2;
		k5_atype_pk_authenticator_2_untagged;
		k5_atype_pk_authenticator_3;
		k5_atype_pk_authenticator_3_untagged;
		k5_atype_pk_authenticator_4;
		k5_atype_pk_authenticator_4_untagged;
		k5_atype_pk_authenticator_5;
		k5_atype_pk_authenticator_5_untagged;
		k5_atype_pkinit_krb5_principal_name;
		k5_atype_pkinit_krb5_principal_name_data;
		k5_atype_pkinit_krb5_principal_name_wrapped;
		k5_atype_pkinit_princ_0;
		k5_atype_pkinit_princ_1;
		k5_atype_pkinit_supp_pub_info;
		k5_atype_princ_plus_realm;
		k5_atype_princ_plus_realm_0;
		k5_atype_princ_plus_realm_1;
		k5_atype_princ_plus_realm_data;
		k5_atype_principal;
		k5_atype_principal_data;
		k5_atype_princname_0;
		k5_atype_princname_0_untagged;
		k5_atype_princname_1;
		k5_atype_princname_1_untagged;
		k5_atype_priv;
		k5_atype_priv_0;
		k5_atype_priv_1;
		k5_atype_priv_3;
		k5_atype_priv_3_untagged;
		k5_atype_priv_enc_part;
		k5_atype_priv_enc_part_0;
		k5_atype_priv_enc_part_0_untagged;
		k5_atype_priv_enc_part_1;
		k5_atype_priv_enc_part_1_untagged;
		k5_atype_priv_enc_part_2;
		k5_atype_priv_enc_part_2_def;
		k5_atype_priv_enc_part_2_def_untagged;
		k5_atype_priv_enc_part_3;
		k5_atype_priv_enc_part_3_untagged;
		k5_atype_priv_enc_part_4;
		k5_atype_priv_enc_part_4_untagged;
		k5_atype_priv_enc_part_5;
		k5_atype_priv_enc_part_5_untagged;
		k5_atype_priv_msg_type;
		k5_atype_ptr_algorithm_identifier;
		k5_atype_ptr_authdata_elt_type;
		k5_atype_ptr_encryption_key;
		k5_atype_ptr_fast_armor;
		k5_atype_ptr_fast_finished;
		k5_atype_ptr_fast_req_padata;
		k5_atype_ptr_kdc_req_body;
		k5_atype_ptr_kdf_alg_id;
		k5_atype_ptr_seqof_algorithm_identifier;
		k5_atype_ptr_seqof_checksum;
		k5_atype_ptr_seqof_external_principal_identifier;
		k5_atype_ptr_seqof_host_addresses;
		k5_atype_ptr_seqof_otp_tokeninfo;
		k5_atype_ptr_seqof_pa_data;
		k5_atype_ptr_seqof_princ_plus_realm;
		k5_atype_ptr_seqof_spake_factor;
		k5_atype_ptr_seqof_ticket;
		k5_atype_ptr_supported_kdfs;
		k5_atype_ptrseqof_cred_info;
		k5_atype_realm_of_principal;
		k5_atype_realm_of_principal_data;
		k5_atype_reply_key_pack;
		k5_atype_reply_key_pack_0;
		k5_atype_reply_key_pack_0_untagged;
		k5_atype_reply_key_pack_1;
		k5_atype_reply_key_pack_1_untagged;
		k5_atype_req_body_0;
		k5_atype_req_body_0_untagged;
		k5_atype_req_body_1;
		k5_atype_req_body_10;
		k5_atype_req_body_10_untagged;
		k5_atype_req_body_11;
		k5_atype_req_body_11_untagged;
		k5_atype_req_body_1_untagged;
		k5_atype_req_body_2;
		k5_atype_req_body_2_untagged;
		k5_atype_req_body_3;
		k5_atype_req_body_3_untagged;
		k5_atype_req_body_4;
		k5_atype_req_body_4_untagged;
		k5_atype_req_body_5;
		k5_atype_req_body_5_untagged;
		k5_atype_req_body_6;
		k5_atype_req_body_6_untagged;
		k5_atype_req_body_7;
		k5_atype_req_body_7_untagged;
		k5_atype_req_body_8;
		k5_atype_req_body_8_untagged;
		k5_atype_req_body_9;
		k5_atype_req_body_9_untagged;
		k5_atype_s4u_userid;
		k5_atype_s4u_userid_0;
		k5_atype_s4u_userid_0_untagged;
		k5_atype_s4u_userid_1;
		k5_atype_s4u_userid_1_untagged;
		k5_atype_s4u_userid_2;
		k5_atype_s4u_userid_2_untagged;
		k5_atype_s4u_userid_3;
		k5_atype_s4u_userid_3_untagged;
		k5_atype_s4u_userid_4;
		k5_atype_s4u_userid_4_untagged;
		k5_atype_safe;
		k5_atype_safe_0;
		k5_atype_safe_1;
		k5_atype_safe_2;
		k5_atype_safe_3;
		k5_atype_safe_3_untagged;
		k5_atype_safe_body;
		k5_atype_safe_body_0;
		k5_atype_safe_body_0_untagged;
		k5_atype_safe_body_1;
		k5_atype_safe_body_1_untagged;
		k5_atype_safe_body_2;
		k5_atype_safe_body_2_def;
		k5_atype_safe_body_2_def_untagged;
		k5_atype_safe_body_3;
		k5_atype_safe_body_3_untagged;
		k5_atype_safe_body_4;
		k5_atype_safe_body_4_untagged;
		k5_atype_safe_body_5;
		k5_atype_safe_body_5_untagged;
		k5_atype_safe_checksum_only;
		k5_atype_safe_checksum_only_ptr;
		k5_atype_safe_msg_type;
		k5_atype_safe_with_body;
		k5_atype_safe_with_body_2;
		k5_atype_safe_with_body_2_untagged;
		k5_atype_safe_with_body_3;
		k5_atype_safe_with_body_3_untagged;
		k5_atype_sam_challenge_2;
		k5_atype_sam_challenge_2_body;
		k5_atype_sam_resp_0;
		k5_atype_sam_resp_0_untagged;
		k5_atype_sam_resp_1;
		k5_atype_sam_resp_1_untagged;
		k5_atype_sam_resp_2;
		k5_atype_sam_resp_2_untagged;
		k5_atype_sam_resp_3;
		k5_atype_sam_resp_3_untagged;
		k5_atype_sam_resp_4;
		k5_atype_sam_resp_4_untagged;
		k5_atype_sam_response_2;
		k5_atype_saved_safe_body_ptr;
		k5_atype_sch_0;
		k5_atype_sch_0_untagged;
		k5_atype_sch_1;
		k5_atype_sch_1_untagged;
		k5_atype_schb_0;
		k5_atype_schb_0_untagged;
		k5_atype_schb_1;
		k5_atype_schb_1_untagged;
		k5_atype_schb_2;
		k5_atype_schb_2_untagged;
		k5_atype_schb_3;
		k5_atype_schb_3_untagged;
		k5_atype_schb_4;
		k5_atype_schb_4_untagged;
		k5_atype_schb_5;
		k5_atype_schb_5_untagged;
		k5_atype_schb_6;
		k5_atype_schb_6_untagged;
		k5_atype_schb_7;
		k5_atype_schb_7_untagged;
		k5_atype_schb_8;
		k5_atype_schb_8_untagged;
		k5_atype_schb_9;
		k5_atype_schb_9_untagged;
		k5_atype_secure_cookie;
		k5_atype_secure_cookie_0;
		k5_atype_secure_cookie_1;
		k5_atype_seqno;
		k5_atype_seqof_algorithm_identifier;
		k5_atype_seqof_checksum;
		k5_atype_seqof_cred_info;
		k5_atype_seqof_external_principal_identifier;
		k5_atype_seqof_host_addresses;
		k5_atype_seqof_otp_tokeninfo;
		k5_atype_seqof_pa_data;
		k5_atype_seqof_princ_plus_realm;
		k5_atype_seqof_spake_factor;
		k5_atype_seqof_ticket;
		k5_atype_seqof_typed_data;
		k5_atype_seqof_utf8_data;
		k5_atype_setpw_0;
		k5_atype_setpw_0_untagged;
		k5_atype_setpw_1;
		k5_atype_setpw_1_untagged;
		k5_atype_setpw_2;
		k5_atype_setpw_2_untagged;
		k5_atype_setpw_req;
		k5_atype_sp80056a_other_info;
		k5_atype_spake_challenge;
		k5_atype_spake_challenge_0;
		k5_atype_spake_challenge_0_untagged;
		k5_atype_spake_challenge_1;
		k5_atype_spake_challenge_1_untagged;
		k5_atype_spake_challenge_2;
		k5_atype_spake_challenge_2_untagged;
		k5_atype_spake_factor;
		k5_atype_spake_factor_0;
		k5_atype_spake_factor_0_untagged;
		k5_atype_spake_factor_1;
		k5_atype_spake_factor_1_untagged;
		k5_atype_spake_factor_ptr;
		k5_atype_spake_response;
		k5_atype_spake_response_0;
		k5_atype_spake_response_0_untagged;
		k5_atype_spake_response_1;
		k5_atype_spake_response_1_untagged;
		k5_atype_spake_support;
		k5_atype_spake_support_0;
		k5_atype_spake_support_0_untagged;
		k5_atype_supp_pub_0;
		k5_atype_supp_pub_0_untagged;
		k5_atype_supp_pub_1;
		k5_atype_supp_pub_1_untagged;
		k5_atype_supp_pub_2;
		k5_atype_supp_pub_2_untagged;
		k5_atype_supported_kdfs;
		k5_atype_tgs_rep;
		k5_atype_tgs_req;
		k5_atype_tgs_req_2;
		k5_atype_tgs_req_encode;
		k5_atype_tgs_req_msg_type;
		k5_atype_ticket;
		k5_atype_ticket_0;
		k5_atype_ticket_1;
		k5_atype_ticket_1_untagged;
		k5_atype_ticket_2;
		k5_atype_ticket_2_untagged;
		k5_atype_ticket_3;
		k5_atype_ticket_3_untagged;
		k5_atype_ticket_ptr;
		k5_atype_tokinfo_0;
		k5_atype_tokinfo_0_untagged;
		k5_atype_tokinfo_1;
		k5_atype_tokinfo_1_untagged;
		k5_atype_tokinfo_2;
		k5_atype_tokinfo_2_untagged;
		k5_atype_tokinfo_3;
		k5_atype_tokinfo_3_untagged;
		k5_atype_tokinfo_4;
		k5_atype_tokinfo_4_untagged;
		k5_atype_tokinfo_5;
		k5_atype_tokinfo_5_untagged;
		k5_atype_tokinfo_6;
		k5_atype_tokinfo_6_untagged;
		k5_atype_tokinfo_7;
		k5_atype_tokinfo_7_untagged;
		k5_atype_tokinfo_8;
		k5_atype_tokinfo_8_untagged;
		k5_atype_transited;
		k5_atype_transited_0;
		k5_atype_transited_0_untagged;
		k5_atype_transited_1;
		k5_atype_transited_1_untagged;
		k5_atype_typed_data;
		k5_atype_typed_data_0;
		k5_atype_typed_data_0_untagged;
		k5_atype_typed_data_1;
		k5_atype_typed_data_1_untagged;
		k5_atype_typed_data_ptr;
		k5_atype_untagged_ap_rep;
		k5_atype_untagged_ap_rep_enc_part;
		k5_atype_untagged_ap_req;
		k5_atype_untagged_as_req;
		k5_atype_untagged_authenticator;
		k5_atype_untagged_cred;
		k5_atype_untagged_enc_cred_part;
		k5_atype_untagged_enc_tkt_part;
		k5_atype_untagged_krb5_error;
		k5_atype_untagged_priv;
		k5_atype_untagged_priv_enc_part;
		k5_atype_untagged_safe;
		k5_atype_untagged_safe_with_body;
		k5_atype_untagged_tgs_req;
		k5_atype_untagged_ticket;
		k5_atype_utf8_data;
		k5_atype_utf8_data_ptr;
		k5_atype_vmac;
		k5_atype_vmac_0;
		k5_atype_vmac_0_untagged;
		k5_atype_vmac_1;
		k5_atype_vmac_1_untagged;
		k5_atype_vmac_2;
		k5_atype_vmac_2_untagged;
		k5_atype_vmac_3;
		k5_atype_vmac_3_untagged;
		k5_atype_vmac_ptr;
		k5_atype_vmacs;
		k5_atype_vmacs_ptr;
		k5_authind_ad_client_ftable;
		k5_canonprinc;
		k5_cc_lock;
		k5_cc_mutex_assert_locked;
		k5_cc_mutex_assert_unlocked;
		k5_cc_mutex_finish_init;
		k5_cc_mutex_force_unlock;
		k5_cc_mutex_init;
		k5_cc_mutex_lock;
		k5_cc_mutex_unlock;
		k5_cc_retrieve_cred_default;
		k5_cc_unlock;
		k5_cccol_force_unlock;
		k5_cccol_lock;
		k5_cccol_unlock;
		k5_client_realm_path;
		k5_cntype_cseqof_authdata_elt_type;
		k5_cntype_cseqof_gstring_data;
		k5_cntype_cseqof_int32;
		k5_cntype_generalstring;
		k5_cntype_object_identifier;
		k5_cntype_octetstring;
		k5_cntype_pa_pk_as_rep_choice;
		k5_cntype_pa_spake_choice;
		k5_cntype_s_bitstring;
		k5_cntype_s_octetstring;
		k5_cntype_u_generalstring;
		k5_cntype_utf8string;
		k5_copy_creds_contents;
		k5_copy_etypes;
		k5_count_etypes;
		k5_create_secure_file;
		k5_encrypt_keyhelper;
		k5_externalize_address;
		k5_externalize_authenticator;
		k5_externalize_checksum;
		k5_free_preauth_context;
		k5_generate_and_save_subkey;
		k5_generate_nonce;
		k5_get_cached_cred;
		k5_get_etype_info;
		k5_get_init_creds;
		k5_get_proxy_cred_from_kdc;
		k5_gic_opt_get_expire_cb;
		k5_gic_opt_get_fast_ccache_name;
		k5_gic_opt_get_fast_flags;
		k5_gic_opt_get_in_ccache;
		k5_gic_opt_get_out_ccache;
		k5_gic_opt_get_responder;
		k5_gic_opt_pac_request;
		k5_gic_opt_shallow_copy;
		k5_identify_realm;
		k5_infer_principal_type;
		k5_init_creds_current_time;
		k5_init_creds_get;
		k5_init_preauth_context;
		k5_internalize_address;
		k5_internalize_authenticator;
		k5_internalize_checksum;
		k5_is_numeric_address;
		k5_kcm_primary_name;
		k5_kdclist_add;
		k5_kdclist_any_replicas;
		k5_kdclist_create;
		k5_kdclist_free;
		k5_kt_client_default_name;
		k5_locate_server;
		k5_make_realmlist;
		k5_make_tgs_req;
		k5_make_uri_query;
		k5_marshal_mcred;
		k5_memrcache_create;
		k5_memrcache_free;
		k5_memrcache_store;
		k5_mspac_ad_client_ftable;
		k5_nonatomic_replace;
		k5_os_hostaddr;
		k5_pac_add_buffer;
		k5_pac_locate_buffer;
		k5_pac_should_have_ticket_signature;
		k5_pac_validate_client;
		k5_plugin_free_context;
		k5_populate_gic_opt;
		k5_preauth;
		k5_preauth_check_context;
		k5_preauth_note_failed;
		k5_preauth_prepare_request;
		k5_preauth_request_context_fini;
		k5_preauth_request_context_init;
		k5_preauth_tryagain;
		k5_primary_domain;
		k5_privsafe_check_addrs;
		k5_privsafe_check_replay;
		k5_privsafe_check_seqnum;
		k5_privsafe_gen_addrs;
		k5_privsafe_gen_rdata;
		k5_rc_default;
		k5_rc_dfl_ops;
		k5_rc_file2_ops;
		k5_rc_none_ops;
		k5_rc_tag_from_ciphertext;
		k5_rcfile2_store;
		k5_response_items_ask_question;
		k5_response_items_empty;
		k5_response_items_free;
		k5_response_items_get_answer;
		k5_response_items_get_challenge;
		k5_response_items_list_questions;
		k5_response_items_new;
		k5_response_items_reset;
		k5_response_items_set_answer;
		k5_restore_ctx_error;
		k5_save_ctx_error;
		k5_seconds_since_1970_to_time;
		k5_sendto;
		k5_sendto_kdc;
		k5_set_prompt_types;
		k5_size_address;
		k5_size_authenticator;
		k5_size_checksum;
		k5_sname_wildcard_host;
		k5_sync_disk_file;
		k5_time_with_offset;
		k5_try_realm_txt_rr;
		k5_upgrade_to_fast_p;
		k5_us_timeofday;
		k5_utf8_validate;
		k5_write_messages;
		krb5_auth_con_get_subkey_enctype;
		krb5_brand;
		krb5_cc_get_flags;
		krb5_dcc_ops;
		krb5_free_fast_armor;
		krb5_free_fast_finished;
		krb5_free_s4u_userid_contents;
		krb5_generate_subkey_extended;
		krb5_get_as_key_password;
		krb5_get_cred_via_tkt_ext;
		krb5_kcm_ops;
		krb5_krcc_ops;
		krb5_mkt_add;
		krb5_mkt_close;
		krb5_mkt_end_get;
		krb5_mkt_get_entry;
		krb5_mkt_get_name;
		krb5_mkt_get_next;
		krb5_mkt_ops;
		krb5_mkt_remove;
		krb5_mkt_resolve;
		krb5_mkt_start_seq_get;
		krb5_preauth_supply_preauth_data;
		krb5int_authdata_verify;
		krb5int_cc_creds_match_request;
		krb5int_cc_file_mutex;
		krb5int_cc_finalize;
		krb5int_cc_initialize;
		krb5int_cc_typecursor_free;
		krb5int_cc_typecursor_new;
		krb5int_cc_typecursor_next;
		krb5int_cc_user_set_default_name;
		krb5int_copy_authdatum;
		krb5int_decode_tgs_rep;
		krb5int_dns_expand;
		krb5int_dns_fini;
		krb5int_dns_init;
		krb5int_dns_nextans;
		krb5int_fast_as_armor;
		krb5int_fast_free_state;
		krb5int_fast_make_state;
		krb5int_fast_prep_req;
		krb5int_fast_prep_req_body;
		krb5int_fast_process_error;
		krb5int_fast_process_response;
		krb5int_fast_reply_key;
		krb5int_fast_tgs_armor;
		krb5int_fast_verify_nego;
		krb5int_fcc_new_unique;
		krb5int_free_srv_dns_data;
		krb5int_get_fq_local_hostname;
		krb5int_kt_finalize;
		krb5int_kt_initialize;
		krb5int_libdefault_boolean;
		krb5int_libdefault_string;
		krb5int_make_srv_query_realm;
		krb5int_mcc_mutex;
		krb5int_mk_chpw_req;
		krb5int_mk_setpw_req;
		krb5int_mkt_finalize;
		krb5int_mkt_initialize;
		krb5int_net_writev;
		krb5int_process_tgs_reply;
		krb5int_rd_chpw_rep;
		krb5int_us_time_mutex;
		krb5int_utf8_normcmp;
		krb5int_validate_times;
		localauth_an2ln_initvt;
		localauth_k5login_initvt;
		localauth_names_initvt;
		localauth_rule_initvt;
		profile_abandon;
		profile_add_node;
		profile_close_file;
		profile_copy;
		profile_copy_file;
		profile_copy_node;
		profile_create_node;
		profile_dereference_data;
		profile_dereference_data_locked;
		profile_file_is_writable;
		profile_find_node;
		profile_find_node_relation;
		profile_find_node_subsection;
		profile_flush;
		profile_flush_file_data;
		profile_flush_file_data_to_buffer;
		profile_flush_file_data_to_file;
		profile_flush_to_buffer;
		profile_flush_to_file;
		profile_free_buffer;
		profile_free_file;
		profile_free_list;
		profile_free_node;
		profile_get_boolean;
		profile_get_integer;
		profile_get_node_name;
		profile_get_node_parent;
		profile_get_node_value;
		profile_get_relation_names;
		profile_get_string;
		profile_get_subsection_names;
		profile_get_value;
		profile_get_values;
		profile_init;
		profile_init_flags;
		profile_init_path;
		profile_init_vtable;
		profile_is_modified;
		profile_is_node_final;
		profile_is_writable;
		profile_iterator;
		profile_iterator_create;
		profile_iterator_free;
		profile_lock_global;
		profile_make_node_final;
		profile_make_prf_data;
		profile_node_iterator;
		profile_node_iterator_create;
		profile_node_iterator_free;
		profile_open_file;
		profile_open_memory;
		profile_parse_file;
		profile_process_directory;
		profile_release;
		profile_release_string;
		profile_remove_node;
		profile_rename_node;
		profile_ser_externalize;
		profile_ser_internalize;
		profile_ser_size;
		profile_set_relation_value;
		profile_unlock_global;
		profile_update_file_data;
		profile_update_file_data_locked;
		profile_verify_node;
		profile_write_tree_file;
		profile_write_tree_to_buffer;
		uccanoncomp;
		uccanondecomp;
		uccombining_class;
		uccomp;
		uccomp_hangul;
		uccompatdecomp;
		ucdata_load;
		ucdata_reload;
		ucdata_unload;
		ucdecomp;
		ucdecomp_hangul;
		ucdigit_lookup;
		ucgetdigit;
		ucgetnumber;
		ucisprop;
		uckdecomp;
		ucnumber_lookup;
		uctolower;
		uctotitle;
		uctoupper;
};
HIDDEN { local: __*; _rest*; _save*; *; };
