MVP MP Macro Assembler     Version 1.13     Mon Feb 10 17:00:49 1997
Copyright (c) 1993-1995    Texas Instruments Incorporated 

ccode.s                                                              PAGE    1

        1                     ;; Test that all the predefined symbol names for the condition
        2                     ;; codes are properly accepted and translated to numeric values.
        3                     ;;  Also verifies that they are disassembled correctly as symbolics.
        4                     
        5 00000000   0179A007         bcnd.a  r7,r5,nev.b             ; 00000
        6 00000004   0979A007         bcnd.a  r7,r5,gt0.b             ; 00001
        7 00000008   1179A007         bcnd.a  r7,r5,eq0.b             ; 00010
        8 0000000C   1979A007         bcnd.a  r7,r5,ge0.b             ; 00011
        9 00000010   2179A007         bcnd.a  r7,r5,lt0.b             ; 00100
       10 00000014   2979A007         bcnd.a  r7,r5,ne0.b             ; 00101
       11 00000018   3179A007         bcnd.a  r7,r5,le0.b             ; 00110
       12 0000001C   3979A007         bcnd.a  r7,r5,alw.b             ; 00111
       13                     
       14 00000020   4179A007         bcnd.a  r7,r5,nev.h             ; 01000
       15 00000024   4979A007         bcnd.a  r7,r5,gt0.h             ; 01001
       16 00000028   5179A007         bcnd.a  r7,r5,eq0.h             ; 01010
       17 0000002C   5979A007         bcnd.a  r7,r5,ge0.h             ; 01011
       18 00000030   6179A007         bcnd.a  r7,r5,lt0.h             ; 01100
       19 00000034   6979A007         bcnd.a  r7,r5,ne0.h             ; 01101
       20 00000038   7179A007         bcnd.a  r7,r5,le0.h             ; 01110
       21 0000003C   7979A007         bcnd.a  r7,r5,alw.h             ; 01111
       22                     
       23 00000040   8179A007         bcnd.a  r7,r5,nev.w             ; 10000
       24 00000044   8979A007         bcnd.a  r7,r5,gt0.w             ; 10001
       25 00000048   9179A007         bcnd.a  r7,r5,eq0.w             ; 10010
       26 0000004C   9979A007         bcnd.a  r7,r5,ge0.w             ; 10011
       27 00000050   A179A007         bcnd.a  r7,r5,lt0.w             ; 10100
       28 00000054   A979A007         bcnd.a  r7,r5,ne0.w             ; 10101
       29 00000058   B179A007         bcnd.a  r7,r5,le0.w             ; 10110
       30 0000005C   B979A007         bcnd.a  r7,r5,alw.w             ; 10111

 No Errors,  No Warnings
