MVP MP Macro Assembler     Version 1.13     Wed Feb 26 14:32:14 1997
Copyright (c) 1993-1995    Texas Instruments Incorporated 

regops2.s                                                            PAGE    1

        1 00000000   02B78008         dcachec r8(r10:m)               ; Register form (modified)
        2 00000004   029E0004         dcachec 4(r10:m)                ; Short Immediate form (positive offset) (modified)
        3 00000008   029E7FFC         dcachec -4(r10:m)               ; Short Immediate form (negative offset) (modified)
        4 0000000C   02B79000         dcachec 0x12345678(r10:m)       ; Long Immediate form (positive offset) (modified)
          00000010   12345678 
        5 00000014   02B79000         dcachec 0xDEADBEEF(r10:m)       ; Long Immediate form (negative offset) (modified)
          00000018   DEADBEEF 
        6 0000001C   0AB78008         dcachef r8(r10:m)               ; Register form (modified)
        7 00000020   0A9E0004         dcachef 4(r10:m)                ; Short Immediate form (positive offset) (modified)
        8 00000024   0A9E7FFC         dcachef -4(r10:m)               ; Short Immediate form (negative offset) (modified)
        9 00000028   0AB79000         dcachef 0x12345678(r10:m)       ; Long Immediate form (positive offset) (modified)
          0000002C   12345678 
       10 00000030   0AB79000         dcachef 0xDEADBEEF(r10:m)       ; Long Immediate form (negative offset) (modified)
          00000034   DEADBEEF 
       11 00000038   41B48404         dld.b   r4(r6:m),r8             ; Register form
       12 0000003C   41B4A404         dld.h   r4(r6:m),r8             ; Register form
       13 00000040   41B4C404         dld     r4(r6:m),r8             ; Register form
       14 00000044   41B4E404         dld.d   r4(r6:m),r8             ; Register form
       15 00000048   41B49400         dld.b   0xE0000000(r6:m),r8     ; Long Immediate form
          0000004C   E0000000 
       16 00000050   41B4B400         dld.h   0xE0000000(r6:m),r8     ; Long Immediate form
          00000054   E0000000 
       17 00000058   41B4D400         dld     0xE0000000(r6:m),r8     ; Long Immediate form
          0000005C   E0000000 
       18 00000060   41B4F400         dld.d   0xE0000000(r6:m),r8     ; Long Immediate form
          00000064   E0000000 
       19 00000068   41B58404         dld.ub  r4(r6:m),r8             ; Register form
       20 0000006C   41B5A404         dld.uh  r4(r6:m),r8             ; Register form
       21 00000070   41B59400         dld.ub  0xE0000000(r6:m),r8     ; Long Immediate form
          00000074   E0000000 
       22 00000078   41B5B400         dld.uh  0xE0000000(r6:m),r8     ; Long Immediate form
          0000007C   E0000000 
       23 00000080   41B68404         dst.b   r4(r6:m),r8             ; Register form
       24 00000084   41B6A404         dst.h   r4(r6:m),r8             ; Register form
       25 00000088   41B6C404         dst     r4(r6:m),r8             ; Register form
       26 0000008C   41B6E404         dst.d   r4(r6:m),r8             ; Register form
       27 00000090   41B69400         dst.b   0xE0000000(r6:m),r8     ; Long Immediate form
          00000094   E0000000 
       28 00000098   41B6B400         dst.h   0xE0000000(r6:m),r8     ; Long Immediate form
          0000009C   E0000000 
       29 000000A0   41B6D400         dst     0xE0000000(r6:m),r8     ; Long Immediate form
          000000A4   E0000000 
       30 000000A8   41B6F400         dst.d   0xE0000000(r6:m),r8     ; Long Immediate form
          000000AC   E0000000 
       31 000000B0   41B48004         ld.b    r4(r6:m),r8             ; Register form
       32 000000B4   41B4A004         ld.h    r4(r6:m),r8             ; Register form
       33 000000B8   41B4C004         ld      r4(r6:m),r8             ; Register form
       34 000000BC   41B4E004         ld.d    r4(r6:m),r8             ; Register form
       35 000000C0   41927FF0         ld.b    -16(r6:m),r8            ; Short Immediate form
       36 000000C4   4192FFF0         ld.h    -16(r6:m),r8            ; Short Immediate form
       37 000000C8   41937FF0         ld      -16(r6:m),r8            ; Short Immediate form
       38 000000CC   4193FFF0         ld.d    -16(r6:m),r8            ; Short Immediate form
       39 000000D0   41B49000         ld.b    0xE0000000(r6:m),r8     ; Long Immediate form
          000000D4   E0000000 
       40 000000D8   41B4B000         ld.h    0xE0000000(r6:m),r8     ; Long Immediate form
MVP MP Macro Assembler     Version 1.13     Wed Feb 26 14:32:14 1997
Copyright (c) 1993-1995    Texas Instruments Incorporated 

regops2.s                                                            PAGE    2

          000000DC   E0000000 
       41 000000E0   41B4D000         ld      0xE0000000(r6:m),r8     ; Long Immediate form
          000000E4   E0000000 
       42 000000E8   41B4F000         ld.d    0xE0000000(r6:m),r8     ; Long Immediate form
          000000EC   E0000000 
       43 000000F0   41B58004         ld.ub   r4(r6:m),r8             ; Register form
       44 000000F4   41B5A004         ld.uh   r4(r6:m),r8             ; Register form
       45 000000F8   41967FF0         ld.ub   -16(r6:m),r8            ; Short Immediate form
       46 000000FC   4196FFF0         ld.uh   -16(r6:m),r8            ; Short Immediate form
       47 00000100   41B59000         ld.ub   0xE0000000(r6:m),r8     ; Long Immediate form
          00000104   E0000000 
       48 00000108   41B5B000         ld.uh   0xE0000000(r6:m),r8     ; Long Immediate form
          0000010C   E0000000 
       49 00000110   41B68004         st.b    r4(r6:m),r8             ; Register form
       50 00000114   41B6A004         st.h    r4(r6:m),r8             ; Register form
       51 00000118   41B6C004         st      r4(r6:m),r8             ; Register form
       52 0000011C   41B6E004         st.d    r4(r6:m),r8             ; Register form
       53 00000120   419A7F00         st.b    -256(r6:m),r8           ; Short Immediate form
       54 00000124   419AFF00         st.h    -256(r6:m),r8           ; Short Immediate form
       55 00000128   419B7F00         st      -256(r6:m),r8           ; Short Immediate form
       56 0000012C   419BFF00         st.d    -256(r6:m),r8           ; Short Immediate form
       57 00000130   41B69000         st.b    0xE0000000(r6:m),r8     ; Long Immediate form
          00000134   E0000000 
       58 00000138   41B6B000         st.h    0xE0000000(r6:m),r8     ; Long Immediate form
          0000013C   E0000000 
       59 00000140   41B6D000         st      0xE0000000(r6:m),r8     ; Long Immediate form
          00000144   E0000000 
       60 00000148   41B6F000         st.d    0xE0000000(r6:m),r8     ; Long Immediate form
          0000014C   E0000000 

 No Errors,  No Warnings
