# Map for the AMSFonts 2.0 msam font using TeX names.
# Contributed by Zdzislaw Meglicki (Zdzislaw.Meglicki@arp.anu.edu.au).
0	boxdot
1	boxplus
2	boxtimes
3	square
4	blacksquare
5	centerdot
6	lozenge lz
7	blacklozenge
8	circlearrowright
9	circlearrowleft
10	rightleftharpoons
11	leftrightharpoons
12	boxminus
13	Vdash
14	Vvdash
15	vDash
16	twoheadrightarrow
17	twoheadleftarrow
18	leftleftarrows
19	rightrightarrows
20	upuparrows
21	downdownarrows
22	upharpoonright
23	downharpoonright
24	upharpoonleft
25	downharpoonleft
26	rightarrowtail
27	leftarrowtail
28	leftrightarrows
29	rightleftarrows
30	Lsh
31	Rsh
32	rightsquigarrow
33	leftrightsquigarrow
34	looparrowleft
35	looparrowright
36	circeq
37	succsim
38	gtrsim
39	gtrapprox
40	multimap
41	therefore tf 3d
42	because
43	doteqdot
44	triangleq
45	precsim
46	lesssim
47	lessapprox
48	eqslantless
49	eqslantgtr
50	curlyeqprec
51	curlyeqsucc
52	preccurlyeq
53	leqq
54	leqslant
55	lessgtr
56	backprime
58	risingdotseq
59	fallingdotseq
60	succcurlyeq
61	geqq
62	geqslant
63	gtrless
64	sqsubset
65	sqsupset
66	vartriangleright
67	vartriangleleft
68	trianglerighteq
69	trianglelefteq
70	bigstar
71	between
72	blacktriangledown
73	blacktriangleright
74	blacktriangleleft
77	vartriangle
78	blacktriangle
79	triangledown
80	eqcirc
81	lesseqgtr
82	gtreqless
83	lesseqqgtr
84	gtreqqless
85	yen Ye
86	Rrightarrow
87	Lleftarrow
88	checkmark OK
89	veebar
90	barwedge
91	doublebarwedge
92	angle /_
93	measuredangle
94	sphericalangle
95	varpropto
96	smallsmile
97	smallfrown
98	Subset
99	Supset
100	Cup
101	Cap
102	curlywedge
103	curlyvee
104	leftthreetimes
105	rightthreetimes
106	subseteqq
107	supseteqq
108	bumpeq
109	Bumpeq
110	lll
111	ggg
112	ulcorner
113	urcorner
114	circledR rg
115	circledS
116	pitchfork
117	dotplus
118	backsim
119	backsimeq
120	llcorner
121	lrcorner
122	maltese
123	complement
124	intercal
125	circledcirc
126	circledast
127	circleddash
