# Map for the AMSFonts 2.0 msbm font using TeX names.
# Contributed by Zdzislaw Meglicki (Zdzislaw.Meglicki@arp.anu.edu.au).
0	lvertneqq
1	gvertneqq
2	nleq
3	ngeq
4	nless
5	ngtr
6	nprec
7	nsucc
8	lneqq
9	gneqq
10	nleqslant
11	ngeqslant
12	lneq
13	gneq
14	npreceq
15	nsucceq
16	precnsim
17	succnsim
18	lnsim
19	gnsim
20	nleqq
21	ngeqq
22	precneqq
23	succneqq
24	precnapprox
25	succnapprox
26	lnapprox
27	gnapprox
28	nsim
29	ncong
30	diagup
31	diagdown
32	varsubsetneq
33	varsupsetneq
34	nsubseteqq
35	nsupseteqq
36	subsetneqq
37	supsetneqq
38	varsubsetneqq
39	varsupsetneqq
40	subsetneq
41	supsetneq
42	nsubseteq
43	nsupseteq
44	nparallel
45	nmid
46	nshortmid
47	nshortparallel
48	nvdash
49	nVdash
50	nvDash
51	nVDash
52	ntrianglerighteq
53	ntrianglelefteq
54	ntriangleleft
55	ntriangleright
56	nleftarrow
57	nrightarrow
58	nLeftarrow
59	nRightarrow
60	nLeftrightarrow
61	nleftrightarrow
62	divideontimes
63	varnothing
64	nexists
65	BbbA
66	BbbB
67	BbbC
68	BbbD
69	BbbE
70	BbbF
71	BbbG
72	BbbH
73	BbbI
74	BbbJ
75	BbbK
76	BbbL
77	BbbM
78	BbbN
79	BbbO
80	BbbP
81	BbbQ
82	BbbR
83	BbbS
84	BbbT
85	BbbU
86	BbbV
87	BbbW
88	BbbX
89	BbbY
90	BbbZ
96	Finv
97	Game
102	mho
103	eth
104	eqsim
105	beth
106	gimel
107	daleth
108	lessdot
109	gtrdot
110	ltimes
111	rtimes
112	shortmid
113	shortparallel
114	smallsetminus
115	thicksim
116	thickapprox
117	approxeq
118	succapprox
119	precapprox
120	curvearrowleft
121	curvearrowright
122	digamma
123	varkappa
124	Bbbk
125	hslash
126	hbar -h
127	backepsilon
