0 parenleft0
1 parenright0
2 bracketleft0
3 bracketright0
4 floorleft0
5 floorright0
6 ceilingleft0
7 ceilingright0
8 braceleft0
9 braceright0
10 angleleft0
11 angleright0
12 barex
13 bardblex
14 slash0
15 backslash0
16 parenleft1
17 parenright1
18 parenleft2
19 parenright2
20 bracketleft2
21 bracketright2
22 floorleft2
23 floorright2
24 ceilingleft2
25 ceilingright2
26 braceleft2
27 braceright2
28 angleleft2
29 angleright2
30 slash2
31 backslash2
32 parenleft3
33 parenright3
34 bracketleft3
35 bracketright3
36 floorleft3
37 floorright3
38 ceilingleft3
39 ceilingright3
40 braceleft3
41 braceright3
42 angleleft3
43 angleright3
44 slash3
45 backslash3
46 slash1
47 backslash1
48 parenlefttp
49 parenrighttp
50 bracketlefttp
51 bracketrighttp
52 bracketleftbt
53 bracketrightbt
54 bracketleftex
55 bracketrightex
56 bracelefttp lt
57 bracerighttp rt
58 braceleftbt lb
59 bracerightbt rb
60 braceleftmid lk
61 bracerightmid rk
62 braceex bracerightex braceleftex
63 arrowvertex
64 parenleftbt
65 parenrightbt
66 parenleftex
67 parenrightex
68 angleleft1
69 angleright1
73 ois ointegral
75 bigcircledot
77 bigcircleplus
79 bigcirclemultiply
88 sum
89 product
90 integral
91 bigunion
92 bigintersection
93 bigunionplus
94 biglogicaland
95 biglogicalor
97 coproduct
104 bracketleft1
105 bracketright1
106 floorleft1
107 floorright1
108 ceilingleft1
109 ceilingright1
110 braceleft1
111 braceright1
112 sqrt0
113 sqrt1
114 sqrt2
115 sqrt3
119 arrowvertdblex 
120 arrowverttp 
121 arrowvertbt
126 arrowvertdbltp
127 arrowvertdblbt
