/*
 * $FreeBSD$
 */

/*
 * This only needs to contain symbols that are not listed in
 * symbol maps from other parts of libc (i.e., not found in
 * stdlib/Symbol.map, string/Symbol.map, sys/Symbol.map, ...).
 */
FBSD_1.0 {
	/* PSEUDO syscalls */
	_exit;

	_setjmp;
	_longjmp;
	alloca;
	fabs;
	__infinity;
	__nan;
	makecontext;
	setjmp;
	longjmp;
	sigsetjmp;
	siglongjmp;
	htonl;
	htons;
	ntohl;
	ntohs;
	vfork;
	brk;
	cerror;		/* XXX - Should this be .cerror (see sys/cerror.S)? */
	sbrk;
};

FBSDprivate_1.0 {
	/* PSEUDO syscalls */
	__sys_getlogin;
	_getlogin;
	__sys_exit;

	_set_tp;
	___longjmp;
	__umodsi3;
	__modsi3;
	__udivsi3;
	__divsi3;
	__makecontext;
	__longjmp;
	signalcontext;
	_signalcontext;
	__siglongjmp;
	__sys_vfork;
	_vfork;
	_end;
	__curbrk;
	minbrk;
	_brk;
	_sbrk;

	/* softfloat */
	__addsf3;
	__adddf3;
	__subsf3;
	__subdf3;
	__mulsf3;
	__muldf3;
	__divsf3;
	__divdf3;
	__floatsisf;
	__floatsidf;
	__fixsfsi;
	__fixdfsi;
	__fixunssfsi;
	__fixunsdfsi;
	__extendsfdf2;
	__truncdfsf2;
};
