/*
 * $FreeBSD$
 */

FBSD_1.0 {
	_Exit;
	a64l;
	abort;
	abs;
	atexit;
	__cxa_atexit;
	__cxa_finalize;
	atof;
	atoi;
	atol;
	atoll;
	bsearch;
	div;
	__isthreaded;
	exit;
	getenv;
	opterr;
	optind;
	optopt;
	optreset;
	optarg;
	getopt;
	getopt_long;
	getopt_long_only;
	suboptarg;
	getsubopt;
	grantpt;
	ptsname;
	unlockpt;
	hcreate;
	hdestroy;
	hsearch;
	heapsort;
	imaxabs;
	imaxdiv;
	insque;
	l64a;
	l64a_r;
	labs;
	ldiv;
	llabs;
	lldiv;
	lsearch;
	lfind;
	_malloc_options;
	_malloc_message;
	malloc;
	posix_memalign;
	calloc;
	realloc;
	free;
	malloc_usable_size;
	mergesort;
	putenv;
	qsort_r;
	qsort;
	radixsort;
	sradixsort;
	rand_r;
	rand;
	srand;
	sranddev;
	srandom;
	srandomdev;
	initstate;
	setstate;
	random;
	reallocf;
	realpath;
	remque;
	setenv;
	unsetenv;
	strfmon;
	strtoimax;
	strtol;
	strtoll;
	strtonum;
	strtoq;
	strtoul;
	strtoull;
	strtoumax;
	strtouq;
	system;
	tdelete;
	tfind;
	tsearch;
	twalk;
};

FBSDprivate_1.0 {
	_malloc_prefork;
	_malloc_postfork;
	__system;
	_system;
};
