/*-
 * Copyright (c) 1988, 1993
 *	The Regents of the University of California.  All rights reserved.
 *
 * Redistribution and use in source and binary forms, with or without
 * modification, are permitted provided that the following conditions
 * are met:
 * 1. Redistributions of source code must retain the above copyright
 *    notice, this list of conditions and the following disclaimer.
 * 2. Redistributions in binary form must reproduce the above copyright
 *    notice, this list of conditions and the following disclaimer in the
 *    documentation and/or other materials provided with the distribution.
 * 3. All advertising materials mentioning features or use of this software
 *    must display the following acknowledgement:
 *	This product includes software developed by the University of
 *	California, Berkeley and its contributors.
 * 4. Neither the name of the University nor the names of its contributors
 *    may be used to endorse or promote products derived from this software
 *    without specific prior written permission.
 *
 * THIS SOFTWARE IS PROVIDED BY THE REGENTS AND CONTRIBUTORS ``AS IS'' AND
 * ANY EXPRESS OR IMPLIED WARRANTIES, INCLUDING, BUT NOT LIMITED TO, THE
 * IMPLIED WARRANTIES OF MERCHANTABILITY AND FITNESS FOR A PARTICULAR PURPOSE
 * ARE DISCLAIMED.  IN NO EVENT SHALL THE REGENTS OR CONTRIBUTORS BE LIABLE
 * FOR ANY DIRECT, INDIRECT, INCIDENTAL, SPECIAL, EXEMPLARY, OR CONSEQUENTIAL
 * DAMAGES (INCLUDING, BUT NOT LIMITED TO, PROCUREMENT OF SUBSTITUTE GOODS
 * OR SERVICES; LOSS OF USE, DATA, OR PROFITS; OR BUSINESS INTERRUPTION)
 * HOWEVER CAUSED AND ON ANY THEORY OF LIABILITY, WHETHER IN CONTRACT, STRICT
 * LIABILITY, OR TORT (INCLUDING NEGLIGENCE OR OTHERWISE) ARISING IN ANY WAY
 * OUT OF THE USE OF THIS SOFTWARE, EVEN IF ADVISED OF THE POSSIBILITY OF
 * SUCH DAMAGE.
 *
 *	@(#)default.map	8.1 (Berkeley) 6/6/93
 */

/* default.map3270:  This file is the system default for the key sequence
 * if neither the user's TERM nor "unknown" are found in either of
 * MAP3270 or /usr/share/misc/map3270.
 *
 *
 */
#if	defined(MSDOS)
"tn3270pc{",
"  ENTER='^M';CLEAR='^Z'|'^Aw';NL='^N'|'^AO';TAB='^I';DP='^U';FM='^Y';",
"  BTAB='^B'|'^[^I'|'^A^O';LEFT='^H'|'^AK';RIGHT='^L'|'^AM';UP='^K'|'^AH';",
"  DOWN='^J'|'^AP';HOME='^^'|'^AG';DELETE='^AS'|'^D';EINP='^W';FLINP='^X';",
"  EEOF='^E'|'^Au';WERASE='^As';FERASE='^At';INSRT='^[ '|'^AR';CURSEL='^[.';",
"  PFK1='^A;'|'^F01'|'^[1'|'^Ax';PFK2='^A<'|'^F02'|'^[2'|'^Ay';SETTAB='^[;';",
"  PFK3='^A='|'^F03'|'^[3'|'^Az';CLRTAB='^[+'|'^[:';SETMRG='^[(';",
"  PFK4='^A>'|'^F04'|'^[4'|'^A{';PFK5='^A?'|'^F05'|'^[5'|'^A|';",
"  PFK6='^A@'|'^F06'|'^[6'|'^A}';PFK7='^AA'|'^AI'|'^F07'|'^[7'|'^A~';",
"  PFK8='^AB'|'^AQ'|'^F08'|'^[8'|'^A^?';PFK9='^AC'|'^F09'|'^[9'|'^A^A^@';",
"  PFK10='^AD'|'^F10'|'^[0'|'^A^A^A';SETHOM='^[!';COLTAB='^[i'|'^[I';",
"  COLBAK='^[b'|'^[B';INDENT='^[l'|'^[L';UNDENT='^[h'|'^[H';",
"  PFK11='^AT'|'^F11'|'^[-'|'^A^A^B';PFK12='^AU'|'^F12'|'^A^A^C'|'^[=';",
"  PFK13='^AV'|'^F13';PFK14='^AW'|'^F14';PFK15='^AX'|'^F15';",
"  PFK16='^AY'|'^F16';",
"  PFK17='^AZ'|'^F17';PFK18='^A['|'^F18';PFK19='^A\\\\'|'^F19';",
"  PFK20='^A]'|'^F20';PFK21='^A\\^'|'^F21';PFK22='^A_'|'^F22';PA3='^Aj'|'^P3';",
"  PFK23='^A`'|'^F23';PFK24='^Aa'|'^F24';PA1='^Ah'|'^P1';PA2='^Ai'|'^P2';",
"  RESET='^T'|'^R'; ",
"  MASTER_RESET='^G';RESHOW='^V';DELTAB='^[\\\'';ESCAPE='^C';",
"}",
#else	/* defined(MSDOS) */
"generic { clear = '^z'; flinp = '^x'; enter = '^m'; delete = '^d' | '^?';",
"	synch = '^r'; reshow = '^v'; eeof = '^e'; tab = '^i';",
"	btab = '^b'; nl = '^n'; left = '^h'; right = '^l';",
"	up = '^k'; down = '^j'; einp = '^w'; reset = '^t';",
"	xoff = '^s'; xon = '^q'; escape = '^c'; ferase = '^u';",
"	insrt = '\\E ';",
"	pa1 = '^p1'; pa2 = '^p2'; pa3 = '^p3';",
"	pfk1 = '\\E1'; pfk2 = '\\E2'; pfk3 = '\\E3'; pfk4 = '\\E4';",
"	pfk5 = '\\E5'; pfk6 = '\\E6'; pfk7 = '\\E7'; pfk8 = '\\E8';",
"	pfk9 = '\\E9'; pfk10 = '\\E0'; pfk11 = '\\E-'; pfk12 = '\\E=';",
"	pfk13 = '\\E!'; pfk14 = '\\E@'; pfk15 = '\\E#'; pfk16 = '\\E$';",
"	pfk17 = '\\E%'; pfk18 = '\\E\\^'; pfk19 = '\\E&'; pfk20 = '\\E*';",
"	pfk21 = '\\E('; pfk22 = '\\E)'; pfk23 = '\\E_'; pfk24 = '\\E+';",
"}",
#endif	/* defined(MSDOS) */
